Component: ARM Compiler 5.06 update 5 (build 528) Tool: armlink [4d35e2]

==============================================================================

Section Cross References

    startup_stm32f446xx.o(STACK) refers (Special) to heapauxi.o(.text) for __use_two_region_memory
    startup_stm32f446xx.o(HEAP) refers (Special) to heapauxi.o(.text) for __use_two_region_memory
    startup_stm32f446xx.o(RESET) refers (Special) to heapauxi.o(.text) for __use_two_region_memory
    startup_stm32f446xx.o(RESET) refers to startup_stm32f446xx.o(STACK) for __initial_sp
    startup_stm32f446xx.o(RESET) refers to startup_stm32f446xx.o(.text) for Reset_Handler
    startup_stm32f446xx.o(RESET) refers to stm32f4xx_it.o(i.NMI_Handler) for NMI_Handler
    startup_stm32f446xx.o(RESET) refers to stm32f4xx_it.o(i.HardFault_Handler) for HardFault_Handler
    startup_stm32f446xx.o(RESET) refers to stm32f4xx_it.o(i.MemManage_Handler) for MemManage_Handler
    startup_stm32f446xx.o(RESET) refers to stm32f4xx_it.o(i.BusFault_Handler) for BusFault_Handler
    startup_stm32f446xx.o(RESET) refers to stm32f4xx_it.o(i.UsageFault_Handler) for UsageFault_Handler
    startup_stm32f446xx.o(RESET) refers to port.o(.emb_text) for SVC_Handler
    startup_stm32f446xx.o(RESET) refers to stm32f4xx_it.o(i.DebugMon_Handler) for DebugMon_Handler
    startup_stm32f446xx.o(RESET) refers to stm32f4xx_it.o(i.SysTick_Handler) for SysTick_Handler
    startup_stm32f446xx.o(RESET) refers to stm32f4xx_it.o(i.DMA1_Stream1_IRQHandler) for DMA1_Stream1_IRQHandler
    startup_stm32f446xx.o(RESET) refers to stm32f4xx_it.o(i.CAN1_RX0_IRQHandler) for CAN1_RX0_IRQHandler
    startup_stm32f446xx.o(RESET) refers to remote_control.o(i.USART3_IRQHandler) for USART3_IRQHandler
    startup_stm32f446xx.o(RESET) refers to stm32f4xx_it.o(i.UART5_IRQHandler) for UART5_IRQHandler
    startup_stm32f446xx.o(RESET) refers to stm32f4xx_it.o(i.DMA2_Stream7_IRQHandler) for DMA2_Stream7_IRQHandler
    startup_stm32f446xx.o(RESET) refers to stm32f4xx_it.o(i.USART6_IRQHandler) for USART6_IRQHandler
    startup_stm32f446xx.o(.text) refers (Special) to heapauxi.o(.text) for __use_two_region_memory
    startup_stm32f446xx.o(.text) refers to system_stm32f4xx.o(i.SystemInit) for SystemInit
    startup_stm32f446xx.o(.text) refers to __main.o(!!!main) for __main
    startup_stm32f446xx.o(.text) refers to startup_stm32f446xx.o(HEAP) for Heap_Mem
    startup_stm32f446xx.o(.text) refers to startup_stm32f446xx.o(STACK) for Stack_Mem
    main.o(i.SystemClock_Config) refers to rt_memclr_w.o(.text) for __aeabi_memclr4
    main.o(i.SystemClock_Config) refers to stm32f4xx_hal_rcc_ex.o(i.HAL_RCC_OscConfig) for HAL_RCC_OscConfig
    main.o(i.SystemClock_Config) refers to stm32f4xx_hal_rcc.o(i.HAL_RCC_ClockConfig) for HAL_RCC_ClockConfig
    main.o(i.main) refers to stm32f4xx_hal.o(i.HAL_Init) for HAL_Init
    main.o(i.main) refers to main.o(i.SystemClock_Config) for SystemClock_Config
    main.o(i.main) refers to gpio.o(i.MX_GPIO_Init) for MX_GPIO_Init
    main.o(i.main) refers to dma.o(i.MX_DMA_Init) for MX_DMA_Init
    main.o(i.main) refers to can.o(i.MX_CAN1_Init) for MX_CAN1_Init
    main.o(i.main) refers to can.o(i.MX_CAN2_Init) for MX_CAN2_Init
    main.o(i.main) refers to usart.o(i.MX_USART1_UART_Init) for MX_USART1_UART_Init
    main.o(i.main) refers to usart.o(i.MX_USART3_UART_Init) for MX_USART3_UART_Init
    main.o(i.main) refers to usart.o(i.MX_UART5_Init) for MX_UART5_Init
    main.o(i.main) refers to usart.o(i.MX_USART6_UART_Init) for MX_USART6_UART_Init
    main.o(i.main) refers to can_user.o(i.can_filter_init) for can_filter_init
    main.o(i.main) refers to uart_user.o(i.data_receive_IT) for data_receive_IT
    main.o(i.main) refers to remote_control.o(i.remote_control_init) for remote_control_init
    main.o(i.main) refers to freertos.o(i.MX_FREERTOS_Init) for MX_FREERTOS_Init
    main.o(i.main) refers to cmsis_os.o(i.osKernelStart) for osKernelStart
    gpio.o(i.MX_GPIO_Init) refers to rt_memclr_w.o(.text) for __aeabi_memclr4
    gpio.o(i.MX_GPIO_Init) refers to stm32f4xx_hal_gpio.o(i.HAL_GPIO_WritePin) for HAL_GPIO_WritePin
    gpio.o(i.MX_GPIO_Init) refers to stm32f4xx_hal_gpio.o(i.HAL_GPIO_Init) for HAL_GPIO_Init
    freertos.o(i.MX_FREERTOS_Init) refers to rt_memcpy_w.o(.text) for __aeabi_memcpy4
    freertos.o(i.MX_FREERTOS_Init) refers to cmsis_os.o(i.osThreadCreate) for osThreadCreate
    freertos.o(i.MX_FREERTOS_Init) refers to freertos.o(.constdata) for .constdata
    freertos.o(i.MX_FREERTOS_Init) refers to freertos.o(.data) for .data
    freertos.o(i.StartDefaultTask) refers to cmsis_os.o(i.osDelay) for osDelay
    freertos.o(i.vApplicationGetIdleTaskMemory) refers to freertos.o(.bss) for .bss
    freertos.o(.constdata) refers to freertos.o(.conststring) for .conststring
    freertos.o(.constdata) refers to freertos.o(i.StartDefaultTask) for StartDefaultTask
    freertos.o(.constdata) refers to arm_task.o(i.arm_task) for arm_task
[...]
    .ARM.Collect$$libshutdown$$00000004      0x08000242   Section        0  libshutdown2.o(.ARM.Collect$$libshutdown$$00000004)
    .ARM.Collect$$libshutdown$$00000007      0x08000242   Section        0  libshutdown2.o(.ARM.Collect$$libshutdown$$00000007)
    .ARM.Collect$$libshutdown$$0000000A      0x08000242   Section        0  libshutdown2.o(.ARM.Collect$$libshutdown$$0000000A)
    .ARM.Collect$$libshutdown$$0000000C      0x08000242   Section        0  libshutdown2.o(.ARM.Collect$$libshutdown$$0000000C)
    .ARM.Collect$$libshutdown$$0000000F      0x08000242   Section        0  libshutdown2.o(.ARM.Collect$$libshutdown$$0000000F)
    .ARM.Collect$$libshutdown$$00000010      0x08000242   Section        2  libshutdown2.o(.ARM.Collect$$libshutdown$$00000010)
    .ARM.Collect$$rtentry$$00000000          0x08000244   Section        0  __rtentry.o(.ARM.Collect$$rtentry$$00000000)
    .ARM.Collect$$rtentry$$00000002          0x08000244   Section        0  __rtentry2.o(.ARM.Collect$$rtentry$$00000002)
    .ARM.Collect$$rtentry$$00000004          0x08000244   Section        6  __rtentry4.o(.ARM.Collect$$rtentry$$00000004)
    .ARM.Collect$$rtentry$$00000009          0x0800024a   Section        0  __rtentry2.o(.ARM.Collect$$rtentry$$00000009)
    .ARM.Collect$$rtentry$$0000000A          0x0800024a   Section        4  __rtentry2.o(.ARM.Collect$$rtentry$$0000000A)
    .ARM.Collect$$rtentry$$0000000C          0x0800024e   Section        0  __rtentry2.o(.ARM.Collect$$rtentry$$0000000C)
    .ARM.Collect$$rtentry$$0000000D          0x0800024e   Section        8  __rtentry2.o(.ARM.Collect$$rtentry$$0000000D)
    .ARM.Collect$$rtexit$$00000000           0x08000256   Section        2  rtexit.o(.ARM.Collect$$rtexit$$00000000)
    .ARM.Collect$$rtexit$$00000002           0x08000258   Section        0  rtexit2.o(.ARM.Collect$$rtexit$$00000002)
    .ARM.Collect$$rtexit$$00000003           0x08000258   Section        4  rtexit2.o(.ARM.Collect$$rtexit$$00000003)
    .ARM.Collect$$rtexit$$00000004           0x0800025c   Section        6  rtexit2.o(.ARM.Collect$$rtexit$$00000004)
    .emb_text                                0x08000264   Section      190  port.o(.emb_text)
    $v0                                      0x08000264   Number         0  port.o(.emb_text)
    .text                                    0x08000324   Section       64  startup_stm32f446xx.o(.text)
    $v0                                      0x08000324   Number         0  startup_stm32f446xx.o(.text)
    .text                                    0x08000364   Section      238  lludivv7m.o(.text)
    .text                                    0x08000452   Section      100  rt_memcpy_w.o(.text)
    .text                                    0x080004b6   Section       78  rt_memclr_w.o(.text)
    .text                                    0x08000504   Section        0  heapauxi.o(.text)
    .text                                    0x0800050a   Section       74  sys_stackheap_outer.o(.text)
    .text                                    0x08000554   Section        0  exit.o(.text)
    .text                                    0x08000568   Section        8  libspace.o(.text)
    .text                                    0x08000570   Section        0  sys_exit.o(.text)
    .text                                    0x0800057c   Section        2  use_no_semi.o(.text)
    .text                                    0x0800057e   Section        0  indicate_semi.o(.text)
    i.BusFault_Handler                       0x0800057e   Section        0  stm32f4xx_it.o(i.BusFault_Handler)
    i.CAN1_RX0_IRQHandler                    0x08000580   Section        0  stm32f4xx_it.o(i.CAN1_RX0_IRQHandler)
    i.CANx_SendStdData                       0x0800058c   Section        0  can_user.o(i.CANx_SendStdData)
    i.DMA1_Stream1_IRQHandler                0x080005cc   Section        0  stm32f4xx_it.o(i.DMA1_Stream1_IRQHandler)
    i.DMA2_Stream7_IRQHandler                0x080005d8   Section        0  stm32f4xx_it.o(i.DMA2_Stream7_IRQHandler)
    i.DMA_CalcBaseAndBitshift                0x080005e4   Section        0  stm32f4xx_hal_dma.o(i.DMA_CalcBaseAndBitshift)
    DMA_CalcBaseAndBitshift                  0x080005e5   Thumb Code    34  stm32f4xx_hal_dma.o(i.DMA_CalcBaseAndBitshift)
    i.DMA_CheckFifoParam                     0x0800060c   Section        0  stm32f4xx_hal_dma.o(i.DMA_CheckFifoParam)
    DMA_CheckFifoParam                       0x0800060d   Thumb Code    84  stm32f4xx_hal_dma.o(i.DMA_CheckFifoParam)
    i.DebugMon_Handler                       0x08000660   Section        0  stm32f4xx_it.o(i.DebugMon_Handler)
    i.Error_Handler                          0x08000662   Section        0  main.o(i.Error_Handler)
    i.HAL_CAN_ActivateNotification           0x08000666   Section        0  stm32f4xx_hal_can.o(i.HAL_CAN_ActivateNotification)
    i.HAL_CAN_AddTxMessage                   0x0800068a   Section        0  stm32f4xx_hal_can.o(i.HAL_CAN_AddTxMessage)
    i.HAL_CAN_ConfigFilter                   0x08000754   Section        0  stm32f4xx_hal_can.o(i.HAL_CAN_ConfigFilter)
    i.HAL_CAN_ErrorCallback                  0x08000860   Section        0  stm32f4xx_hal_can.o(i.HAL_CAN_ErrorCallback)
    i.HAL_CAN_GetRxMessage                   0x08000862   Section        0  stm32f4xx_hal_can.o(i.HAL_CAN_GetRxMessage)
    i.HAL_CAN_IRQHandler                     0x0800094a   Section        0  stm32f4xx_hal_can.o(i.HAL_CAN_IRQHandler)
    i.HAL_CAN_Init                           0x08000b46   Section        0  stm32f4xx_hal_can.o(i.HAL_CAN_Init)
    i.HAL_CAN_MspInit                        0x08000c60   Section        0  can.o(i.HAL_CAN_MspInit)
    i.HAL_CAN_RxFifo0FullCallback            0x08000d58   Section        0  stm32f4xx_hal_can.o(i.HAL_CAN_RxFifo0FullCallback)
    i.HAL_CAN_RxFifo0MsgPendingCallback      0x08000d5c   Section        0  bsp_can.o(i.HAL_CAN_RxFifo0MsgPendingCallback)
    i.HAL_CAN_RxFifo1FullCallback            0x08000f38   Section        0  stm32f4xx_hal_can.o(i.HAL_CAN_RxFifo1FullCallback)
    i.HAL_CAN_RxFifo1MsgPendingCallback      0x08000f3a   Section        0  stm32f4xx_hal_can.o(i.HAL_CAN_RxFifo1MsgPendingCallback)
    i.HAL_CAN_SleepCallback                  0x08000f3c   Section        0  stm32f4xx_hal_can.o(i.HAL_CAN_SleepCallback)
    i.HAL_CAN_Start                          0x08000f40   Section        0  stm32f4xx_hal_can.o(i.HAL_CAN_Start)
    i.HAL_CAN_TxMailbox0AbortCallback        0x08000f98   Section        0  stm32f4xx_hal_can.o(i.HAL_CAN_TxMailbox0AbortCallback)
    i.HAL_CAN_TxMailbox0CompleteCallback     0x08000f9a   Section        0  stm32f4xx_hal_can.o(i.HAL_CAN_TxMailbox0CompleteCallback)
    i.HAL_CAN_TxMailbox1AbortCallback        0x08000f9c   Section        0  stm32f4xx_hal_can.o(i.HAL_CAN_TxMailbox1AbortCallback)
    i.HAL_CAN_TxMailbox1CompleteCallback     0x08000f9e   Section        0  stm32f4xx_hal_can.o(i.HAL_CAN_TxMailbox1CompleteCallback)
    i.HAL_CAN_TxMailbox2AbortCallback        0x08000fa0   Section        0  stm32f4xx_hal_can.o(i.HAL_CAN_TxMailbox2AbortCallback)
    i.HAL_CAN_TxMailbox2CompleteCallback     0x08000fa2   Section        0  stm32f4xx_hal_can.o(i.HAL_CAN_TxMailbox2CompleteCallback)
    i.HAL_CAN_WakeUpFromRxMsgCallback        0x08000fa4   Section        0  stm32f4xx_hal_can.o(i.HAL_CAN_WakeUpFromRxMsgCallback)
    i.HAL_DMA_Abort                          0x08000fa6   Section        0  stm32f4xx_hal_dma.o(i.HAL_DMA_Abort)
    i.HAL_DMA_Abort_IT                       0x08001038   Section        0  stm32f4xx_hal_dma.o(i.HAL_DMA_Abort_IT)
    i.HAL_DMA_IRQHandler                     0x0800105c   Section        0  stm32f4xx_hal_dma.o(i.HAL_DMA_IRQHandler)
    i.HAL_DMA_Init                           0x080011fc   Section        0  stm32f4xx_hal_dma.o(i.HAL_DMA_Init)
    i.HAL_Delay                              0x080012d0   Section        0  stm32f4xx_hal.o(i.HAL_Delay)
    i.HAL_GPIO_Init                          0x080012f4   Section        0  stm32f4xx_hal_gpio.o(i.HAL_GPIO_Init)
    i.HAL_GPIO_WritePin                      0x080014d0   Section        0  stm32f4xx_hal_gpio.o(i.HAL_GPIO_WritePin)
    i.HAL_GetTick                            0x080014dc   Section        0  stm32f4xx_hal.o(i.HAL_GetTick)
    i.HAL_IncTick                            0x080014e8   Section        0  stm32f4xx_hal.o(i.HAL_IncTick)
    i.HAL_Init                               0x080014f8   Section        0  stm32f4xx_hal.o(i.HAL_Init)
    i.HAL_InitTick                           0x0800152c   Section        0  stm32f4xx_hal.o(i.HAL_InitTick)
    i.HAL_MspInit                            0x0800156c   Section        0  stm32f4xx_hal_msp.o(i.HAL_MspInit)
    i.HAL_NVIC_EnableIRQ                     0x080015a4   Section        0  stm32f4xx_hal_cortex.o(i.HAL_NVIC_EnableIRQ)
    i.HAL_NVIC_SetPriority                   0x080015c0   Section        0  stm32f4xx_hal_cortex.o(i.HAL_NVIC_SetPriority)
    i.HAL_NVIC_SetPriorityGrouping           0x08001600   Section        0  stm32f4xx_hal_cortex.o(i.HAL_NVIC_SetPriorityGrouping)
    i.HAL_RCC_ClockConfig                    0x08001624   Section        0  stm32f4xx_hal_rcc.o(i.HAL_RCC_ClockConfig)
    i.HAL_RCC_GetPCLK1Freq                   0x08001758   Section        0  stm32f4xx_hal_rcc.o(i.HAL_RCC_GetPCLK1Freq)
    i.HAL_RCC_GetPCLK2Freq                   0x08001778   Section        0  stm32f4xx_hal_rcc.o(i.HAL_RCC_GetPCLK2Freq)
    i.HAL_RCC_GetSysClockFreq                0x08001798   Section        0  stm32f4xx_hal_rcc_ex.o(i.HAL_RCC_GetSysClockFreq)
    i.HAL_RCC_OscConfig                      0x08001830   Section        0  stm32f4xx_hal_rcc_ex.o(i.HAL_RCC_OscConfig)
    i.HAL_SYSTICK_Config                     0x08001bc8   Section        0  stm32f4xx_hal_cortex.o(i.HAL_SYSTICK_Config)
    i.HAL_UARTEx_RxEventCallback             0x08001bf0   Section        0  stm32f4xx_hal_uart.o(i.HAL_UARTEx_RxEventCallback)
    i.HAL_UART_ErrorCallback                 0x08001bf2   Section        0  stm32f4xx_hal_uart.o(i.HAL_UART_ErrorCallback)
    i.HAL_UART_IRQHandler                    0x08001bf4   Section        0  stm32f4xx_hal_uart.o(i.HAL_UART_IRQHandler)
    i.HAL_UART_Init                          0x08001e5c   Section        0  stm32f4xx_hal_uart.o(i.HAL_UART_Init)
    i.HAL_UART_MspInit                       0x08001ec0   Section        0  usart.o(i.HAL_UART_MspInit)
    i.HAL_UART_Receive_IT                    0x080020f8   Section        0  stm32f4xx_hal_uart.o(i.HAL_UART_Receive_IT)
    i.HAL_UART_RxCpltCallback                0x08002124   Section        0  uart_user.o(i.HAL_UART_RxCpltCallback)
    i.HAL_UART_TxCpltCallback                0x080021a8   Section        0  stm32f4xx_hal_uart.o(i.HAL_UART_TxCpltCallback)
    i.HardFault_Handler                      0x080021aa   Section        0  stm32f4xx_it.o(i.HardFault_Handler)
    i.MX_CAN1_Init                           0x080021ac   Section        0  can.o(i.MX_CAN1_Init)
    i.MX_CAN2_Init                           0x080021f0   Section        0  can.o(i.MX_CAN2_Init)
    i.MX_DMA_Init                            0x08002234   Section        0  dma.o(i.MX_DMA_Init)
    i.MX_FREERTOS_Init                       0x08002280   Section        0  freertos.o(i.MX_FREERTOS_Init)
    i.MX_GPIO_Init                           0x080022bc   Section        0  gpio.o(i.MX_GPIO_Init)
    i.MX_UART5_Init                          0x08002358   Section        0  usart.o(i.MX_UART5_Init)
    i.MX_USART1_UART_Init                    0x08002390   Section        0  usart.o(i.MX_USART1_UART_Init)
    i.MX_USART3_UART_Init                    0x080023c8   Section        0  usart.o(i.MX_USART3_UART_Init)
    i.MX_USART6_UART_Init                    0x08002404   Section        0  usart.o(i.MX_USART6_UART_Init)
    i.MemManage_Handler                      0x0800243c   Section        0  stm32f4xx_it.o(i.MemManage_Handler)
    i.NMI_Handler                            0x0800243e   Section        0  stm32f4xx_it.o(i.NMI_Handler)
    i.RC_init                                0x08002440   Section        0  bsp_rc.o(i.RC_init)
    i.StartDefaultTask                       0x080024a0   Section        0  freertos.o(i.StartDefaultTask)
    i.SysTick_Handler                        0x080024a8   Section        0  stm32f4xx_it.o(i.SysTick_Handler)
    i.SystemClock_Config                     0x080024c0   Section        0  main.o(i.SystemClock_Config)
    i.SystemInit                             0x08002554   Section        0  system_stm32f4xx.o(i.SystemInit)
    i.UART5_IRQHandler                       0x08002564   Section        0  stm32f4xx_it.o(i.UART5_IRQHandler)
    i.UART_DMAAbortOnError                   0x08002570   Section        0  stm32f4xx_hal_uart.o(i.UART_DMAAbortOnError)
    UART_DMAAbortOnError                     0x08002571   Thumb Code    16  stm32f4xx_hal_uart.o(i.UART_DMAAbortOnError)
    i.UART_EndRxTransfer                     0x08002580   Section        0  stm32f4xx_hal_uart.o(i.UART_EndRxTransfer)
    UART_EndRxTransfer                       0x08002581   Thumb Code    78  stm32f4xx_hal_uart.o(i.UART_EndRxTransfer)
    i.UART_Receive_IT                        0x080025ce   Section        0  stm32f4xx_hal_uart.o(i.UART_Receive_IT)
    UART_Receive_IT                          0x080025cf   Thumb Code   192  stm32f4xx_hal_uart.o(i.UART_Receive_IT)
    i.UART_SetConfig                         0x08002690   Section        0  stm32f4xx_hal_uart.o(i.UART_SetConfig)
    UART_SetConfig                           0x08002691   Thumb Code   258  stm32f4xx_hal_uart.o(i.UART_SetConfig)
    i.UART_Start_Receive_IT                  0x0800279c   Section        0  stm32f4xx_hal_uart.o(i.UART_Start_Receive_IT)
    i.USART3_IRQHandler                      0x080027d8   Section        0  remote_control.o(i.USART3_IRQHandler)
    i.USART6_IRQHandler                      0x0800288c   Section        0  stm32f4xx_it.o(i.USART6_IRQHandler)
    i.UsageFault_Handler                     0x08002898   Section        0  stm32f4xx_it.o(i.UsageFault_Handler)
    i.__NVIC_SetPriority                     0x0800289a   Section        0  stm32f4xx_hal_cortex.o(i.__NVIC_SetPriority)
    __NVIC_SetPriority                       0x0800289b   Thumb Code    32  stm32f4xx_hal_cortex.o(i.__NVIC_SetPriority)
    i.arm_task                               0x080028ba   Section        0  arm_task.o(i.arm_task)
    i.can_filter_init                        0x080028cc   Section        0  can_user.o(i.can_filter_init)
    i.data_receive_IT                        0x08002924   Section        0  uart_user.o(i.data_receive_IT)
    i.main                                   0x0800294c   Section        0  main.o(i.main)
    i.makeFreeRtosPriority                   0x0800298a   Section        0  cmsis_os.o(i.makeFreeRtosPriority)
    makeFreeRtosPriority                     0x0800298b   Thumb Code    12  cmsis_os.o(i.makeFreeRtosPriority)
    i.motor_commend                          0x08002998   Section        0  can_user.o(i.motor_commend)
    i.motor_init                             0x080029d0   Section        0  arm_task.o(i.motor_init)
    i.osDelay                                0x08002a90   Section        0  cmsis_os.o(i.osDelay)
    i.osKernelStart                          0x08002a9e   Section        0  cmsis_os.o(i.osKernelStart)
    i.osThreadCreate                         0x08002aa8   Section        0  cmsis_os.o(i.osThreadCreate)
    i.prvAddCurrentTaskToDelayedList         0x08002afc   Section        0  tasks.o(i.prvAddCurrentTaskToDelayedList)
    prvAddCurrentTaskToDelayedList           0x08002afd   Thumb Code   102  tasks.o(i.prvAddCurrentTaskToDelayedList)
    i.prvAddNewTaskToReadyList               0x08002b6c   Section        0  tasks.o(i.prvAddNewTaskToReadyList)
    prvAddNewTaskToReadyList                 0x08002b6d   Thumb Code   194  tasks.o(i.prvAddNewTaskToReadyList)
    i.prvDeleteTCB                           0x08002c3c   Section        0  tasks.o(i.prvDeleteTCB)
    prvDeleteTCB                             0x08002c3d   Thumb Code    52  tasks.o(i.prvDeleteTCB)
    i.prvHeapInit                            0x08002c70   Section        0  heap_4.o(i.prvHeapInit)
    prvHeapInit                              0x08002c71   Thumb Code    66  heap_4.o(i.prvHeapInit)
    i.prvIdleTask                            0x08002cbc   Section        0  tasks.o(i.prvIdleTask)
    prvIdleTask                              0x08002cbd   Thumb Code    82  tasks.o(i.prvIdleTask)
    i.prvInitialiseNewTask                   0x08002d1c   Section        0  tasks.o(i.prvInitialiseNewTask)
    prvInitialiseNewTask                     0x08002d1d   Thumb Code   152  tasks.o(i.prvInitialiseNewTask)
    i.prvInsertBlockIntoFreeList             0x08002db4   Section        0  heap_4.o(i.prvInsertBlockIntoFreeList)
    prvInsertBlockIntoFreeList               0x08002db5   Thumb Code    72  heap_4.o(i.prvInsertBlockIntoFreeList)
    i.prvResetNextTaskUnblockTime            0x08002e00   Section        0  tasks.o(i.prvResetNextTaskUnblockTime)
    prvResetNextTaskUnblockTime              0x08002e01   Thumb Code    26  tasks.o(i.prvResetNextTaskUnblockTime)
    i.prvTaskExitError                       0x08002e20   Section        0  port.o(i.prvTaskExitError)
    prvTaskExitError                         0x08002e21   Thumb Code    36  port.o(i.prvTaskExitError)
    i.pvPortMalloc                           0x08002e48   Section        0  heap_4.o(i.pvPortMalloc)
    i.pxPortInitialiseStack                  0x08002f24   Section        0  port.o(i.pxPortInitialiseStack)
    i.remote_control_init                    0x08002f50   Section        0  remote_control.o(i.remote_control_init)
    i.sbus_to_rc                             0x08002f60   Section        0  remote_control.o(i.sbus_to_rc)
    sbus_to_rc                               0x08002f61   Thumb Code   180  remote_control.o(i.sbus_to_rc)
    i.uint_to_float                          0x08003014   Section        0  bsp_can.o(i.uint_to_float)
    i.uxListRemove                           0x0800303c   Section        0  list.o(i.uxListRemove)
    i.vApplicationGetIdleTaskMemory          0x08003064   Section        0  freertos.o(i.vApplicationGetIdleTaskMemory)
    i.vListInitialise                        0x08003078   Section        0  list.o(i.vListInitialise)
    i.vListInitialiseItem                    0x0800308e   Section        0  list.o(i.vListInitialiseItem)
    i.vListInsert                            0x08003094   Section        0  list.o(i.vListInsert)
    i.vListInsertEnd                         0x080030c4   Section        0  list.o(i.vListInsertEnd)
    i.vPortEnterCritical                     0x080030dc   Section        0  port.o(i.vPortEnterCritical)
    i.vPortExitCritical                      0x0800311c   Section        0  port.o(i.vPortExitCritical)
    i.vPortFree                              0x08003144   Section        0  heap_4.o(i.vPortFree)
    i.vPortSetupTimerInterrupt               0x080031a8   Section        0  port.o(i.vPortSetupTimerInterrupt)
    i.vTaskDelay                             0x080031cc   Section        0  tasks.o(i.vTaskDelay)
    i.vTaskStartScheduler                    0x08003218   Section        0  tasks.o(i.vTaskStartScheduler)
    i.vTaskSuspendAll                        0x08003284   Section        0  tasks.o(i.vTaskSuspendAll)
    i.vTaskSwitchContext                     0x08003294   Section        0  tasks.o(i.vTaskSwitchContext)
    i.xPortStartScheduler                    0x080032f0   Section        0  port.o(i.xPortStartScheduler)
    i.xPortSysTickHandler                    0x080033e4   Section        0  port.o(i.xPortSysTickHandler)
    i.xTaskCreate                            0x08003410   Section        0  tasks.o(i.xTaskCreate)
    i.xTaskCreateStatic                      0x0800346a   Section        0  tasks.o(i.xTaskCreateStatic)
    i.xTaskGetSchedulerState                 0x080034c0   Section        0  tasks.o(i.xTaskGetSchedulerState)
    i.xTaskIncrementTick                     0x080034dc   Section        0  tasks.o(i.xTaskIncrementTick)
    i.xTaskResumeAll                         0x080035a8   Section        0  tasks.o(i.xTaskResumeAll)
    x$fpl$fpinit                             0x0800366c   Section       10  fpinit.o(x$fpl$fpinit)
    $v0                                      0x0800366c   Number         0  fpinit.o(x$fpl$fpinit)
    .constdata                               0x08003678   Section       56  freertos.o(.constdata)
    .constdata                               0x080036b0   Section        8  stm32f4xx_hal_dma.o(.constdata)
    flagBitshiftOffset                       0x080036b0   Data           8  stm32f4xx_hal_dma.o(.constdata)
    .constdata                               0x080036b8   Section       16  system_stm32f4xx.o(.constdata)
    .constdata                               0x080036c8   Section        8  system_stm32f4xx.o(.constdata)
    .conststring                             0x080036d0   Section       24  freertos.o(.conststring)
    .data                                    0x20000000   Section        8  freertos.o(.data)
    .data                                    0x20000008   Section        4  can.o(.data)
    HAL_RCC_CAN1_CLK_ENABLED                 0x20000008   Data           4  can.o(.data)
    .data                                    0x2000000c   Section       12  stm32f4xx_hal.o(.data)
    .data                                    0x20000018   Section        4  system_stm32f4xx.o(.data)
    .data                                    0x2000001c   Section       60  tasks.o(.data)
    uxDeletedTasksWaitingCleanUp             0x20000020   Data           4  tasks.o(.data)
    uxCurrentNumberOfTasks                   0x20000024   Data           4  tasks.o(.data)
    xTickCount                               0x20000028   Data           4  tasks.o(.data)
    uxTopReadyPriority                       0x2000002c   Data           4  tasks.o(.data)
    xSchedulerRunning                        0x20000030   Data           4  tasks.o(.data)
    xPendedTicks                             0x20000034   Data           4  tasks.o(.data)
    xYieldPending                            0x20000038   Data           4  tasks.o(.data)
    xNumOfOverflows                          0x2000003c   Data           4  tasks.o(.data)
    uxTaskNumber                             0x20000040   Data           4  tasks.o(.data)
    xNextTaskUnblockTime                     0x20000044   Data           4  tasks.o(.data)
    xIdleTaskHandle                          0x20000048   Data           4  tasks.o(.data)
    uxSchedulerSuspended                     0x2000004c   Data           4  tasks.o(.data)
    pxDelayedTaskList                        0x20000050   Data           4  tasks.o(.data)
    pxOverflowDelayedTaskList                0x20000054   Data           4  tasks.o(.data)
    .data                                    0x20000058   Section       32  heap_4.o(.data)
    pxEnd                                    0x20000058   Data           4  heap_4.o(.data)
    xFreeBytesRemaining                      0x2000005c   Data           4  heap_4.o(.data)
    xMinimumEverFreeBytesRemaining           0x20000060   Data           4  heap_4.o(.data)
    xNumberOfSuccessfulAllocations           0x20000064   Data           4  heap_4.o(.data)
    xNumberOfSuccessfulFrees                 0x20000068   Data           4  heap_4.o(.data)
    xBlockAllocatedBit                       0x2000006c   Data           4  heap_4.o(.data)
    xStart                                   0x20000070   Data           8  heap_4.o(.data)
    .data                                    0x20000078   Section       12  port.o(.data)
    ucMaxSysCallPriority                     0x20000078   Data           1  port.o(.data)
    uxCriticalNesting                        0x2000007c   Data           4  port.o(.data)
    ulMaxPRIGROUPValue                       0x20000080   Data           4  port.o(.data)
    .data                                    0x20000084   Section        8  can_user.o(.data)
    .data                                    0x2000008c   Section        9  uart_user.o(.data)
    RxState                                  0x2000008e   Data           1  uart_user.o(.data)
    .data                                    0x20000096   Section        2  remote_control.o(.data)
    this_time_rx_len                         0x20000096   Data           2  remote_control.o(.data)
    .bss                                     0x20000098   Section      596  freertos.o(.bss)
    xIdleTaskTCBBuffer                       0x20000098   Data          84  freertos.o(.bss)
    xIdleStack                               0x200000ec   Data         512  freertos.o(.bss)
    .bss                                     0x200002ec   Section       80  can.o(.bss)
    .bss                                     0x2000033c   Section      464  usart.o(.bss)
    .bss                                     0x2000050c   Section      240  tasks.o(.bss)
    pxReadyTasksLists                        0x2000050c   Data         140  tasks.o(.bss)
    xDelayedTaskList1                        0x20000598   Data          20  tasks.o(.bss)
    xDelayedTaskList2                        0x200005ac   Data          20  tasks.o(.bss)
    xPendingReadyList                        0x200005c0   Data          20  tasks.o(.bss)
    xTasksWaitingTermination                 0x200005d4   Data          20  tasks.o(.bss)
    xSuspendedTaskList                       0x200005e8   Data          20  tasks.o(.bss)
    .bss                                     0x200005fc   Section    15360  heap_4.o(.bss)
    ucHeap                                   0x200005fc   Data       15360  heap_4.o(.bss)
    .bss                                     0x200041fc   Section      188  bsp_can.o(.bss)
    Tx_Header                                0x200041fc   Data          24  bsp_can.o(.bss)
    Tx_Header                                0x20004214   Data          24  bsp_can.o(.bss)
    Tx_Header                                0x2000422c   Data          24  bsp_can.o(.bss)
    .bss                                     0x200042b8   Section       24  can_user.o(.bss)
    Tx_Header                                0x200042b8   Data          24  can_user.o(.bss)
    .bss                                     0x200042d0   Section      160  can_user.o(.bss)
    .bss                                     0x20004370   Section       37  uart_user.o(.bss)
    .bss                                     0x20004395   Section       94  remote_control.o(.bss)
    sbus_rx_buf                              0x200043ab   Data          72  remote_control.o(.bss)
    .bss                                     0x200043f4   Section       96  libspace.o(.bss)
    HEAP                                     0x20004458   Section      512  startup_stm32f446xx.o(HEAP)
    Heap_Mem                                 0x20004458   Data         512  startup_stm32f446xx.o(HEAP)
    STACK                                    0x20004658   Section     1024  startup_stm32f446xx.o(STACK)
    Stack_Mem                                0x20004658   Data        1024  startup_stm32f446xx.o(STACK)
    __initial_sp                             0x20004a58   Data           0  startup_stm32f446xx.o(STACK)

    Global Symbols

    Symbol Name                              Value     Ov Type        Size  Object(Section)

    BuildAttributes$$THM_ISAv4$E$P$D$K$B$S$7EM$VFPi3$EXTD16$VFPS$VFMA$PE$A:L22UL41UL21$X:L11$S22US41US21$IEEE1$IW$USESV6$~STKCKD$USESV7$~SHL$OSPACE$ROPI$EBA8$UX$STANDARDLIB$REQ8$PRES8$EABIv2 0x00000000   Number         0  anon$$obj.o ABSOLUTE
    __ARM_use_no_argv                        0x00000000   Number         0  main.o ABSOLUTE
    __ARM_exceptions_init                     - Undefined Weak Reference
    __alloca_initialize                       - Undefined Weak Reference
    __arm_preinit_                            - Undefined Weak Reference
    __cpp_initialize__aeabi_                  - Undefined Weak Reference
    __cxa_finalize                            - Undefined Weak Reference
    __rt_locale                               - Undefined Weak Reference
    __sigvec_lookup                           - Undefined Weak Reference
    _atexit_init                              - Undefined Weak Reference
    _call_atexit_fns                          - Undefined Weak Reference
    _clock_init                               - Undefined Weak Reference
    _fp_trap_init                             - Undefined Weak Reference
    _fp_trap_shutdown                         - Undefined Weak Reference
    _get_lc_collate                           - Undefined Weak Reference
    _get_lc_ctype                             - Undefined Weak Reference
    _get_lc_monetary                          - Undefined Weak Reference
    _get_lc_numeric                           - Undefined Weak Reference
    _get_lc_time                              - Undefined Weak Reference
    _getenv_init                              - Undefined Weak Reference
    _handle_redirection                       - Undefined Weak Reference
    _init_alloc                               - Undefined Weak Reference
    _init_user_alloc                          - Undefined Weak Reference
    _initio                                   - Undefined Weak Reference
    _rand_init                                - Undefined Weak Reference
    _signal_finish                            - Undefined Weak Reference
    _signal_init                              - Undefined Weak Reference
    _terminate_alloc                          - Undefined Weak Reference
    _terminate_user_alloc                     - Undefined Weak Reference
    _terminateio                              - Undefined Weak Reference
    __Vectors_Size                           0x000001c4   Number         0  startup_stm32f446xx.o ABSOLUTE
    __Vectors                                0x08000000   Data           4  startup_stm32f446xx.o(RESET)
    __Vectors_End                            0x080001c4   Data           0  startup_stm32f446xx.o(RESET)
    __main                                   0x080001c5   Thumb Code     8  __main.o(!!!main)
    __scatterload                            0x080001cd   Thumb Code     0  __scatter.o(!!!scatter)
    __scatterload_rt2                        0x080001cd   Thumb Code    44  __scatter.o(!!!scatter)
    __scatterload_rt2_thumb_only             0x080001cd   Thumb Code     0  __scatter.o(!!!scatter)
    __scatterload_null                       0x080001db   Thumb Code     0  __scatter.o(!!!scatter)
    __scatterload_copy                       0x08000201   Thumb Code    26  __scatter_copy.o(!!handler_copy)
    __scatterload_zeroinit                   0x0800021d   Thumb Code    28  __scatter_zi.o(!!handler_zi)
    __rt_lib_init                            0x08000239   Thumb Code     0  libinit.o(.ARM.Collect$$libinit$$00000000)
    __rt_lib_init_fp_1                       0x0800023b   Thumb Code     0  libinit2.o(.ARM.Collect$$libinit$$00000001)
    __rt_lib_init_alloca_1                   0x0800023f   Thumb Code     0  libinit2.o(.ARM.Collect$$libinit$$0000002E)
    __rt_lib_init_argv_1                     0x0800023f   Thumb Code     0  libinit2.o(.ARM.Collect$$libinit$$0000002C)
    __rt_lib_init_atexit_1                   0x0800023f   Thumb Code     0  libinit2.o(.ARM.Collect$$libinit$$0000001B)
    __rt_lib_init_clock_1                    0x0800023f   Thumb Code     0  libinit2.o(.ARM.Collect$$libinit$$00000021)
    __rt_lib_init_cpp_1                      0x0800023f   Thumb Code     0  libinit2.o(.ARM.Collect$$libinit$$00000032)
    __rt_lib_init_exceptions_1               0x0800023f   Thumb Code     0  libinit2.o(.ARM.Collect$$libinit$$00000030)
    __rt_lib_init_fp_trap_1                  0x0800023f   Thumb Code     0  libinit2.o(.ARM.Collect$$libinit$$0000001F)
    __rt_lib_init_getenv_1                   0x0800023f   Thumb Code     0  libinit2.o(.ARM.Collect$$libinit$$00000023)
    __rt_lib_init_heap_1                     0x0800023f   Thumb Code     0  libinit2.o(.ARM.Collect$$libinit$$0000000A)
    __rt_lib_init_lc_collate_1               0x0800023f   Thumb Code     0  libinit2.o(.ARM.Collect$$libinit$$00000011)
    __rt_lib_init_lc_ctype_1                 0x0800023f   Thumb Code     0  libinit2.o(.ARM.Collect$$libinit$$00000013)
    __rt_lib_init_lc_monetary_1              0x0800023f   Thumb Code     0  libinit2.o(.ARM.Collect$$libinit$$00000015)
    __rt_lib_init_lc_numeric_1               0x0800023f   Thumb Code     0  libinit2.o(.ARM.Collect$$libinit$$00000017)
    __rt_lib_init_lc_time_1                  0x0800023f   Thumb Code     0  libinit2.o(.ARM.Collect$$libinit$$00000019)
    __rt_lib_init_preinit_1                  0x0800023f   Thumb Code     0  libinit2.o(.ARM.Collect$$libinit$$00000004)
    __rt_lib_init_rand_1                     0x0800023f   Thumb Code     0  libinit2.o(.ARM.Collect$$libinit$$0000000E)
    __rt_lib_init_return                     0x0800023f   Thumb Code     0  libinit2.o(.ARM.Collect$$libinit$$00000033)
    __rt_lib_init_signal_1                   0x0800023f   Thumb Code     0  libinit2.o(.ARM.Collect$$libinit$$0000001D)
    __rt_lib_init_stdio_1                    0x0800023f   Thumb Code     0  libinit2.o(.ARM.Collect$$libinit$$00000025)
    __rt_lib_init_user_alloc_1               0x0800023f   Thumb Code     0  libinit2.o(.ARM.Collect$$libinit$$0000000C)
    __rt_lib_shutdown                        0x08000241   Thumb Code     0  libshutdown.o(.ARM.Collect$$libshutdown$$00000000)
    __rt_lib_shutdown_cpp_1                  0x08000243   Thumb Code     0  libshutdown2.o(.ARM.Collect$$libshutdown$$00000002)
    __rt_lib_shutdown_fp_trap_1              0x08000243   Thumb Code     0  libshutdown2.o(.ARM.Collect$$libshutdown$$00000007)
    __rt_lib_shutdown_heap_1                 0x08000243   Thumb Code     0  libshutdown2.o(.ARM.Collect$$libshutdown$$0000000F)
    __rt_lib_shutdown_return                 0x08000243   Thumb Code     0  libshutdown2.o(.ARM.Collect$$libshutdown$$00000010)
    __rt_lib_shutdown_signal_1               0x08000243   Thumb Code     0  libshutdown2.o(.ARM.Collect$$libshutdown$$0000000A)
    __rt_lib_shutdown_stdio_1                0x08000243   Thumb Code     0  libshutdown2.o(.ARM.Collect$$libshutdown$$00000004)
    __rt_lib_shutdown_user_alloc_1           0x08000243   Thumb Code     0  libshutdown2.o(.ARM.Collect$$libshutdown$$0000000C)
    __rt_entry                               0x08000245   Thumb Code     0  __rtentry.o(.ARM.Collect$$rtentry$$00000000)
    __rt_entry_presh_1                       0x08000245   Thumb Code     0  __rtentry2.o(.ARM.Collect$$rtentry$$00000002)
    __rt_entry_sh                            0x08000245   Thumb Code     0  __rtentry4.o(.ARM.Collect$$rtentry$$00000004)
    __rt_entry_li                            0x0800024b   Thumb Code     0  __rtentry2.o(.ARM.Collect$$rtentry$$0000000A)
    __rt_entry_postsh_1                      0x0800024b   Thumb Code     0  __rtentry2.o(.ARM.Collect$$rtentry$$00000009)
    __rt_entry_main                          0x0800024f   Thumb Code     0  __rtentry2.o(.ARM.Collect$$rtentry$$0000000D)
    __rt_entry_postli_1                      0x0800024f   Thumb Code     0  __rtentry2.o(.ARM.Collect$$rtentry$$0000000C)
    __rt_exit                                0x08000257   Thumb Code     0  rtexit.o(.ARM.Collect$$rtexit$$00000000)
    __rt_exit_ls                             0x08000259   Thumb Code     0  rtexit2.o(.ARM.Collect$$rtexit$$00000003)
    __rt_exit_prels_1                        0x08000259   Thumb Code     0  rtexit2.o(.ARM.Collect$$rtexit$$00000002)
    __rt_exit_exit                           0x0800025d   Thumb Code     0  rtexit2.o(.ARM.Collect$$rtexit$$00000004)
    SVC_Handler                              0x08000265   Thumb Code    28  port.o(.emb_text)
    __asm___6_port_c_39a90d8d__prvStartFirstTask 0x08000285   Thumb Code    36  port.o(.emb_text)
    __asm___6_port_c_39a90d8d__prvEnableVFP  0x080002ad   Thumb Code    16  port.o(.emb_text)
    PendSV_Handler                           0x080002c1   Thumb Code    88  port.o(.emb_text)
    vPortGetIPSR                             0x0800031d   Thumb Code     6  port.o(.emb_text)
    Reset_Handler                            0x08000325   Thumb Code     8  startup_stm32f446xx.o(.text)
    ADC_IRQHandler                           0x0800033f   Thumb Code     0  startup_stm32f446xx.o(.text)
    CAN1_RX1_IRQHandler                      0x0800033f   Thumb Code     0  startup_stm32f446xx.o(.text)
    CAN1_SCE_IRQHandler                      0x0800033f   Thumb Code     0  startup_stm32f446xx.o(.text)
    CAN1_TX_IRQHandler                       0x0800033f   Thumb Code     0  startup_stm32f446xx.o(.text)
    CAN2_RX0_IRQHandler                      0x0800033f   Thumb Code     0  startup_stm32f446xx.o(.text)
    CAN2_RX1_IRQHandler                      0x0800033f   Thumb Code     0  startup_stm32f446xx.o(.text)
    CAN2_SCE_IRQHandler                      0x0800033f   Thumb Code     0  startup_stm32f446xx.o(.text)
    CAN2_TX_IRQHandler                       0x0800033f   Thumb Code     0  startup_stm32f446xx.o(.text)
    CEC_IRQHandler                           0x0800033f   Thumb Code     0  startup_stm32f446xx.o(.text)
    DCMI_IRQHandler                          0x0800033f   Thumb Code     0  startup_stm32f446xx.o(.text)
    DMA1_Stream0_IRQHandler                  0x0800033f   Thumb Code     0  startup_stm32f446xx.o(.text)
    DMA1_Stream2_IRQHandler                  0x0800033f   Thumb Code     0  startup_stm32f446xx.o(.text)
    DMA1_Stream3_IRQHandler                  0x0800033f   Thumb Code     0  startup_stm32f446xx.o(.text)
    DMA1_Stream4_IRQHandler                  0x0800033f   Thumb Code     0  startup_stm32f446xx.o(.text)
    DMA1_Stream5_IRQHandler                  0x0800033f   Thumb Code     0  startup_stm32f446xx.o(.text)
    DMA1_Stream6_IRQHandler                  0x0800033f   Thumb Code     0  startup_stm32f446xx.o(.text)
    DMA1_Stream7_IRQHandler                  0x0800033f   Thumb Code     0  startup_stm32f446xx.o(.text)
    DMA2_Stream0_IRQHandler                  0x0800033f   Thumb Code     0  startup_stm32f446xx.o(.text)
    DMA2_Stream1_IRQHandler                  0x0800033f   Thumb Code     0  startup_stm32f446xx.o(.text)
    DMA2_Stream2_IRQHandler                  0x0800033f   Thumb Code     0  startup_stm32f446xx.o(.text)
    DMA2_Stream3_IRQHandler                  0x0800033f   Thumb Code     0  startup_stm32f446xx.o(.text)
    DMA2_Stream4_IRQHandler                  0x0800033f   Thumb Code     0  startup_stm32f446xx.o(.text)
    DMA2_Stream5_IRQHandler                  0x0800033f   Thumb Code     0  startup_stm32f446xx.o(.text)
    DMA2_Stream6_IRQHandler                  0x0800033f   Thumb Code     0  startup_stm32f446xx.o(.text)
    EXTI0_IRQHandler                         0x0800033f   Thumb Code     0  startup_stm32f446xx.o(.text)
    EXTI15_10_IRQHandler                     0x0800033f   Thumb Code     0  startup_stm32f446xx.o(.text)
    EXTI1_IRQHandler                         0x0800033f   Thumb Code     0  startup_stm32f446xx.o(.text)
    EXTI2_IRQHandler                         0x0800033f   Thumb Code     0  startup_stm32f446xx.o(.text)
    EXTI3_IRQHandler                         0x0800033f   Thumb Code     0  startup_stm32f446xx.o(.text)
    EXTI4_IRQHandler                         0x0800033f   Thumb Code     0  startup_stm32f446xx.o(.text)
    EXTI9_5_IRQHandler                       0x0800033f   Thumb Code     0  startup_stm32f446xx.o(.text)
    FLASH_IRQHandler                         0x0800033f   Thumb Code     0  startup_stm32f446xx.o(.text)
    FMC_IRQHandler                           0x0800033f   Thumb Code     0  startup_stm32f446xx.o(.text)
    FMPI2C1_ER_IRQHandler                    0x0800033f   Thumb Code     0  startup_stm32f446xx.o(.text)
    FMPI2C1_EV_IRQHandler                    0x0800033f   Thumb Code     0  startup_stm32f446xx.o(.text)
    FPU_IRQHandler                           0x0800033f   Thumb Code     0  startup_stm32f446xx.o(.text)
    I2C1_ER_IRQHandler                       0x0800033f   Thumb Code     0  startup_stm32f446xx.o(.text)
    I2C1_EV_IRQHandler                       0x0800033f   Thumb Code     0  startup_stm32f446xx.o(.text)
    I2C2_ER_IRQHandler                       0x0800033f   Thumb Code     0  startup_stm32f446xx.o(.text)
    I2C2_EV_IRQHandler                       0x0800033f   Thumb Code     0  startup_stm32f446xx.o(.text)
    I2C3_ER_IRQHandler                       0x0800033f   Thumb Code     0  startup_stm32f446xx.o(.text)
    I2C3_EV_IRQHandler                       0x0800033f   Thumb Code     0  startup_stm32f446xx.o(.text)
    OTG_FS_IRQHandler                        0x0800033f   Thumb Code     0  startup_stm32f446xx.o(.text)
    OTG_FS_WKUP_IRQHandler                   0x0800033f   Thumb Code     0  startup_stm32f446xx.o(.text)
    OTG_HS_EP1_IN_IRQHandler                 0x0800033f   Thumb Code     0  startup_stm32f446xx.o(.text)
    OTG_HS_EP1_OUT_IRQHandler                0x0800033f   Thumb Code     0  startup_stm32f446xx.o(.text)
    OTG_HS_IRQHandler                        0x0800033f   Thumb Code     0  startup_stm32f446xx.o(.text)
    OTG_HS_WKUP_IRQHandler                   0x0800033f   Thumb Code     0  startup_stm32f446xx.o(.text)
    PVD_IRQHandler                           0x0800033f   Thumb Code     0  startup_stm32f446xx.o(.text)
    QUADSPI_IRQHandler                       0x0800033f   Thumb Code     0  startup_stm32f446xx.o(.text)
    RCC_IRQHandler                           0x0800033f   Thumb Code     0  startup_stm32f446xx.o(.text)
    RTC_Alarm_IRQHandler                     0x0800033f   Thumb Code     0  startup_stm32f446xx.o(.text)
    RTC_WKUP_IRQHandler                      0x0800033f   Thumb Code     0  startup_stm32f446xx.o(.text)
    SAI1_IRQHandler                          0x0800033f   Thumb Code     0  startup_stm32f446xx.o(.text)
    SAI2_IRQHandler                          0x0800033f   Thumb Code     0  startup_stm32f446xx.o(.text)
    SDIO_IRQHandler                          0x0800033f   Thumb Code     0  startup_stm32f446xx.o(.text)
    SPDIF_RX_IRQHandler                      0x0800033f   Thumb Code     0  startup_stm32f446xx.o(.text)
    SPI1_IRQHandler                          0x0800033f   Thumb Code     0  startup_stm32f446xx.o(.text)
    SPI2_IRQHandler                          0x0800033f   Thumb Code     0  startup_stm32f446xx.o(.text)
    SPI3_IRQHandler                          0x0800033f   Thumb Code     0  startup_stm32f446xx.o(.text)
    SPI4_IRQHandler                          0x0800033f   Thumb Code     0  startup_stm32f446xx.o(.text)
    TAMP_STAMP_IRQHandler                    0x0800033f   Thumb Code     0  startup_stm32f446xx.o(.text)
    TIM1_BRK_TIM9_IRQHandler                 0x0800033f   Thumb Code     0  startup_stm32f446xx.o(.text)
    TIM1_CC_IRQHandler                       0x0800033f   Thumb Code     0  startup_stm32f446xx.o(.text)
    TIM1_TRG_COM_TIM11_IRQHandler            0x0800033f   Thumb Code     0  startup_stm32f446xx.o(.text)
    TIM1_UP_TIM10_IRQHandler                 0x0800033f   Thumb Code     0  startup_stm32f446xx.o(.text)
    TIM2_IRQHandler                          0x0800033f   Thumb Code     0  startup_stm32f446xx.o(.text)
    TIM3_IRQHandler                          0x0800033f   Thumb Code     0  startup_stm32f446xx.o(.text)
    TIM4_IRQHandler                          0x0800033f   Thumb Code     0  startup_stm32f446xx.o(.text)
    TIM5_IRQHandler                          0x0800033f   Thumb Code     0  startup_stm32f446xx.o(.text)
    TIM6_DAC_IRQHandler                      0x0800033f   Thumb Code     0  startup_stm32f446xx.o(.text)
    TIM7_IRQHandler                          0x0800033f   Thumb Code     0  startup_stm32f446xx.o(.text)
    TIM8_BRK_TIM12_IRQHandler                0x0800033f   Thumb Code     0  startup_stm32f446xx.o(.text)
    TIM8_CC_IRQHandler                       0x0800033f   Thumb Code     0  startup_stm32f446xx.o(.text)
    TIM8_TRG_COM_TIM14_IRQHandler            0x0800033f   Thumb Code     0  startup_stm32f446xx.o(.text)
    TIM8_UP_TIM13_IRQHandler                 0x0800033f   Thumb Code     0  startup_stm32f446xx.o(.text)
    UART4_IRQHandler                         0x0800033f   Thumb Code     0  startup_stm32f446xx.o(.text)
    USART1_IRQHandler                        0x0800033f   Thumb Code     0  startup_stm32f446xx.o(.text)
    USART2_IRQHandler                        0x0800033f   Thumb Code     0  startup_stm32f446xx.o(.text)
    WWDG_IRQHandler                          0x0800033f   Thumb Code     0  startup_stm32f446xx.o(.text)
    __user_initial_stackheap                 0x08000341   Thumb Code     0  startup_stm32f446xx.o(.text)
    __aeabi_uldivmod                         0x08000365   Thumb Code     0  lludivv7m.o(.text)
    _ll_udiv                                 0x08000365   Thumb Code   238  lludivv7m.o(.text)
    __aeabi_memcpy4                          0x08000453   Thumb Code     0  rt_memcpy_w.o(.text)
    __aeabi_memcpy8                          0x08000453   Thumb Code     0  rt_memcpy_w.o(.text)
    __rt_memcpy_w                            0x08000453   Thumb Code   100  rt_memcpy_w.o(.text)
    _memcpy_lastbytes_aligned                0x0800049b   Thumb Code     0  rt_memcpy_w.o(.text)
    __aeabi_memclr4                          0x080004b7   Thumb Code     0  rt_memclr_w.o(.text)
    __aeabi_memclr8                          0x080004b7   Thumb Code     0  rt_memclr_w.o(.text)
    __rt_memclr_w                            0x080004b7   Thumb Code    78  rt_memclr_w.o(.text)
    _memset_w                                0x080004bb   Thumb Code     0  rt_memclr_w.o(.text)
    __use_two_region_memory                  0x08000505   Thumb Code     2  heapauxi.o(.text)
    __rt_heap_escrow$2region                 0x08000507   Thumb Code     2  heapauxi.o(.text)
    __rt_heap_expand$2region                 0x08000509   Thumb Code     2  heapauxi.o(.text)
    __user_setup_stackheap                   0x0800050b   Thumb Code    74  sys_stackheap_outer.o(.text)
    exit                                     0x08000555   Thumb Code    18  exit.o(.text)
    __user_libspace                          0x08000569   Thumb Code     8  libspace.o(.text)
    __user_perproc_libspace                  0x08000569   Thumb Code     0  libspace.o(.text)
    __user_perthread_libspace                0x08000569   Thumb Code     0  libspace.o(.text)
    _sys_exit                                0x08000571   Thumb Code     8  sys_exit.o(.text)
    __I$use$semihosting                      0x0800057d   Thumb Code     0  use_no_semi.o(.text)
    __use_no_semihosting_swi                 0x0800057d   Thumb Code     2  use_no_semi.o(.text)
    BusFault_Handler                         0x0800057f   Thumb Code     2  stm32f4xx_it.o(i.BusFault_Handler)
    __semihosting_library_function           0x0800057f   Thumb Code     0  indicate_semi.o(.text)
    CAN1_RX0_IRQHandler                      0x08000581   Thumb Code     6  stm32f4xx_it.o(i.CAN1_RX0_IRQHandler)
    CANx_SendStdData                         0x0800058d   Thumb Code    60  can_user.o(i.CANx_SendStdData)
    DMA1_Stream1_IRQHandler                  0x080005cd   Thumb Code     6  stm32f4xx_it.o(i.DMA1_Stream1_IRQHandler)
    DMA2_Stream7_IRQHandler                  0x080005d9   Thumb Code     6  stm32f4xx_it.o(i.DMA2_Stream7_IRQHandler)
    DebugMon_Handler                         0x08000661   Thumb Code     2  stm32f4xx_it.o(i.DebugMon_Handler)
    Error_Handler                            0x08000663   Thumb Code     4  main.o(i.Error_Handler)
    HAL_CAN_ActivateNotification             0x08000667   Thumb Code    36  stm32f4xx_hal_can.o(i.HAL_CAN_ActivateNotification)
    HAL_CAN_AddTxMessage                     0x0800068b   Thumb Code   200  stm32f4xx_hal_can.o(i.HAL_CAN_AddTxMessage)
    HAL_CAN_ConfigFilter                     0x08000755   Thumb Code   262  stm32f4xx_hal_can.o(i.HAL_CAN_ConfigFilter)
    HAL_CAN_ErrorCallback                    0x08000861   Thumb Code     2  stm32f4xx_hal_can.o(i.HAL_CAN_ErrorCallback)
    HAL_CAN_GetRxMessage                     0x08000863   Thumb Code   232  stm32f4xx_hal_can.o(i.HAL_CAN_GetRxMessage)
    HAL_CAN_IRQHandler                       0x0800094b   Thumb Code   508  stm32f4xx_hal_can.o(i.HAL_CAN_IRQHandler)
    HAL_CAN_Init                             0x08000b47   Thumb Code   282  stm32f4xx_hal_can.o(i.HAL_CAN_Init)
    HAL_CAN_MspInit                          0x08000c61   Thumb Code   228  can.o(i.HAL_CAN_MspInit)
    HAL_CAN_RxFifo0FullCallback              0x08000d59   Thumb Code     2  stm32f4xx_hal_can.o(i.HAL_CAN_RxFifo0FullCallback)
    HAL_CAN_RxFifo0MsgPendingCallback        0x08000d5d   Thumb Code   452  bsp_can.o(i.HAL_CAN_RxFifo0MsgPendingCallback)
    HAL_CAN_RxFifo1FullCallback              0x08000f39   Thumb Code     2  stm32f4xx_hal_can.o(i.HAL_CAN_RxFifo1FullCallback)
    HAL_CAN_RxFifo1MsgPendingCallback        0x08000f3b   Thumb Code     2  stm32f4xx_hal_can.o(i.HAL_CAN_RxFifo1MsgPendingCallback)
    HAL_CAN_SleepCallback                    0x08000f3d   Thumb Code     2  stm32f4xx_hal_can.o(i.HAL_CAN_SleepCallback)
    HAL_CAN_Start                            0x08000f41   Thumb Code    88  stm32f4xx_hal_can.o(i.HAL_CAN_Start)
    HAL_CAN_TxMailbox0AbortCallback          0x08000f99   Thumb Code     2  stm32f4xx_hal_can.o(i.HAL_CAN_TxMailbox0AbortCallback)
    HAL_CAN_TxMailbox0CompleteCallback       0x08000f9b   Thumb Code     2  stm32f4xx_hal_can.o(i.HAL_CAN_TxMailbox0CompleteCallback)
    HAL_CAN_TxMailbox1AbortCallback          0x08000f9d   Thumb Code     2  stm32f4xx_hal_can.o(i.HAL_CAN_TxMailbox1AbortCallback)
    HAL_CAN_TxMailbox1CompleteCallback       0x08000f9f   Thumb Code     2  stm32f4xx_hal_can.o(i.HAL_CAN_TxMailbox1CompleteCallback)
    HAL_CAN_TxMailbox2AbortCallback          0x08000fa1   Thumb Code     2  stm32f4xx_hal_can.o(i.HAL_CAN_TxMailbox2AbortCallback)
    HAL_CAN_TxMailbox2CompleteCallback       0x08000fa3   Thumb Code     2  stm32f4xx_hal_can.o(i.HAL_CAN_TxMailbox2CompleteCallback)
    HAL_CAN_WakeUpFromRxMsgCallback          0x08000fa5   Thumb Code     2  stm32f4xx_hal_can.o(i.HAL_CAN_WakeUpFromRxMsgCallback)
    HAL_DMA_Abort                            0x08000fa7   Thumb Code   146  stm32f4xx_hal_dma.o(i.HAL_DMA_Abort)
    HAL_DMA_Abort_IT                         0x08001039   Thumb Code    36  stm32f4xx_hal_dma.o(i.HAL_DMA_Abort_IT)
    HAL_DMA_IRQHandler                       0x0800105d   Thumb Code   412  stm32f4xx_hal_dma.o(i.HAL_DMA_IRQHandler)
    HAL_DMA_Init                             0x080011fd   Thumb Code   206  stm32f4xx_hal_dma.o(i.HAL_DMA_Init)
    HAL_Delay                                0x080012d1   Thumb Code    32  stm32f4xx_hal.o(i.HAL_Delay)
    HAL_GPIO_Init                            0x080012f5   Thumb Code   436  stm32f4xx_hal_gpio.o(i.HAL_GPIO_Init)
    HAL_GPIO_WritePin                        0x080014d1   Thumb Code    10  stm32f4xx_hal_gpio.o(i.HAL_GPIO_WritePin)
    HAL_GetTick                              0x080014dd   Thumb Code     6  stm32f4xx_hal.o(i.HAL_GetTick)
    HAL_IncTick                              0x080014e9   Thumb Code    12  stm32f4xx_hal.o(i.HAL_IncTick)
    HAL_Init                                 0x080014f9   Thumb Code    48  stm32f4xx_hal.o(i.HAL_Init)
    HAL_InitTick                             0x0800152d   Thumb Code    54  stm32f4xx_hal.o(i.HAL_InitTick)
    HAL_MspInit                              0x0800156d   Thumb Code    52  stm32f4xx_hal_msp.o(i.HAL_MspInit)
    HAL_NVIC_EnableIRQ                       0x080015a5   Thumb Code    26  stm32f4xx_hal_cortex.o(i.HAL_NVIC_EnableIRQ)
    HAL_NVIC_SetPriority                     0x080015c1   Thumb Code    60  stm32f4xx_hal_cortex.o(i.HAL_NVIC_SetPriority)
    HAL_NVIC_SetPriorityGrouping             0x08001601   Thumb Code    26  stm32f4xx_hal_cortex.o(i.HAL_NVIC_SetPriorityGrouping)
    HAL_RCC_ClockConfig                      0x08001625   Thumb Code   288  stm32f4xx_hal_rcc.o(i.HAL_RCC_ClockConfig)
    HAL_RCC_GetPCLK1Freq                     0x08001759   Thumb Code    20  stm32f4xx_hal_rcc.o(i.HAL_RCC_GetPCLK1Freq)
    HAL_RCC_GetPCLK2Freq                     0x08001779   Thumb Code    20  stm32f4xx_hal_rcc.o(i.HAL_RCC_GetPCLK2Freq)
    HAL_RCC_GetSysClockFreq                  0x08001799   Thumb Code   140  stm32f4xx_hal_rcc_ex.o(i.HAL_RCC_GetSysClockFreq)
    HAL_RCC_OscConfig                        0x08001831   Thumb Code   900  stm32f4xx_hal_rcc_ex.o(i.HAL_RCC_OscConfig)
    HAL_SYSTICK_Config                       0x08001bc9   Thumb Code    40  stm32f4xx_hal_cortex.o(i.HAL_SYSTICK_Config)
    HAL_UARTEx_RxEventCallback               0x08001bf1   Thumb Code     2  stm32f4xx_hal_uart.o(i.HAL_UARTEx_RxEventCallback)
    HAL_UART_ErrorCallback                   0x08001bf3   Thumb Code     2  stm32f4xx_hal_uart.o(i.HAL_UART_ErrorCallback)
    HAL_UART_IRQHandler                      0x08001bf5   Thumb Code   610  stm32f4xx_hal_uart.o(i.HAL_UART_IRQHandler)
    HAL_UART_Init                            0x08001e5d   Thumb Code    98  stm32f4xx_hal_uart.o(i.HAL_UART_Init)
    HAL_UART_MspInit                         0x08001ec1   Thumb Code   520  usart.o(i.HAL_UART_MspInit)
    HAL_UART_Receive_IT                      0x080020f9   Thumb Code    42  stm32f4xx_hal_uart.o(i.HAL_UART_Receive_IT)
    HAL_UART_RxCpltCallback                  0x08002125   Thumb Code   114  uart_user.o(i.HAL_UART_RxCpltCallback)
    HAL_UART_TxCpltCallback                  0x080021a9   Thumb Code     2  stm32f4xx_hal_uart.o(i.HAL_UART_TxCpltCallback)
    HardFault_Handler                        0x080021ab   Thumb Code     2  stm32f4xx_it.o(i.HardFault_Handler)
    MX_CAN1_Init                             0x080021ad   Thumb Code    60  can.o(i.MX_CAN1_Init)
    MX_CAN2_Init                             0x080021f1   Thumb Code    60  can.o(i.MX_CAN2_Init)
    MX_DMA_Init                              0x08002235   Thumb Code    72  dma.o(i.MX_DMA_Init)
    MX_FREERTOS_Init                         0x08002281   Thumb Code    52  freertos.o(i.MX_FREERTOS_Init)
    MX_GPIO_Init                             0x080022bd   Thumb Code   148  gpio.o(i.MX_GPIO_Init)
    MX_UART5_Init                            0x08002359   Thumb Code    48  usart.o(i.MX_UART5_Init)
    MX_USART1_UART_Init                      0x08002391   Thumb Code    48  usart.o(i.MX_USART1_UART_Init)
    MX_USART3_UART_Init                      0x080023c9   Thumb Code    46  usart.o(i.MX_USART3_UART_Init)
    MX_USART6_UART_Init                      0x08002405   Thumb Code    48  usart.o(i.MX_USART6_UART_Init)
    MemManage_Handler                        0x0800243d   Thumb Code     2  stm32f4xx_it.o(i.MemManage_Handler)
    NMI_Handler                              0x0800243f   Thumb Code     2  stm32f4xx_it.o(i.NMI_Handler)
    RC_init                                  0x08002441   Thumb Code    84  bsp_rc.o(i.RC_init)
    StartDefaultTask                         0x080024a1   Thumb Code     8  freertos.o(i.StartDefaultTask)
    SysTick_Handler                          0x080024a9   Thumb Code    24  stm32f4xx_it.o(i.SysTick_Handler)
    SystemClock_Config                       0x080024c1   Thumb Code   140  main.o(i.SystemClock_Config)
    SystemInit                               0x08002555   Thumb Code    12  system_stm32f4xx.o(i.SystemInit)
    UART5_IRQHandler                         0x08002565   Thumb Code     6  stm32f4xx_it.o(i.UART5_IRQHandler)
    UART_Start_Receive_IT                    0x0800279d   Thumb Code    58  stm32f4xx_hal_uart.o(i.UART_Start_Receive_IT)
    USART3_IRQHandler                        0x080027d9   Thumb Code   156  remote_control.o(i.USART3_IRQHandler)
    USART6_IRQHandler                        0x0800288d   Thumb Code     6  stm32f4xx_it.o(i.USART6_IRQHandler)
    UsageFault_Handler                       0x08002899   Thumb Code     2  stm32f4xx_it.o(i.UsageFault_Handler)
    arm_task                                 0x080028bb   Thumb Code    16  arm_task.o(i.arm_task)
    can_filter_init                          0x080028cd   Thumb Code    80  can_user.o(i.can_filter_init)
    data_receive_IT                          0x08002925   Thumb Code    26  uart_user.o(i.data_receive_IT)
    main                                     0x0800294d   Thumb Code    62  main.o(i.main)
    motor_commend                            0x08002999   Thumb Code    50  can_user.o(i.motor_commend)
    motor_init                               0x080029d1   Thumb Code   180  arm_task.o(i.motor_init)
    osDelay                                  0x08002a91   Thumb Code    14  cmsis_os.o(i.osDelay)
    osKernelStart                            0x08002a9f   Thumb Code    10  cmsis_os.o(i.osKernelStart)
    osThreadCreate                           0x08002aa9   Thumb Code    84  cmsis_os.o(i.osThreadCreate)
    pvPortMalloc                             0x08002e49   Thumb Code   216  heap_4.o(i.pvPortMalloc)
    pxPortInitialiseStack                    0x08002f25   Thumb Code    40  port.o(i.pxPortInitialiseStack)
    remote_control_init                      0x08002f51   Thumb Code    12  remote_control.o(i.remote_control_init)
    uint_to_float                            0x08003015   Thumb Code    40  bsp_can.o(i.uint_to_float)
    uxListRemove                             0x0800303d   Thumb Code    38  list.o(i.uxListRemove)
    vApplicationGetIdleTaskMemory            0x08003065   Thumb Code    16  freertos.o(i.vApplicationGetIdleTaskMemory)
    vListInitialise                          0x08003079   Thumb Code    22  list.o(i.vListInitialise)
    vListInitialiseItem                      0x0800308f   Thumb Code     6  list.o(i.vListInitialiseItem)
    vListInsert                              0x08003095   Thumb Code    48  list.o(i.vListInsert)
    vListInsertEnd                           0x080030c5   Thumb Code    24  list.o(i.vListInsertEnd)
    vPortEnterCritical                       0x080030dd   Thumb Code    54  port.o(i.vPortEnterCritical)
    vPortExitCritical                        0x0800311d   Thumb Code    34  port.o(i.vPortExitCritical)
    vPortFree                                0x08003145   Thumb Code    94  heap_4.o(i.vPortFree)
    vPortSetupTimerInterrupt                 0x080031a9   Thumb Code    32  port.o(i.vPortSetupTimerInterrupt)
    vTaskDelay                               0x080031cd   Thumb Code    66  tasks.o(i.vTaskDelay)
    vTaskStartScheduler                      0x08003219   Thumb Code    90  tasks.o(i.vTaskStartScheduler)
    vTaskSuspendAll                          0x08003285   Thumb Code    10  tasks.o(i.vTaskSuspendAll)
    vTaskSwitchContext                       0x08003295   Thumb Code    82  tasks.o(i.vTaskSwitchContext)
    xPortStartScheduler                      0x080032f1   Thumb Code   222  port.o(i.xPortStartScheduler)
    xPortSysTickHandler                      0x080033e5   Thumb Code    38  port.o(i.xPortSysTickHandler)
    xTaskCreate                              0x08003411   Thumb Code    90  tasks.o(i.xTaskCreate)
    xTaskCreateStatic                        0x0800346b   Thumb Code    86  tasks.o(i.xTaskCreateStatic)
    xTaskGetSchedulerState                   0x080034c1   Thumb Code    22  tasks.o(i.xTaskGetSchedulerState)
    xTaskIncrementTick                       0x080034dd   Thumb Code   194  tasks.o(i.xTaskIncrementTick)
    xTaskResumeAll                           0x080035a9   Thumb Code   182  tasks.o(i.xTaskResumeAll)
    _fp_init                                 0x0800366d   Thumb Code    10  fpinit.o(x$fpl$fpinit)
    __fplib_config_fpu_vfp                   0x08003675   Thumb Code     0  fpinit.o(x$fpl$fpinit)
    __fplib_config_pureend_doubles           0x08003675   Thumb Code     0  fpinit.o(x$fpl$fpinit)
    AHBPrescTable                            0x080036b8   Data          16  system_stm32f4xx.o(.constdata)
    APBPrescTable                            0x080036c8   Data           8  system_stm32f4xx.o(.constdata)
    Region$$Table$$Base                      0x080036e8   Number         0  anon$$obj.o(Region$$Table)
    Region$$Table$$Limit                     0x08003708   Number         0  anon$$obj.o(Region$$Table)
    defaultTaskHandle                        0x20000000   Data           4  freertos.o(.data)
    ARM_TASKHandle                           0x20000004   Data           4  freertos.o(.data)
    uwTickFreq                               0x2000000c   Data           1  stm32f4xx_hal.o(.data)
    uwTickPrio                               0x20000010   Data           4  stm32f4xx_hal.o(.data)
    uwTick                                   0x20000014   Data           4  stm32f4xx_hal.o(.data)
    SystemCoreClock                          0x20000018   Data           4  system_stm32f4xx.o(.data)
    pxCurrentTCB                             0x2000001c   Data           4  tasks.o(.data)
    Data_Enable                              0x20000084   Data           8  can_user.o(.data)
    buffer_length                            0x2000008c   Data           1  uart_user.o(.data)
    data_length                              0x2000008d   Data           1  uart_user.o(.data)
    app_data                                 0x2000008f   Data           6  uart_user.o(.data)
    hcan1                                    0x200002ec   Data          40  can.o(.bss)
    hcan2                                    0x20000314   Data          40  can.o(.bss)
    huart5                                   0x2000033c   Data          68  usart.o(.bss)
    huart1                                   0x20000380   Data          68  usart.o(.bss)
    huart3                                   0x200003c4   Data          68  usart.o(.bss)
    huart6                                   0x20000408   Data          68  usart.o(.bss)
    hdma_usart1_tx                           0x2000044c   Data          96  usart.o(.bss)
    hdma_usart3_rx                           0x200004ac   Data          96  usart.o(.bss)
    CAN_1                                    0x20004244   Data         116  bsp_can.o(.bss)
    motor_info                               0x200042d0   Data         160  can_user.o(.bss)
    tx_buffer                                0x20004370   Data          10  uart_user.o(.bss)
    rx_buffer_6                              0x2000437a   Data          15  uart_user.o(.bss)
    ch05_data                                0x20004389   Data          12  uart_user.o(.bss)
    rc_ctrl                                  0x20004395   Data          22  remote_control.o(.bss)
    __libspace_start                         0x200043f4   Data          96  libspace.o(.bss)
    __temporary_stack_top$libspace           0x20004454   Data           0  libspace.o(.bss)



==============================================================================

Memory Map of the image

  Image Entry point : 0x080001c5

  Load Region LR_IROM1 (Base: 0x08000000, Size: 0x000037a0, Max: 0x00040000, ABSOLUTE)

    Execution Region ER_IROM1 (Exec base: 0x08000000, Load base: 0x08000000, Size: 0x00003708, Max: 0x00040000, ABSOLUTE)

    Exec Addr    Load Addr    Size         Type   Attr      Idx    E Section Name        Object

    0x08000000   0x08000000   0x000001c4   Data   RO            3    RESET               startup_stm32f446xx.o
    0x080001c4   0x080001c4   0x00000008   Code   RO         4176  * !!!main             c_w.l(__main.o)
    0x080001cc   0x080001cc   0x00000034   Code   RO         4345    !!!scatter          c_w.l(__scatter.o)
    0x08000200   0x08000200   0x0000001a   Code   RO         4347    !!handler_copy      c_w.l(__scatter_copy.o)
    0x0800021a   0x0800021a   0x00000002   PAD
    0x0800021c   0x0800021c   0x0000001c   Code   RO         4349    !!handler_zi        c_w.l(__scatter_zi.o)
    0x08000238   0x08000238   0x00000002   Code   RO         4215    .ARM.Collect$$libinit$$00000000  c_w.l(libinit.o)
    0x0800023a   0x0800023a   0x00000004   Code   RO         4227    .ARM.Collect$$libinit$$00000001  c_w.l(libinit2.o)
    0x0800023e   0x0800023e   0x00000000   Code   RO         4230    .ARM.Collect$$libinit$$00000004  c_w.l(libinit2.o)
    0x0800023e   0x0800023e   0x00000000   Code   RO         4233    .ARM.Collect$$libinit$$0000000A  c_w.l(libinit2.o)
    0x0800023e   0x0800023e   0x00000000   Code   RO         4235    .ARM.Collect$$libinit$$0000000C  c_w.l(libinit2.o)
    0x0800023e   0x0800023e   0x00000000   Code   RO         4237    .ARM.Collect$$libinit$$0000000E  c_w.l(libinit2.o)
    0x0800023e   0x0800023e   0x00000000   Code   RO         4240    .ARM.Collect$$libinit$$00000011  c_w.l(libinit2.o)
    0x0800023e   0x0800023e   0x00000000   Code   RO         4242    .ARM.Collect$$libinit$$00000013  c_w.l(libinit2.o)
    0x0800023e   0x0800023e   0x00000000   Code   RO         4244    .ARM.Collect$$libinit$$00000015  c_w.l(libinit2.o)
    0x0800023e   0x0800023e   0x00000000   Code   RO         4246    .ARM.Collect$$libinit$$00000017  c_w.l(libinit2.o)
    0x0800023e   0x0800023e   0x00000000   Code   RO         4248    .ARM.Collect$$libinit$$00000019  c_w.l(libinit2.o)
    0x0800023e   0x0800023e   0x00000000   Code   RO         4250    .ARM.Collect$$libinit$$0000001B  c_w.l(libinit2.o)
    0x0800023e   0x0800023e   0x00000000   Code   RO         4252    .ARM.Collect$$libinit$$0000001D  c_w.l(libinit2.o)
    0x0800023e   0x0800023e   0x00000000   Code   RO         4254    .ARM.Collect$$libinit$$0000001F  c_w.l(libinit2.o)
    0x0800023e   0x0800023e   0x00000000   Code   RO         4256    .ARM.Collect$$libinit$$00000021  c_w.l(libinit2.o)
    0x0800023e   0x0800023e   0x00000000   Code   RO         4258    .ARM.Collect$$libinit$$00000023  c_w.l(libinit2.o)
    0x0800023e   0x0800023e   0x00000000   Code   RO         4260    .ARM.Collect$$libinit$$00000025  c_w.l(libinit2.o)
    0x0800023e   0x0800023e   0x00000000   Code   RO         4264    .ARM.Collect$$libinit$$0000002C  c_w.l(libinit2.o)
    0x0800023e   0x0800023e   0x00000000   Code   RO         4266    .ARM.Collect$$libinit$$0000002E  c_w.l(libinit2.o)
    0x0800023e   0x0800023e   0x00000000   Code   RO         4268    .ARM.Collect$$libinit$$00000030  c_w.l(libinit2.o)
    0x0800023e   0x0800023e   0x00000000   Code   RO         4270    .ARM.Collect$$libinit$$00000032  c_w.l(libinit2.o)
    0x0800023e   0x0800023e   0x00000002   Code   RO         4271    .ARM.Collect$$libinit$$00000033  c_w.l(libinit2.o)
    0x08000240   0x08000240   0x00000002   Code   RO         4302    .ARM.Collect$$libshutdown$$00000000  c_w.l(libshutdown.o)
    0x08000242   0x08000242   0x00000000   Code   RO         4328    .ARM.Collect$$libshutdown$$00000002  c_w.l(libshutdown2.o)
    0x08000242   0x08000242   0x00000000   Code   RO         4330    .ARM.Collect$$libshutdown$$00000004  c_w.l(libshutdown2.o)
    0x08000242   0x08000242   0x00000000   Code   RO         4333    .ARM.Collect$$libshutdown$$00000007  c_w.l(libshutdown2.o)
    0x08000242   0x08000242   0x00000000   Code   RO         4336    .ARM.Collect$$libshutdown$$0000000A  c_w.l(libshutdown2.o)
    0x08000242   0x08000242   0x00000000   Code   RO         4338    .ARM.Collect$$libshutdown$$0000000C  c_w.l(libshutdown2.o)
    0x08000242   0x08000242   0x00000000   Code   RO         4341    .ARM.Collect$$libshutdown$$0000000F  c_w.l(libshutdown2.o)
    0x08000242   0x08000242   0x00000002   Code   RO         4342    .ARM.Collect$$libshutdown$$00000010  c_w.l(libshutdown2.o)
    0x08000244   0x08000244   0x00000000   Code   RO         4178    .ARM.Collect$$rtentry$$00000000  c_w.l(__rtentry.o)
    0x08000244   0x08000244   0x00000000   Code   RO         4186    .ARM.Collect$$rtentry$$00000002  c_w.l(__rtentry2.o)
    0x08000244   0x08000244   0x00000006   Code   RO         4198    .ARM.Collect$$rtentry$$00000004  c_w.l(__rtentry4.o)
    0x0800024a   0x0800024a   0x00000000   Code   RO         4188    .ARM.Collect$$rtentry$$00000009  c_w.l(__rtentry2.o)
    0x0800024a   0x0800024a   0x00000004   Code   RO         4189    .ARM.Collect$$rtentry$$0000000A  c_w.l(__rtentry2.o)
    0x0800024e   0x0800024e   0x00000000   Code   RO         4191    .ARM.Collect$$rtentry$$0000000C  c_w.l(__rtentry2.o)
    0x0800024e   0x0800024e   0x00000008   Code   RO         4192    .ARM.Collect$$rtentry$$0000000D  c_w.l(__rtentry2.o)
    0x08000256   0x08000256   0x00000002   Code   RO         4219    .ARM.Collect$$rtexit$$00000000  c_w.l(rtexit.o)
    0x08000258   0x08000258   0x00000000   Code   RO         4275    .ARM.Collect$$rtexit$$00000002  c_w.l(rtexit2.o)
    0x08000258   0x08000258   0x00000004   Code   RO         4276    .ARM.Collect$$rtexit$$00000003  c_w.l(rtexit2.o)
    0x0800025c   0x0800025c   0x00000006   Code   RO         4277    .ARM.Collect$$rtexit$$00000004  c_w.l(rtexit2.o)
    0x08000262   0x08000262   0x00000002   PAD
    0x08000264   0x08000264   0x000000be   Code   RO         3667    .emb_text           port.o
    0x08000322   0x08000322   0x00000002   PAD
    0x08000324   0x08000324   0x00000040   Code   RO            4    .text               startup_stm32f446xx.o
    0x08000364   0x08000364   0x000000ee   Code   RO         4164    .text               c_w.l(lludivv7m.o)
    0x08000452   0x08000452   0x00000064   Code   RO         4168    .text               c_w.l(rt_memcpy_w.o)
    0x080004b6   0x080004b6   0x0000004e   Code   RO         4172    .text               c_w.l(rt_memclr_w.o)
    0x08000504   0x08000504   0x00000006   Code   RO         4174    .text               c_w.l(heapauxi.o)
    0x0800050a   0x0800050a   0x0000004a   Code   RO         4202    .text               c_w.l(sys_stackheap_outer.o)
    0x08000554   0x08000554   0x00000012   Code   RO         4204    .text               c_w.l(exit.o)
    0x08000566   0x08000566   0x00000002   PAD
    0x08000568   0x08000568   0x00000008   Code   RO         4216    .text               c_w.l(libspace.o)
    0x08000570   0x08000570   0x0000000c   Code   RO         4272    .text               c_w.l(sys_exit.o)
    0x0800057c   0x0800057c   0x00000002   Code   RO         4291    .text               c_w.l(use_no_semi.o)
    0x0800057e   0x0800057e   0x00000000   Code   RO         4293    .text               c_w.l(indicate_semi.o)
    0x0800057e   0x0800057e   0x00000002   Code   RO          427    i.BusFault_Handler  stm32f4xx_it.o
    0x08000580   0x08000580   0x0000000c   Code   RO          428    i.CAN1_RX0_IRQHandler  stm32f4xx_it.o
    0x0800058c   0x0800058c   0x00000040   Code   RO         3955    i.CANx_SendStdData  can_user.o
    0x080005cc   0x080005cc   0x0000000c   Code   RO          429    i.DMA1_Stream1_IRQHandler  stm32f4xx_it.o
    0x080005d8   0x080005d8   0x0000000c   Code   RO          430    i.DMA2_Stream7_IRQHandler  stm32f4xx_it.o
    0x080005e4   0x080005e4   0x00000028   Code   RO         1328    i.DMA_CalcBaseAndBitshift  stm32f4xx_hal_dma.o
    0x0800060c   0x0800060c   0x00000054   Code   RO         1329    i.DMA_CheckFifoParam  stm32f4xx_hal_dma.o
    0x08000660   0x08000660   0x00000002   Code   RO          431    i.DebugMon_Handler  stm32f4xx_it.o
    0x08000662   0x08000662   0x00000004   Code   RO           13    i.Error_Handler     main.o
    0x08000666   0x08000666   0x00000024   Code   RO          552    i.HAL_CAN_ActivateNotification  stm32f4xx_hal_can.o
    0x0800068a   0x0800068a   0x000000c8   Code   RO          553    i.HAL_CAN_AddTxMessage  stm32f4xx_hal_can.o
    0x08000752   0x08000752   0x00000002   PAD
    0x08000754   0x08000754   0x0000010c   Code   RO          554    i.HAL_CAN_ConfigFilter  stm32f4xx_hal_can.o
    0x08000860   0x08000860   0x00000002   Code   RO          557    i.HAL_CAN_ErrorCallback  stm32f4xx_hal_can.o
    0x08000862   0x08000862   0x000000e8   Code   RO          560    i.HAL_CAN_GetRxMessage  stm32f4xx_hal_can.o
    0x0800094a   0x0800094a   0x000001fc   Code   RO          564    i.HAL_CAN_IRQHandler  stm32f4xx_hal_can.o
    0x08000b46   0x08000b46   0x0000011a   Code   RO          565    i.HAL_CAN_Init      stm32f4xx_hal_can.o
    0x08000c60   0x08000c60   0x000000f8   Code   RO          295    i.HAL_CAN_MspInit   can.o
    0x08000d58   0x08000d58   0x00000002   Code   RO          572    i.HAL_CAN_RxFifo0FullCallback  stm32f4xx_hal_can.o
    0x08000d5a   0x08000d5a   0x00000002   PAD
    0x08000d5c   0x08000d5c   0x000001dc   Code   RO         3796    i.HAL_CAN_RxFifo0MsgPendingCallback  bsp_can.o
    0x08000f38   0x08000f38   0x00000002   Code   RO          574    i.HAL_CAN_RxFifo1FullCallback  stm32f4xx_hal_can.o
    0x08000f3a   0x08000f3a   0x00000002   Code   RO          575    i.HAL_CAN_RxFifo1MsgPendingCallback  stm32f4xx_hal_can.o
    0x08000f3c   0x08000f3c   0x00000002   Code   RO          576    i.HAL_CAN_SleepCallback  stm32f4xx_hal_can.o
    0x08000f3e   0x08000f3e   0x00000002   PAD
    0x08000f40   0x08000f40   0x00000058   Code   RO          577    i.HAL_CAN_Start     stm32f4xx_hal_can.o
    0x08000f98   0x08000f98   0x00000002   Code   RO          579    i.HAL_CAN_TxMailbox0AbortCallback  stm32f4xx_hal_can.o
    0x08000f9a   0x08000f9a   0x00000002   Code   RO          580    i.HAL_CAN_TxMailbox0CompleteCallback  stm32f4xx_hal_can.o
    0x08000f9c   0x08000f9c   0x00000002   Code   RO          581    i.HAL_CAN_TxMailbox1AbortCallback  stm32f4xx_hal_can.o
    0x08000f9e   0x08000f9e   0x00000002   Code   RO          582    i.HAL_CAN_TxMailbox1CompleteCallback  stm32f4xx_hal_can.o
    0x08000fa0   0x08000fa0   0x00000002   Code   RO          583    i.HAL_CAN_TxMailbox2AbortCallback  stm32f4xx_hal_can.o
    0x08000fa2   0x08000fa2   0x00000002   Code   RO          584    i.HAL_CAN_TxMailbox2CompleteCallback  stm32f4xx_hal_can.o
    0x08000fa4   0x08000fa4   0x00000002   Code   RO          586    i.HAL_CAN_WakeUpFromRxMsgCallback  stm32f4xx_hal_can.o
    0x08000fa6   0x08000fa6   0x00000092   Code   RO         1331    i.HAL_DMA_Abort     stm32f4xx_hal_dma.o
    0x08001038   0x08001038   0x00000024   Code   RO         1332    i.HAL_DMA_Abort_IT  stm32f4xx_hal_dma.o
    0x0800105c   0x0800105c   0x000001a0   Code   RO         1336    i.HAL_DMA_IRQHandler  stm32f4xx_hal_dma.o
    0x080011fc   0x080011fc   0x000000d4   Code   RO         1337    i.HAL_DMA_Init      stm32f4xx_hal_dma.o
    0x080012d0   0x080012d0   0x00000024   Code   RO         1768    i.HAL_Delay         stm32f4xx_hal.o
    0x080012f4   0x080012f4   0x000001dc   Code   RO         1224    i.HAL_GPIO_Init     stm32f4xx_hal_gpio.o
    0x080014d0   0x080014d0   0x0000000a   Code   RO         1228    i.HAL_GPIO_WritePin  stm32f4xx_hal_gpio.o
    0x080014da   0x080014da   0x00000002   PAD
    0x080014dc   0x080014dc   0x0000000c   Code   RO         1774    i.HAL_GetTick       stm32f4xx_hal.o
    0x080014e8   0x080014e8   0x00000010   Code   RO         1780    i.HAL_IncTick       stm32f4xx_hal.o
    0x080014f8   0x080014f8   0x00000034   Code   RO         1781    i.HAL_Init          stm32f4xx_hal.o
    0x0800152c   0x0800152c   0x00000040   Code   RO         1782    i.HAL_InitTick      stm32f4xx_hal.o
    0x0800156c   0x0800156c   0x00000038   Code   RO          527    i.HAL_MspInit       stm32f4xx_hal_msp.o
    0x080015a4   0x080015a4   0x0000001a   Code   RO         1631    i.HAL_NVIC_EnableIRQ  stm32f4xx_hal_cortex.o
    0x080015be   0x080015be   0x00000002   PAD
    0x080015c0   0x080015c0   0x00000040   Code   RO         1637    i.HAL_NVIC_SetPriority  stm32f4xx_hal_cortex.o
    0x08001600   0x08001600   0x00000024   Code   RO         1638    i.HAL_NVIC_SetPriorityGrouping  stm32f4xx_hal_cortex.o
    0x08001624   0x08001624   0x00000134   Code   RO          786    i.HAL_RCC_ClockConfig  stm32f4xx_hal_rcc.o
    0x08001758   0x08001758   0x00000020   Code   RO          793    i.HAL_RCC_GetPCLK1Freq  stm32f4xx_hal_rcc.o
    0x08001778   0x08001778   0x00000020   Code   RO          794    i.HAL_RCC_GetPCLK2Freq  stm32f4xx_hal_rcc.o
    0x08001798   0x08001798   0x00000098   Code   RO          897    i.HAL_RCC_GetSysClockFreq  stm32f4xx_hal_rcc_ex.o
    0x08001830   0x08001830   0x00000398   Code   RO          898    i.HAL_RCC_OscConfig  stm32f4xx_hal_rcc_ex.o
    0x08001bc8   0x08001bc8   0x00000028   Code   RO         1642    i.HAL_SYSTICK_Config  stm32f4xx_hal_cortex.o
    0x08001bf0   0x08001bf0   0x00000002   Code   RO         2066    i.HAL_UARTEx_RxEventCallback  stm32f4xx_hal_uart.o
    0x08001bf2   0x08001bf2   0x00000002   Code   RO         2080    i.HAL_UART_ErrorCallback  stm32f4xx_hal_uart.o
    0x08001bf4   0x08001bf4   0x00000268   Code   RO         2083    i.HAL_UART_IRQHandler  stm32f4xx_hal_uart.o
    0x08001e5c   0x08001e5c   0x00000062   Code   RO         2084    i.HAL_UART_Init     stm32f4xx_hal_uart.o
    0x08001ebe   0x08001ebe   0x00000002   PAD
    0x08001ec0   0x08001ec0   0x00000238   Code   RO          368    i.HAL_UART_MspInit  usart.o
    0x080020f8   0x080020f8   0x0000002a   Code   RO         2089    i.HAL_UART_Receive_IT  stm32f4xx_hal_uart.o
    0x08002122   0x08002122   0x00000002   PAD
    0x08002124   0x08002124   0x00000084   Code   RO         4002    i.HAL_UART_RxCpltCallback  uart_user.o
    0x080021a8   0x080021a8   0x00000002   Code   RO         2095    i.HAL_UART_TxCpltCallback  stm32f4xx_hal_uart.o
    0x080021aa   0x080021aa   0x00000002   Code   RO          432    i.HardFault_Handler  stm32f4xx_it.o
    0x080021ac   0x080021ac   0x00000044   Code   RO          296    i.MX_CAN1_Init      can.o
    0x080021f0   0x080021f0   0x00000044   Code   RO          297    i.MX_CAN2_Init      can.o
    0x08002234   0x08002234   0x0000004c   Code   RO          343    i.MX_DMA_Init       dma.o
    0x08002280   0x08002280   0x0000003c   Code   RO          241    i.MX_FREERTOS_Init  freertos.o
    0x080022bc   0x080022bc   0x0000009c   Code   RO          217    i.MX_GPIO_Init      gpio.o
    0x08002358   0x08002358   0x00000038   Code   RO          369    i.MX_UART5_Init     usart.o
    0x08002390   0x08002390   0x00000038   Code   RO          370    i.MX_USART1_UART_Init  usart.o
    0x080023c8   0x080023c8   0x0000003c   Code   RO          371    i.MX_USART3_UART_Init  usart.o
    0x08002404   0x08002404   0x00000038   Code   RO          372    i.MX_USART6_UART_Init  usart.o
    0x0800243c   0x0800243c   0x00000002   Code   RO          433    i.MemManage_Handler  stm32f4xx_it.o
    0x0800243e   0x0800243e   0x00000002   Code   RO          434    i.NMI_Handler       stm32f4xx_it.o
    0x08002440   0x08002440   0x00000060   Code   RO         3864    i.RC_init           bsp_rc.o
    0x080024a0   0x080024a0   0x00000008   Code   RO          242    i.StartDefaultTask  freertos.o
    0x080024a8   0x080024a8   0x00000018   Code   RO          435    i.SysTick_Handler   stm32f4xx_it.o
    0x080024c0   0x080024c0   0x00000094   Code   RO           14    i.SystemClock_Config  main.o
    0x08002554   0x08002554   0x00000010   Code   RO         2413    i.SystemInit        system_stm32f4xx.o
    0x08002564   0x08002564   0x0000000c   Code   RO          436    i.UART5_IRQHandler  stm32f4xx_it.o
    0x08002570   0x08002570   0x00000010   Code   RO         2097    i.UART_DMAAbortOnError  stm32f4xx_hal_uart.o
    0x08002580   0x08002580   0x0000004e   Code   RO         2107    i.UART_EndRxTransfer  stm32f4xx_hal_uart.o
    0x080025ce   0x080025ce   0x000000c0   Code   RO         2109    i.UART_Receive_IT   stm32f4xx_hal_uart.o
    0x0800268e   0x0800268e   0x00000002   PAD
    0x08002690   0x08002690   0x0000010c   Code   RO         2110    i.UART_SetConfig    stm32f4xx_hal_uart.o
    0x0800279c   0x0800279c   0x0000003a   Code   RO         2112    i.UART_Start_Receive_IT  stm32f4xx_hal_uart.o
    0x080027d6   0x080027d6   0x00000002   PAD
    0x080027d8   0x080027d8   0x000000b4   Code   RO         4056    i.USART3_IRQHandler  remote_control.o
    0x0800288c   0x0800288c   0x0000000c   Code   RO          438    i.USART6_IRQHandler  stm32f4xx_it.o
    0x08002898   0x08002898   0x00000002   Code   RO          439    i.UsageFault_Handler  stm32f4xx_it.o
    0x0800289a   0x0800289a   0x00000020   Code   RO         1644    i.__NVIC_SetPriority  stm32f4xx_hal_cortex.o
    0x080028ba   0x080028ba   0x00000010   Code   RO         3747    i.arm_task          arm_task.o
    0x080028ca   0x080028ca   0x00000002   PAD
    0x080028cc   0x080028cc   0x00000058   Code   RO         3956    i.can_filter_init   can_user.o
    0x08002924   0x08002924   0x00000028   Code   RO         4003    i.data_receive_IT   uart_user.o
    0x0800294c   0x0800294c   0x0000003e   Code   RO           15    i.main              main.o
    0x0800298a   0x0800298a   0x0000000c   Code   RO         3233    i.makeFreeRtosPriority  cmsis_os.o
    0x08002996   0x08002996   0x00000002   PAD
    0x08002998   0x08002998   0x00000038   Code   RO         3957    i.motor_commend     can_user.o
    0x080029d0   0x080029d0   0x000000c0   Code   RO         3749    i.motor_init        arm_task.o
    0x08002a90   0x08002a90   0x0000000e   Code   RO         3235    i.osDelay           cmsis_os.o
    0x08002a9e   0x08002a9e   0x0000000a   Code   RO         3238    i.osKernelStart     cmsis_os.o
    0x08002aa8   0x08002aa8   0x00000054   Code   RO         3272    i.osThreadCreate    cmsis_os.o
    0x08002afc   0x08002afc   0x00000070   Code   RO         2915    i.prvAddCurrentTaskToDelayedList  tasks.o
    0x08002b6c   0x08002b6c   0x000000d0   Code   RO         2916    i.prvAddNewTaskToReadyList  tasks.o
    0x08002c3c   0x08002c3c   0x00000034   Code   RO         2917    i.prvDeleteTCB      tasks.o
    0x08002c70   0x08002c70   0x0000004c   Code   RO         3600    i.prvHeapInit       heap_4.o
    0x08002cbc   0x08002cbc   0x00000060   Code   RO         2918    i.prvIdleTask       tasks.o
    0x08002d1c   0x08002d1c   0x00000098   Code   RO         2919    i.prvInitialiseNewTask  tasks.o
    0x08002db4   0x08002db4   0x0000004c   Code   RO         3601    i.prvInsertBlockIntoFreeList  heap_4.o
    0x08002e00   0x08002e00   0x00000020   Code   RO         2920    i.prvResetNextTaskUnblockTime  tasks.o
    0x08002e20   0x08002e20   0x00000028   Code   RO         3668    i.prvTaskExitError  port.o
    0x08002e48   0x08002e48   0x000000dc   Code   RO         3602    i.pvPortMalloc      heap_4.o
    0x08002f24   0x08002f24   0x0000002c   Code   RO         3669    i.pxPortInitialiseStack  port.o
    0x08002f50   0x08002f50   0x00000010   Code   RO         4058    i.remote_control_init  remote_control.o
    0x08002f60   0x08002f60   0x000000b4   Code   RO         4059    i.sbus_to_rc        remote_control.o
    0x08003014   0x08003014   0x00000028   Code   RO         3802    i.uint_to_float     bsp_can.o
    0x0800303c   0x0800303c   0x00000026   Code   RO         2551    i.uxListRemove      list.o
    0x08003062   0x08003062   0x00000002   PAD
    0x08003064   0x08003064   0x00000014   Code   RO          243    i.vApplicationGetIdleTaskMemory  freertos.o
    0x08003078   0x08003078   0x00000016   Code   RO         2552    i.vListInitialise   list.o
    0x0800308e   0x0800308e   0x00000006   Code   RO         2553    i.vListInitialiseItem  list.o
    0x08003094   0x08003094   0x00000030   Code   RO         2554    i.vListInsert       list.o
    0x080030c4   0x080030c4   0x00000018   Code   RO         2555    i.vListInsertEnd    list.o
    0x080030dc   0x080030dc   0x00000040   Code   RO         3671    i.vPortEnterCritical  port.o
    0x0800311c   0x0800311c   0x00000028   Code   RO         3672    i.vPortExitCritical  port.o
    0x08003144   0x08003144   0x00000064   Code   RO         3603    i.vPortFree         heap_4.o
    0x080031a8   0x080031a8   0x00000024   Code   RO         3673    i.vPortSetupTimerInterrupt  port.o
    0x080031cc   0x080031cc   0x0000004c   Code   RO         2929    i.vTaskDelay        tasks.o
    0x08003218   0x08003218   0x0000006c   Code   RO         2942    i.vTaskStartScheduler  tasks.o
    0x08003284   0x08003284   0x00000010   Code   RO         2944    i.vTaskSuspendAll   tasks.o
    0x08003294   0x08003294   0x0000005c   Code   RO         2945    i.vTaskSwitchContext  tasks.o
    0x080032f0   0x080032f0   0x000000f4   Code   RO         3675    i.xPortStartScheduler  port.o
    0x080033e4   0x080033e4   0x0000002c   Code   RO         3676    i.xPortSysTickHandler  port.o
    0x08003410   0x08003410   0x0000005a   Code   RO         2948    i.xTaskCreate       tasks.o
    0x0800346a   0x0800346a   0x00000056   Code   RO         2949    i.xTaskCreateStatic  tasks.o
    0x080034c0   0x080034c0   0x0000001c   Code   RO         2953    i.xTaskGetSchedulerState  tasks.o
    0x080034dc   0x080034dc   0x000000cc   Code   RO         2956    i.xTaskIncrementTick  tasks.o
    0x080035a8   0x080035a8   0x000000c4   Code   RO         2962    i.xTaskResumeAll    tasks.o
    0x0800366c   0x0800366c   0x0000000a   Code   RO         4287    x$fpl$fpinit        fz_wm.l(fpinit.o)
    0x08003676   0x08003676   0x00000002   PAD
    0x08003678   0x08003678   0x00000038   Data   RO          245    .constdata          freertos.o
    0x080036b0   0x080036b0   0x00000008   Data   RO         1343    .constdata          stm32f4xx_hal_dma.o
    0x080036b8   0x080036b8   0x00000010   Data   RO         2414    .constdata          system_stm32f4xx.o
    0x080036c8   0x080036c8   0x00000008   Data   RO         2415    .constdata          system_stm32f4xx.o
    0x080036d0   0x080036d0   0x00000018   Data   RO          246    .conststring        freertos.o
    0x080036e8   0x080036e8   0x00000020   Data   RO         4343    Region$$Table       anon$$obj.o


    Execution Region RW_IRAM1 (Exec base: 0x20000000, Load base: 0x08003708, Size: 0x00004a58, Max: 0x00020000, ABSOLUTE)

    Exec Addr    Load Addr    Size         Type   Attr      Idx    E Section Name        Object

    0x20000000   0x08003708   0x00000008   Data   RW          247    .data               freertos.o
    0x20000008   0x08003710   0x00000004   Data   RW          299    .data               can.o
    0x2000000c   0x08003714   0x0000000c   Data   RW         1788    .data               stm32f4xx_hal.o
    0x20000018   0x08003720   0x00000004   Data   RW         2416    .data               system_stm32f4xx.o
    0x2000001c   0x08003724   0x0000003c   Data   RW         2965    .data               tasks.o
    0x20000058   0x08003760   0x00000020   Data   RW         3609    .data               heap_4.o
    0x20000078   0x08003780   0x0000000c   Data   RW         3677    .data               port.o
    0x20000084   0x0800378c   0x00000008   Data   RW         3960    .data               can_user.o
    0x2000008c   0x08003794   0x00000009   Data   RW         4009    .data               uart_user.o
    0x20000095   0x0800379d   0x00000001   PAD
    0x20000096   0x0800379e   0x00000002   Data   RW         4061    .data               remote_control.o
    0x20000098        -       0x00000254   Zero   RW          244    .bss                freertos.o
    0x200002ec        -       0x00000050   Zero   RW          298    .bss                can.o
    0x2000033c        -       0x000001d0   Zero   RW          373    .bss                usart.o
    0x2000050c        -       0x000000f0   Zero   RW         2964    .bss                tasks.o
    0x200005fc        -       0x00003c00   Zero   RW         3608    .bss                heap_4.o
    0x200041fc        -       0x000000bc   Zero   RW         3803    .bss                bsp_can.o
    0x200042b8        -       0x00000018   Zero   RW         3958    .bss                can_user.o
    0x200042d0        -       0x000000a0   Zero   RW         3959    .bss                can_user.o
    0x20004370        -       0x00000025   Zero   RW         4007    .bss                uart_user.o
    0x20004395        -       0x0000005e   Zero   RW         4060    .bss                remote_control.o
    0x200043f3   0x080037a0   0x00000001   PAD
    0x200043f4        -       0x00000060   Zero   RW         4217    .bss                c_w.l(libspace.o)
    0x20004454   0x080037a0   0x00000004   PAD
    0x20004458        -       0x00000200   Zero   RW            2    HEAP                startup_stm32f446xx.o
    0x20004658        -       0x00000400   Zero   RW            1    STACK               startup_stm32f446xx.o


==============================================================================

Image component sizes


      Code (inc. data)   RO Data    RW Data    ZI Data      Debug   Object Name

       208         12          0          0          0       1056   arm_task.o
       516         24          0          0        188       4967   bsp_can.o
        96         12          0          0          0     595762   bsp_rc.o
       384         36          0          4         80       2506   can.o
       208         18          0          8        184       3283   can_user.o
       120          0          0          0          0      23377   cmsis_os.o
        76          4          0          0          0        814   dma.o
         0          0          0          0          0      16936   event_groups.o
        88         12         80          8        596       2561   freertos.o
       156          8          0          0          0        979   gpio.o
       472         24          0         32      15360       7475   heap_4.o
       138          0          0          0          0       3602   list.o
       214          8          0          0          0     723524   main.o
       702         72          0         12          0      11088   port.o
       376         28          0          2         94     598824   remote_control.o
        64         26        452          0       1536        852   startup_stm32f446xx.o
       180         28          0         12          0       9325   stm32f4xx_hal.o
      1638          6          0          0          0      14419   stm32f4xx_hal_can.o
       198         14          0          0          0      34003   stm32f4xx_hal_cortex.o
       934         16          8          0          0       5667   stm32f4xx_hal_dma.o
       486         40          0          0          0       2208   stm32f4xx_hal_gpio.o
        56          4          0          0          0        854   stm32f4xx_hal_msp.o
       372         44          0          0          0       2922   stm32f4xx_hal_rcc.o
      1072         32          0          0          0       2830   stm32f4xx_hal_rcc_ex.o
      1374         16          0          0          0       9324   stm32f4xx_hal_uart.o
        96         30          0          0          0       5664   stm32f4xx_it.o
         0          0          0          0          0        404   stream_buffer.o
        16          4         24          4          0       1131   system_stm32f4xx.o
      1548        118          0         60        240      20279   tasks.o
       172         32          0          9         37       2700   uart_user.o
       796         86          0          0        464       4129   usart.o

    ----------------------------------------------------------------------
     12782        754        596        152      18780    2113465   Object Totals
         0          0         32          0          0          0   (incl. Generated)
        26          0          0          1          1          0   (incl. Padding)

    ----------------------------------------------------------------------

      Code (inc. data)   RO Data    RW Data    ZI Data      Debug   Library Member Name

         8          0          0          0          0         68   __main.o
         0          0          0          0          0          0   __rtentry.o
        12          0          0          0          0          0   __rtentry2.o
         6          0          0          0          0          0   __rtentry4.o
        52          8          0          0          0          0   __scatter.o
        26          0          0          0          0          0   __scatter_copy.o
        28          0          0          0          0          0   __scatter_zi.o
        18          0          0          0          0         80   exit.o
         6          0          0          0          0        152   heapauxi.o
         0          0          0          0          0          0   indicate_semi.o
         2          0          0          0          0          0   libinit.o
         6          0          0          0          0          0   libinit2.o
         2          0          0          0          0          0   libshutdown.o
         2          0          0          0          0          0   libshutdown2.o
         8          4          0          0         96         68   libspace.o
       238          0          0          0          0        100   lludivv7m.o
        78          0          0          0          0         80   rt_memclr_w.o
       100          0          0          0          0         80   rt_memcpy_w.o
         2          0          0          0          0          0   rtexit.o
        10          0          0          0          0          0   rtexit2.o
        12          4          0          0          0         68   sys_exit.o
        74          0          0          0          0         80   sys_stackheap_outer.o
         2          0          0          0          0         68   use_no_semi.o
        10          0          0          0          0        116   fpinit.o

    ----------------------------------------------------------------------
       710         16          0          0        100        960   Library Totals
         8          0          0          0          4          0   (incl. Padding)

    ----------------------------------------------------------------------

      Code (inc. data)   RO Data    RW Data    ZI Data      Debug   Library Name

       692         16          0          0         96        844   c_w.l
        10          0          0          0          0        116   fz_wm.l

    ----------------------------------------------------------------------
       710         16          0          0        100        960   Library Totals

    ----------------------------------------------------------------------

==============================================================================


      Code (inc. data)   RO Data    RW Data    ZI Data      Debug   

     13492        770        596        152      18880    2101613   Grand Totals
     13492        770        596        152      18880    2101613   ELF Image Totals
     13492        770        596        152          0          0   ROM Totals

==============================================================================

    Total RO  Size (Code + RO Data)                14088 (  13.76kB)
    Total RW  Size (RW Data + ZI Data)             19032 (  18.59kB)
    Total ROM Size (Code + RO Data + RW Data)      14240 (  13.91kB)

==============================================================================

