<html>
<body>
<pre>
<h1>µVision Build Log</h1>
<h2>Tool Versions:</h2>
IDE-Version: ¦ÌVision V5.24.2.0
Copyright (C) 2017 ARM Ltd and ARM Germany GmbH. All rights reserved.
License Information: Akaset WRtidE, Akaset, LIC=21E4T-RT1AL-01AP1-CQRIM-2UWX1-RC4PR
 
Tool Versions:
Toolchain:       MDK-ARM Plus  Version: 5.24.1
Toolchain Path:  F:\DownLoad\Keil5\ARM\ARMCC\Bin
C Compiler:      Armcc.exe V5.06 update 5 (build 528)
Assembler:       Armasm.exe V5.06 update 5 (build 528)
Linker/Locator:  ArmLink.exe V5.06 update 5 (build 528)
Library Manager: ArmAr.exe V5.06 update 5 (build 528)
Hex Converter:   FromElf.exe V5.06 update 5 (build 528)
CPU DLL:         SARMCM3.DLL V5.24.1
Dialog DLL:      DCM.DLL V1.16.0.0
Target DLL:      STLink\ST-LINKIII-KEIL_SWO.dll V3.0.1.0
Dialog DLL:      TCM.DLL V1.32.0.0
 
<h2>Project:</h2>
D:\GuoChuang2024\Robot_Arm_1.0\Robot_Arm_1.0\MDK-ARM\Robotic_arm.uvprojx
Project File Date:  03/25/2024

<h2>Output:</h2>
*** Using Compiler 'V5.06 update 5 (build 528)', folder: 'F:\DownLoad\Keil5\ARM\ARMCC\Bin'
Build target 'Robotic_arm'
compiling Uart_user.c...
..\DriverLayer\Uart_user.h(5): warning:  #1295-D: Deprecated declaration data_send - give arg types
  void data_send();
..\DriverLayer\Uart_user.h(6): warning:  #1295-D: Deprecated declaration data_receive - give arg types
  void data_receive();
..\DriverLayer\Uart_user.h(9): warning:  #1295-D: Deprecated declaration data_send_IT - give arg types
  void data_send_IT();
..\DriverLayer\Uart_user.h(10): warning:  #1295-D: Deprecated declaration data_receive_IT - give arg types
  void data_receive_IT();
..\DriverLayer\Uart_user.h(11): warning:  #1295-D: Deprecated declaration send_packet - give arg types
  void send_packet();
..\DriverLayer\Uart_user.c(5): warning:  #1295-D: Deprecated declaration data_send - give arg types
  void data_send();
..\DriverLayer\Uart_user.c(6): warning:  #1295-D: Deprecated declaration data_receive - give arg types
  void data_receive();
..\DriverLayer\Uart_user.c(96): warning:  #1-D: last line of file ends without a newline
  }
..\DriverLayer\Uart_user.c: 8 warnings, 0 errors
linking...
Program Size: Code=13480 RO-data=596 RW-data=152 ZI-data=18880  
FromELF: creating hex file...
"Robotic_arm\Robotic_arm.axf" - 0 Error(s), 8 Warning(s).

<h2>Software Packages used:</h2>

Package Vendor: ARM
                http://www.keil.com/pack/ARM.CMSIS.5.9.0.pack
                ARM.CMSIS.5.9.0
                CMSIS (Common Microcontroller Software Interface Standard)
   * Component: CORE Version: 5.6.0

Package Vendor: Keil
                https://www.keil.com/pack/Keil.STM32F4xx_DFP.2.17.1.pack
                Keil.STM32F4xx_DFP.2.17.1
                STMicroelectronics STM32F4 Series Device Support, Drivers and Examples

<h2>Collection of Component include folders:</h2>
  .\RTE\_Robotic_arm
  F:\DownLoad\Keil5\ARM\PACK\ARM\CMSIS\5.9.0\CMSIS\Core\Include
  F:\DownLoad\Keil5\ARM\PACK\Keil\STM32F4xx_DFP\2.17.1\Drivers\CMSIS\Device\ST\STM32F4xx\Include

<h2>Collection of Component Files used:</h2>

   * Component: ARM::CMSIS:CORE:5.6.0
      Include file:  CMSIS\Core\Include\tz_context.h
Build Time Elapsed:  00:00:03
</pre>
</body>
</html>
