<html>
<body>
<pre>
<h1>礦ision Build Log</h1>
<h2>Tool Versions:</h2>
IDE-Version: μVision V5.24.2.0
Copyright (C) 2017 ARM Ltd and ARM Germany GmbH. All rights reserved.
License Information: Akaset WRtidE, Akaset, LIC=21E4T-RT1AL-01AP1-CQRIM-2UWX1-RC4PR
 
Tool Versions:
Toolchain:       MDK-ARM Plus  Version: 5.24.1
Toolchain Path:  F:\DownLoad\Keil5\ARM\ARMCC\Bin
C Compiler:      Armcc.exe V5.06 update 5 (build 528)
Assembler:       Armasm.exe V5.06 update 5 (build 528)
Linker/Locator:  ArmLink.exe V5.06 update 5 (build 528)
Library Manager: ArmAr.exe V5.06 update 5 (build 528)
Hex Converter:   FromElf.exe V5.06 update 5 (build 528)
CPU DLL:         SARMCM3.DLL V5.24.1
Dialog DLL:      DCM.DLL V1.16.0.0
Target DLL:      STLink\ST-LINKIII-KEIL_SWO.dll V3.0.1.0
Dialog DLL:      TCM.DLL V1.32.0.0
 
<h2>Project:</h2>
D:\GuoChuang2024\Robot_Arm_1.0\Robot_Arm_1.0\MDK-ARM\Robotic_arm.uvprojx
Project File Date:  04/06/2024

<h2>Output:</h2>
*** Using Compiler 'V5.06 update 5 (build 528)', folder: 'F:\DownLoad\Keil5\ARM\ARMCC\Bin'
Rebuild target 'Robotic_arm'
assembling startup_stm32f446xx.s...
compiling stm32f4xx_hal_flash.c...
compiling stm32f4xx_hal_gpio.c...
compiling main.c...
../DriverLayer/Uart_user.h(5): warning:  #1295-D: Deprecated declaration data_send - give arg types
  void data_send();
../DriverLayer/Uart_user.h(6): warning:  #1295-D: Deprecated declaration data_receive - give arg types
  void data_receive();
../DriverLayer/Uart_user.h(9): warning:  #1295-D: Deprecated declaration data_send_IT - give arg types
  void data_send_IT();
../DriverLayer/Uart_user.h(10): warning:  #1295-D: Deprecated declaration data_receive_IT - give arg types
  void data_receive_IT();
../DriverLayer/Uart_user.h(11): warning:  #1295-D: Deprecated declaration send_packet - give arg types
  void send_packet();
../Src/main.c: 5 warnings, 0 errors
compiling stm32f4xx_hal_rcc.c...
compiling dma.c...
compiling stm32f4xx_hal_flash_ramfunc.c...
compiling can.c...
compiling gpio.c...
compiling stm32f4xx_hal_msp.c...
compiling stm32f4xx_it.c...
compiling stm32f4xx_hal_flash_ex.c...
compiling stm32f4xx_hal_rcc_ex.c...
compiling stm32f4xx_hal_can.c...
compiling croutine.c...
compiling list.c...
compiling event_groups.c...
compiling queue.c...
compiling usart.c...
compiling stream_buffer.c...
compiling tasks.c...
compiling freertos.c...
compiling timers.c...
compiling heap_4.c...
compiling cmsis_os.c...
compiling port.c...
compiling struct_typedef.c...
..\Bsp\struct_typedef.c(1): warning:  #1-D: last line of file ends without a newline
  //struct都定义在.h文件
..\Bsp\struct_typedef.c: 1 warning, 0 errors
compiling stm32f4xx_hal_dma_ex.c...
compiling stm32f4xx_hal_tim_ex.c...
compiling stm32f4xx_hal_pwr.c...
compiling stm32f4xx_hal_exti.c...
compiling stm32f4xx_hal_dma.c...
compiling system_stm32f4xx.c...
compiling stm32f4xx_hal_pwr_ex.c...
compiling stm32f4xx_hal_cortex.c...
compiling stm32f4xx_hal_tim.c...
compiling stm32f4xx_hal.c...
compiling stm32f4xx_hal_uart.c...
compiling Can_user.c...
compiling bsp_can.c...
compiling bsp_rc.c...
compiling Uart_user.c...
..\DriverLayer\Uart_user.h(5): warning:  #1295-D: Deprecated declaration data_send - give arg types
  void data_send();
..\DriverLayer\Uart_user.h(6): warning:  #1295-D: Deprecated declaration data_receive - give arg types
  void data_receive();
..\DriverLayer\Uart_user.h(9): warning:  #1295-D: Deprecated declaration data_send_IT - give arg types
  void data_send_IT();
..\DriverLayer\Uart_user.h(10): warning:  #1295-D: Deprecated declaration data_receive_IT - give arg types
  void data_receive_IT();
..\DriverLayer\Uart_user.h(11): warning:  #1295-D: Deprecated declaration send_packet - give arg types
  void send_packet();
..\DriverLayer\Uart_user.c(5): warning:  #1295-D: Deprecated declaration data_send - give arg types
  void data_send();
..\DriverLayer\Uart_user.c(6): warning:  #1295-D: Deprecated declaration data_receive - give arg types
  void data_receive();
..\DriverLayer\Uart_user.c(95): warning:  #1-D: last line of file ends without a newline
  }
..\DriverLayer\Uart_user.c: 8 warnings, 0 errors
compiling Arm_Task.c...
../DriverLayer/Uart_user.h(5): warning:  #1295-D: Deprecated declaration data_send - give arg types
  void data_send();
../DriverLayer/Uart_user.h(6): warning:  #1295-D: Deprecated declaration data_receive - give arg types
  void data_receive();
../DriverLayer/Uart_user.h(9): warning:  #1295-D: Deprecated declaration data_send_IT - give arg types
  void data_send_IT();
../DriverLayer/Uart_user.h(10): warning:  #1295-D: Deprecated declaration data_receive_IT - give arg types
  void data_receive_IT();
../DriverLayer/Uart_user.h(11): warning:  #1295-D: Deprecated declaration send_packet - give arg types
  void send_packet();
..\Task\Arm_Task.c(12): warning:  #1295-D: Deprecated declaration motor_init - give arg types
  void motor_init();
..\Task\Arm_Task.c(15): warning:  #1295-D: Deprecated declaration mit_contorl - give arg types
  void mit_contorl();
..\Task\Arm_Task.c(16): warning:  #1295-D: Deprecated declaration mit_rc_contorl - give arg types
  void mit_rc_contorl();
..\Task\Arm_Task.c(19): warning:  #1295-D: Deprecated declaration vp_control - give arg types
  void vp_control();
..\Task\Arm_Task.c(22): warning:  #1295-D: Deprecated declaration speed_control - give arg types
  void speed_control();
..\Task\Arm_Task.c(36): warning:  #111-D: statement is unreachable
  		osDelay(1);
..\Task\Arm_Task.c: 11 warnings, 0 errors
compiling remote_control.c...
linking...
Program Size: Code=13492 RO-data=596 RW-data=152 ZI-data=18880  
FromELF: creating hex file...
"Robotic_arm\Robotic_arm.axf" - 0 Error(s), 25 Warning(s).

<h2>Software Packages used:</h2>

Package Vendor: ARM
                http://www.keil.com/pack/ARM.CMSIS.5.9.0.pack
                ARM.CMSIS.5.9.0
                CMSIS (Common Microcontroller Software Interface Standard)
   * Component: CORE Version: 5.6.0

Package Vendor: Keil
                https://www.keil.com/pack/Keil.STM32F4xx_DFP.2.17.1.pack
                Keil.STM32F4xx_DFP.2.17.1
                STMicroelectronics STM32F4 Series Device Support, Drivers and Examples

<h2>Collection of Component include folders:</h2>
  .\RTE\_Robotic_arm
  F:\DownLoad\Keil5\ARM\PACK\ARM\CMSIS\5.9.0\CMSIS\Core\Include
  F:\DownLoad\Keil5\ARM\PACK\Keil\STM32F4xx_DFP\2.17.1\Drivers\CMSIS\Device\ST\STM32F4xx\Include

<h2>Collection of Component Files used:</h2>

   * Component: ARM::CMSIS:CORE:5.6.0
      Include file:  CMSIS\Core\Include\tz_context.h
Build Time Elapsed:  00:00:14
</pre>
</body>
</html>
