<html>
<body>
<pre>
<h1>µVision Build Log</h1>
<h2>Tool Versions:</h2>
IDE-Version: ¦ÌVision V5.24.2.0
Copyright (C) 2017 ARM Ltd and ARM Germany GmbH. All rights reserved.
License Information: Akaset WRtidE, Akaset, LIC=21E4T-RT1AL-01AP1-CQRIM-2UWX1-RC4PR
 
Tool Versions:
Toolchain:       MDK-ARM Plus  Version: 5.24.1
Toolchain Path:  F:\DownLoad\Keil5\ARM\ARMCC\Bin
C Compiler:      Armcc.exe V5.06 update 5 (build 528)
Assembler:       Armasm.exe V5.06 update 5 (build 528)
Linker/Locator:  ArmLink.exe V5.06 update 5 (build 528)
Library Manager: ArmAr.exe V5.06 update 5 (build 528)
Hex Converter:   FromElf.exe V5.06 update 5 (build 528)
CPU DLL:         SARMCM3.DLL V5.24.1
Dialog DLL:      DCM.DLL V1.16.0.0
Target DLL:      STLink\ST-LINKIII-KEIL_SWO.dll V3.0.1.0
Dialog DLL:      TCM.DLL V1.32.0.0
 
<h2>Project:</h2>
D:\Robotic_Arm\MDK-ARM\Robotic_Arm.uvprojx
Project File Date:  05/18/2024

<h2>Output:</h2>
*** Using Compiler 'V5.06 update 5 (build 528)', folder: 'F:\DownLoad\Keil5\ARM\ARMCC\Bin'
Build target 'Robotic_Arm'
compiling IK.c...
App\IK.c(54): warning:  #1-D: last line of file ends without a newline
  }
App\IK.c(13): warning:  #177-D: variable "r13"  was declared but never referenced
     float r11 = T->line1[0];float r12 = T->line1[0];float r13 = T->line1[0];float px = T->line1[0];
App\IK.c(14): warning:  #177-D: variable "r23"  was declared but never referenced
     float r21 = T->line2[0];float r22 = T->line2[0];float r23 = T->line2[0];float py = T->line2[0];
App\IK.c(15): warning:  #177-D: variable "r31"  was declared but never referenced
     float r31 = T->line3[0];float r32 = T->line3[0];float r33 = T->line3[0];float pz = T->line3[0];
App\IK.c(15): warning:  #177-D: variable "r32"  was declared but never referenced
     float r31 = T->line3[0];float r32 = T->line3[0];float r33 = T->line3[0];float pz = T->line3[0];
App\IK.c: 5 warnings, 0 errors
linking...
Program Size: Code=14768 RO-data=592 RW-data=148 ZI-data=23804  
FromELF: creating hex file...
"Robotic_Arm\Robotic_Arm.axf" - 0 Error(s), 5 Warning(s).

<h2>Software Packages used:</h2>

Package Vendor: ARM
                http://www.keil.com/pack/ARM.CMSIS.5.9.0.pack
                ARM.CMSIS.5.9.0
                CMSIS (Common Microcontroller Software Interface Standard)
   * Component: CORE Version: 5.6.0

Package Vendor: Keil
                https://www.keil.com/pack/Keil.STM32F4xx_DFP.2.17.1.pack
                Keil.STM32F4xx_DFP.2.17.1
                STMicroelectronics STM32F4 Series Device Support, Drivers and Examples

<h2>Collection of Component include folders:</h2>
  .\RTE\_Robotic_Arm
  F:\DownLoad\Keil5\ARM\PACK\ARM\CMSIS\5.9.0\CMSIS\Core\Include
  F:\DownLoad\Keil5\ARM\PACK\Keil\STM32F4xx_DFP\2.17.1\Drivers\CMSIS\Device\ST\STM32F4xx\Include

<h2>Collection of Component Files used:</h2>

   * Component: ARM::CMSIS:CORE:5.6.0
      Include file:  CMSIS\Core\Include\tz_context.h
Build Time Elapsed:  00:00:02
</pre>
</body>
</html>
