<html>
<body>
<pre>
<h1>µVision Build Log</h1>
<h2>Tool Versions:</h2>
IDE-Version: ¦ÌVision V5.24.2.0
Copyright (C) 2017 ARM Ltd and ARM Germany GmbH. All rights reserved.
License Information: Akaset WRtidE, Akaset, LIC=21E4T-RT1AL-01AP1-CQRIM-2UWX1-RC4PR
 
Tool Versions:
Toolchain:       MDK-ARM Plus  Version: 5.24.1
Toolchain Path:  F:\DownLoad\Keil5\ARM\ARMCC\Bin
C Compiler:      Armcc.exe V5.06 update 5 (build 528)
Assembler:       Armasm.exe V5.06 update 5 (build 528)
Linker/Locator:  ArmLink.exe V5.06 update 5 (build 528)
Library Manager: ArmAr.exe V5.06 update 5 (build 528)
Hex Converter:   FromElf.exe V5.06 update 5 (build 528)
CPU DLL:         SARMCM3.DLL V5.24.1
Dialog DLL:      DCM.DLL V1.16.0.0
Target DLL:      STLink\ST-LINKIII-KEIL_SWO.dll V3.0.1.0
Dialog DLL:      TCM.DLL V1.32.0.0
 
<h2>Project:</h2>
D:\GuoChuang2024\Robotic_Arm\MDK-ARM\Robotic_Arm.uvprojx
Project File Date:  04/10/2024

<h2>Output:</h2>
*** Using Compiler 'V5.06 update 5 (build 528)', folder: 'F:\DownLoad\Keil5\ARM\ARMCC\Bin'
Build target 'Robotic_Arm'
compiling Arm_Task.c...
./DriverLayer/Uart_user.h(5): warning:  #1295-D: Deprecated declaration data_send - give arg types
  void data_send();
./DriverLayer/Uart_user.h(6): warning:  #1295-D: Deprecated declaration data_receive - give arg types
  void data_receive();
./DriverLayer/Uart_user.h(9): warning:  #1295-D: Deprecated declaration data_send_IT - give arg types
  void data_send_IT();
./DriverLayer/Uart_user.h(10): warning:  #1295-D: Deprecated declaration data_receive_IT - give arg types
  void data_receive_IT();
./DriverLayer/Uart_user.h(11): warning:  #1295-D: Deprecated declaration send_packet - give arg types
  void send_packet();
./Device/Servos.h(6): warning:  #1295-D: Deprecated declaration servos_init - give arg types
  void servos_init();
Task\Arm_Task.c(14): warning:  #1295-D: Deprecated declaration motor_init - give arg types
  void motor_init();
Task\Arm_Task.c(16): warning:  #1295-D: Deprecated declaration data_operate - give arg types
  void data_operate();
Task\Arm_Task.c(18): warning:  #1295-D: Deprecated declaration mit_contorl - give arg types
  void mit_contorl();
Task\Arm_Task.c(19): warning:  #1295-D: Deprecated declaration mit_rc_contorl - give arg types
  void mit_rc_contorl();
Task\Arm_Task.c(22): warning:  #1295-D: Deprecated declaration vp_control - give arg types
  void vp_control();
Task\Arm_Task.c(25): warning:  #1295-D: Deprecated declaration speed_control - give arg types
  void speed_control();
Task\Arm_Task.c(44): warning:  #111-D: statement is unreachable
  		osDelay(1);
Task\Arm_Task.c: 13 warnings, 0 errors
linking...
Program Size: Code=15312 RO-data=592 RW-data=144 ZI-data=18904  
FromELF: creating hex file...
"Robotic_Arm\Robotic_Arm.axf" - 0 Error(s), 13 Warning(s).

<h2>Software Packages used:</h2>

Package Vendor: ARM
                http://www.keil.com/pack/ARM.CMSIS.5.9.0.pack
                ARM.CMSIS.5.9.0
                CMSIS (Common Microcontroller Software Interface Standard)
   * Component: CORE Version: 5.6.0

Package Vendor: Keil
                https://www.keil.com/pack/Keil.STM32F4xx_DFP.2.17.1.pack
                Keil.STM32F4xx_DFP.2.17.1
                STMicroelectronics STM32F4 Series Device Support, Drivers and Examples

<h2>Collection of Component include folders:</h2>
  .\RTE\_Robotic_Arm
  F:\DownLoad\Keil5\ARM\PACK\ARM\CMSIS\5.9.0\CMSIS\Core\Include
  F:\DownLoad\Keil5\ARM\PACK\Keil\STM32F4xx_DFP\2.17.1\Drivers\CMSIS\Device\ST\STM32F4xx\Include

<h2>Collection of Component Files used:</h2>

   * Component: ARM::CMSIS:CORE:5.6.0
      Include file:  CMSIS\Core\Include\tz_context.h
Build Time Elapsed:  00:00:03
</pre>
</body>
</html>
