Component: ARM Compiler 5.06 update 5 (build 528) Tool: armlink [4d35e2]

==============================================================================

Section Cross References

    startup_stm32f446xx.o(STACK) refers (Special) to heapauxi.o(.text) for __use_two_region_memory
    startup_stm32f446xx.o(HEAP) refers (Special) to heapauxi.o(.text) for __use_two_region_memory
    startup_stm32f446xx.o(RESET) refers (Special) to heapauxi.o(.text) for __use_two_region_memory
    startup_stm32f446xx.o(RESET) refers to startup_stm32f446xx.o(STACK) for __initial_sp
    startup_stm32f446xx.o(RESET) refers to startup_stm32f446xx.o(.text) for Reset_Handler
    startup_stm32f446xx.o(RESET) refers to stm32f4xx_it.o(i.NMI_Handler) for NMI_Handler
    startup_stm32f446xx.o(RESET) refers to stm32f4xx_it.o(i.HardFault_Handler) for HardFault_Handler
    startup_stm32f446xx.o(RESET) refers to stm32f4xx_it.o(i.MemManage_Handler) for MemManage_Handler
    startup_stm32f446xx.o(RESET) refers to stm32f4xx_it.o(i.BusFault_Handler) for BusFault_Handler
    startup_stm32f446xx.o(RESET) refers to stm32f4xx_it.o(i.UsageFault_Handler) for UsageFault_Handler
    startup_stm32f446xx.o(RESET) refers to port.o(.emb_text) for SVC_Handler
    startup_stm32f446xx.o(RESET) refers to stm32f4xx_it.o(i.DebugMon_Handler) for DebugMon_Handler
    startup_stm32f446xx.o(RESET) refers to stm32f4xx_it.o(i.SysTick_Handler) for SysTick_Handler
    startup_stm32f446xx.o(RESET) refers to stm32f4xx_it.o(i.CAN1_TX_IRQHandler) for CAN1_TX_IRQHandler
    startup_stm32f446xx.o(RESET) refers to stm32f4xx_it.o(i.CAN1_RX0_IRQHandler) for CAN1_RX0_IRQHandler
    startup_stm32f446xx.o(RESET) refers to stm32f4xx_it.o(i.DMA2_Stream1_IRQHandler) for DMA2_Stream1_IRQHandler
    startup_stm32f446xx.o(RESET) refers to stm32f4xx_it.o(i.CAN2_TX_IRQHandler) for CAN2_TX_IRQHandler
    startup_stm32f446xx.o(RESET) refers to stm32f4xx_it.o(i.CAN2_RX0_IRQHandler) for CAN2_RX0_IRQHandler
    startup_stm32f446xx.o(RESET) refers to stm32f4xx_it.o(i.USART6_IRQHandler) for USART6_IRQHandler
    startup_stm32f446xx.o(.text) refers (Special) to heapauxi.o(.text) for __use_two_region_memory
    startup_stm32f446xx.o(.text) refers to system_stm32f4xx.o(i.SystemInit) for SystemInit
    startup_stm32f446xx.o(.text) refers to __main.o(!!!main) for __main
    startup_stm32f446xx.o(.text) refers to startup_stm32f446xx.o(HEAP) for Heap_Mem
    startup_stm32f446xx.o(.text) refers to startup_stm32f446xx.o(STACK) for Stack_Mem
    main.o(i.SystemClock_Config) refers to rt_memclr_w.o(.text) for __aeabi_memclr4
    main.o(i.SystemClock_Config) refers to stm32f4xx_hal_rcc_ex.o(i.HAL_RCC_OscConfig) for HAL_RCC_OscConfig
    main.o(i.SystemClock_Config) refers to stm32f4xx_hal_rcc.o(i.HAL_RCC_ClockConfig) for HAL_RCC_ClockConfig
    main.o(i.main) refers to stm32f4xx_hal.o(i.HAL_Init) for HAL_Init
    main.o(i.main) refers to main.o(i.SystemClock_Config) for SystemClock_Config
    main.o(i.main) refers to gpio.o(i.MX_GPIO_Init) for MX_GPIO_Init
    main.o(i.main) refers to dma.o(i.MX_DMA_Init) for MX_DMA_Init
    main.o(i.main) refers to usart.o(i.MX_USART6_UART_Init) for MX_USART6_UART_Init
    main.o(i.main) refers to can.o(i.MX_CAN1_Init) for MX_CAN1_Init
    main.o(i.main) refers to can.o(i.MX_CAN2_Init) for MX_CAN2_Init
    main.o(i.main) refers to tim.o(i.MX_TIM3_Init) for MX_TIM3_Init
    main.o(i.main) refers to can_user.o(i.can_filter_init) for can_filter_init
    main.o(i.main) refers to uart_user.o(i.data_receive_IT) for data_receive_IT
    main.o(i.main) refers to freertos.o(i.MX_FREERTOS_Init) for MX_FREERTOS_Init
    main.o(i.main) refers to cmsis_os.o(i.osKernelStart) for osKernelStart
    gpio.o(i.MX_GPIO_Init) refers to rt_memclr_w.o(.text) for __aeabi_memclr4
    gpio.o(i.MX_GPIO_Init) refers to stm32f4xx_hal_gpio.o(i.HAL_GPIO_WritePin) for HAL_GPIO_WritePin
    gpio.o(i.MX_GPIO_Init) refers to stm32f4xx_hal_gpio.o(i.HAL_GPIO_Init) for HAL_GPIO_Init
    freertos.o(i.MX_FREERTOS_Init) refers to rt_memcpy_w.o(.text) for __aeabi_memcpy4
    freertos.o(i.MX_FREERTOS_Init) refers to cmsis_os.o(i.osThreadCreate) for osThreadCreate
    freertos.o(i.MX_FREERTOS_Init) refers to freertos.o(.constdata) for .constdata
    freertos.o(i.MX_FREERTOS_Init) refers to freertos.o(.data) for .data
    freertos.o(i.StartDefaultTask) refers to cmsis_os.o(i.osDelay) for osDelay
    freertos.o(i.arm_task) refers to cmsis_os.o(i.osDelay) for osDelay
    freertos.o(i.kinemat_task) refers to cmsis_os.o(i.osDelay) for osDelay
    freertos.o(i.vApplicationGetIdleTaskMemory) refers to freertos.o(.bss) for .bss
    freertos.o(.constdata) refers to freertos.o(.conststring) for .conststring
    freertos.o(.constdata) refers to freertos.o(i.StartDefaultTask) for StartDefaultTask
    freertos.o(.constdata) refers to arm_task.o(i.arm_task) for arm_task
    freertos.o(.constdata) refers to kinemat_task.o(i.kinemat_task) for kinemat_task
[...]
    i.DebugMon_Handler                       0x08000660   Section        0  stm32f4xx_it.o(i.DebugMon_Handler)
    i.Error_Handler                          0x08000662   Section        0  main.o(i.Error_Handler)
    i.HAL_CAN_ActivateNotification           0x08000666   Section        0  stm32f4xx_hal_can.o(i.HAL_CAN_ActivateNotification)
    i.HAL_CAN_ConfigFilter                   0x0800068c   Section        0  stm32f4xx_hal_can.o(i.HAL_CAN_ConfigFilter)
    i.HAL_CAN_ErrorCallback                  0x08000798   Section        0  stm32f4xx_hal_can.o(i.HAL_CAN_ErrorCallback)
    i.HAL_CAN_GetRxMessage                   0x0800079a   Section        0  stm32f4xx_hal_can.o(i.HAL_CAN_GetRxMessage)
    i.HAL_CAN_IRQHandler                     0x08000882   Section        0  stm32f4xx_hal_can.o(i.HAL_CAN_IRQHandler)
    i.HAL_CAN_Init                           0x08000a7e   Section        0  stm32f4xx_hal_can.o(i.HAL_CAN_Init)
    i.HAL_CAN_MspInit                        0x08000b98   Section        0  can.o(i.HAL_CAN_MspInit)
    i.HAL_CAN_RxFifo0FullCallback            0x08000cbc   Section        0  stm32f4xx_hal_can.o(i.HAL_CAN_RxFifo0FullCallback)
    i.HAL_CAN_RxFifo0MsgPendingCallback      0x08000cc0   Section        0  bsp_can.o(i.HAL_CAN_RxFifo0MsgPendingCallback)
    i.HAL_CAN_RxFifo1FullCallback            0x08000f68   Section        0  stm32f4xx_hal_can.o(i.HAL_CAN_RxFifo1FullCallback)
    i.HAL_CAN_RxFifo1MsgPendingCallback      0x08000f6a   Section        0  stm32f4xx_hal_can.o(i.HAL_CAN_RxFifo1MsgPendingCallback)
    i.HAL_CAN_SleepCallback                  0x08000f6c   Section        0  stm32f4xx_hal_can.o(i.HAL_CAN_SleepCallback)
    i.HAL_CAN_Start                          0x08000f70   Section        0  stm32f4xx_hal_can.o(i.HAL_CAN_Start)
    i.HAL_CAN_TxMailbox0AbortCallback        0x08000fc8   Section        0  stm32f4xx_hal_can.o(i.HAL_CAN_TxMailbox0AbortCallback)
    i.HAL_CAN_TxMailbox0CompleteCallback     0x08000fca   Section        0  stm32f4xx_hal_can.o(i.HAL_CAN_TxMailbox0CompleteCallback)
    i.HAL_CAN_TxMailbox1AbortCallback        0x08000fcc   Section        0  stm32f4xx_hal_can.o(i.HAL_CAN_TxMailbox1AbortCallback)
    i.HAL_CAN_TxMailbox1CompleteCallback     0x08000fce   Section        0  stm32f4xx_hal_can.o(i.HAL_CAN_TxMailbox1CompleteCallback)
    i.HAL_CAN_TxMailbox2AbortCallback        0x08000fd0   Section        0  stm32f4xx_hal_can.o(i.HAL_CAN_TxMailbox2AbortCallback)
    i.HAL_CAN_TxMailbox2CompleteCallback     0x08000fd2   Section        0  stm32f4xx_hal_can.o(i.HAL_CAN_TxMailbox2CompleteCallback)
    i.HAL_CAN_WakeUpFromRxMsgCallback        0x08000fd4   Section        0  stm32f4xx_hal_can.o(i.HAL_CAN_WakeUpFromRxMsgCallback)
    i.HAL_DMA_Abort                          0x08000fd6   Section        0  stm32f4xx_hal_dma.o(i.HAL_DMA_Abort)
    i.HAL_DMA_Abort_IT                       0x08001068   Section        0  stm32f4xx_hal_dma.o(i.HAL_DMA_Abort_IT)
    i.HAL_DMA_IRQHandler                     0x0800108c   Section        0  stm32f4xx_hal_dma.o(i.HAL_DMA_IRQHandler)
    i.HAL_DMA_Init                           0x0800122c   Section        0  stm32f4xx_hal_dma.o(i.HAL_DMA_Init)
    i.HAL_DMA_Start_IT                       0x08001300   Section        0  stm32f4xx_hal_dma.o(i.HAL_DMA_Start_IT)
    i.HAL_Delay                              0x08001370   Section        0  stm32f4xx_hal.o(i.HAL_Delay)
    i.HAL_GPIO_Init                          0x08001394   Section        0  stm32f4xx_hal_gpio.o(i.HAL_GPIO_Init)
    i.HAL_GPIO_WritePin                      0x08001570   Section        0  stm32f4xx_hal_gpio.o(i.HAL_GPIO_WritePin)
    i.HAL_GetTick                            0x0800157c   Section        0  stm32f4xx_hal.o(i.HAL_GetTick)
    i.HAL_IncTick                            0x08001588   Section        0  stm32f4xx_hal.o(i.HAL_IncTick)
    i.HAL_Init                               0x08001598   Section        0  stm32f4xx_hal.o(i.HAL_Init)
    i.HAL_InitTick                           0x080015cc   Section        0  stm32f4xx_hal.o(i.HAL_InitTick)
    i.HAL_MspInit                            0x0800160c   Section        0  stm32f4xx_hal_msp.o(i.HAL_MspInit)
    i.HAL_NVIC_EnableIRQ                     0x08001644   Section        0  stm32f4xx_hal_cortex.o(i.HAL_NVIC_EnableIRQ)
    i.HAL_NVIC_SetPriority                   0x08001660   Section        0  stm32f4xx_hal_cortex.o(i.HAL_NVIC_SetPriority)
    i.HAL_NVIC_SetPriorityGrouping           0x080016a0   Section        0  stm32f4xx_hal_cortex.o(i.HAL_NVIC_SetPriorityGrouping)
    i.HAL_RCC_ClockConfig                    0x080016c4   Section        0  stm32f4xx_hal_rcc.o(i.HAL_RCC_ClockConfig)
    i.HAL_RCC_GetPCLK1Freq                   0x080017f8   Section        0  stm32f4xx_hal_rcc.o(i.HAL_RCC_GetPCLK1Freq)
    i.HAL_RCC_GetPCLK2Freq                   0x08001818   Section        0  stm32f4xx_hal_rcc.o(i.HAL_RCC_GetPCLK2Freq)
    i.HAL_RCC_GetSysClockFreq                0x08001838   Section        0  stm32f4xx_hal_rcc_ex.o(i.HAL_RCC_GetSysClockFreq)
    i.HAL_RCC_OscConfig                      0x080018d0   Section        0  stm32f4xx_hal_rcc_ex.o(i.HAL_RCC_OscConfig)
    i.HAL_SYSTICK_Config                     0x08001c68   Section        0  stm32f4xx_hal_cortex.o(i.HAL_SYSTICK_Config)
    i.HAL_TIMEx_MasterConfigSynchronization  0x08001c90   Section        0  stm32f4xx_hal_tim_ex.o(i.HAL_TIMEx_MasterConfigSynchronization)
    i.HAL_TIM_MspPostInit                    0x08001d20   Section        0  tim.o(i.HAL_TIM_MspPostInit)
    i.HAL_TIM_PWM_ConfigChannel              0x08001d74   Section        0  stm32f4xx_hal_tim.o(i.HAL_TIM_PWM_ConfigChannel)
    i.HAL_TIM_PWM_Init                       0x08001e40   Section        0  stm32f4xx_hal_tim.o(i.HAL_TIM_PWM_Init)
    i.HAL_TIM_PWM_MspInit                    0x08001e9c   Section        0  tim.o(i.HAL_TIM_PWM_MspInit)
    i.HAL_UARTEx_RxEventCallback             0x08001ec4   Section        0  stm32f4xx_hal_uart.o(i.HAL_UARTEx_RxEventCallback)
    i.HAL_UART_ErrorCallback                 0x08001ec6   Section        0  stm32f4xx_hal_uart.o(i.HAL_UART_ErrorCallback)
    i.HAL_UART_IRQHandler                    0x08001ec8   Section        0  stm32f4xx_hal_uart.o(i.HAL_UART_IRQHandler)
    i.HAL_UART_Init                          0x08002130   Section        0  stm32f4xx_hal_uart.o(i.HAL_UART_Init)
    i.HAL_UART_MspInit                       0x08002194   Section        0  usart.o(i.HAL_UART_MspInit)
    i.HAL_UART_Receive_DMA                   0x08002244   Section        0  stm32f4xx_hal_uart.o(i.HAL_UART_Receive_DMA)
    i.HAL_UART_RxCpltCallback                0x08002270   Section        0  uart_user.o(i.HAL_UART_RxCpltCallback)
    i.HAL_UART_RxHalfCpltCallback            0x0800230c   Section        0  stm32f4xx_hal_uart.o(i.HAL_UART_RxHalfCpltCallback)
    i.HAL_UART_TxCpltCallback                0x0800230e   Section        0  stm32f4xx_hal_uart.o(i.HAL_UART_TxCpltCallback)
    i.HardFault_Handler                      0x08002310   Section        0  stm32f4xx_it.o(i.HardFault_Handler)
    i.MX_CAN1_Init                           0x08002314   Section        0  can.o(i.MX_CAN1_Init)
    i.MX_CAN2_Init                           0x08002358   Section        0  can.o(i.MX_CAN2_Init)
    i.MX_DMA_Init                            0x0800239c   Section        0  dma.o(i.MX_DMA_Init)
    i.MX_FREERTOS_Init                       0x080023c8   Section        0  freertos.o(i.MX_FREERTOS_Init)
    i.MX_GPIO_Init                           0x0800241c   Section        0  gpio.o(i.MX_GPIO_Init)
    i.MX_TIM3_Init                           0x080024a8   Section        0  tim.o(i.MX_TIM3_Init)
    i.MX_USART6_UART_Init                    0x08002528   Section        0  usart.o(i.MX_USART6_UART_Init)
    i.MemManage_Handler                      0x08002560   Section        0  stm32f4xx_it.o(i.MemManage_Handler)
    i.NMI_Handler                            0x08002562   Section        0  stm32f4xx_it.o(i.NMI_Handler)
    i.StartDefaultTask                       0x08002564   Section        0  freertos.o(i.StartDefaultTask)
    i.SysTick_Handler                        0x0800256c   Section        0  stm32f4xx_it.o(i.SysTick_Handler)
    i.SystemClock_Config                     0x08002584   Section        0  main.o(i.SystemClock_Config)
    i.SystemInit                             0x08002618   Section        0  system_stm32f4xx.o(i.SystemInit)
    i.TIM_Base_SetConfig                     0x08002628   Section        0  stm32f4xx_hal_tim.o(i.TIM_Base_SetConfig)
    i.TIM_OC1_SetConfig                      0x080026f0   Section        0  stm32f4xx_hal_tim.o(i.TIM_OC1_SetConfig)
    TIM_OC1_SetConfig                        0x080026f1   Thumb Code    88  stm32f4xx_hal_tim.o(i.TIM_OC1_SetConfig)
    i.TIM_OC2_SetConfig                      0x08002750   Section        0  stm32f4xx_hal_tim.o(i.TIM_OC2_SetConfig)
    i.TIM_OC3_SetConfig                      0x080027bc   Section        0  stm32f4xx_hal_tim.o(i.TIM_OC3_SetConfig)
    TIM_OC3_SetConfig                        0x080027bd   Thumb Code    96  stm32f4xx_hal_tim.o(i.TIM_OC3_SetConfig)
    i.TIM_OC4_SetConfig                      0x08002824   Section        0  stm32f4xx_hal_tim.o(i.TIM_OC4_SetConfig)
    TIM_OC4_SetConfig                        0x08002825   Thumb Code    70  stm32f4xx_hal_tim.o(i.TIM_OC4_SetConfig)
    i.UART_DMAAbortOnError                   0x08002874   Section        0  stm32f4xx_hal_uart.o(i.UART_DMAAbortOnError)
    UART_DMAAbortOnError                     0x08002875   Thumb Code    16  stm32f4xx_hal_uart.o(i.UART_DMAAbortOnError)
    i.UART_DMAError                          0x08002884   Section        0  stm32f4xx_hal_uart.o(i.UART_DMAError)
    UART_DMAError                            0x08002885   Thumb Code    74  stm32f4xx_hal_uart.o(i.UART_DMAError)
    i.UART_DMAReceiveCplt                    0x080028ce   Section        0  stm32f4xx_hal_uart.o(i.UART_DMAReceiveCplt)
    UART_DMAReceiveCplt                      0x080028cf   Thumb Code   130  stm32f4xx_hal_uart.o(i.UART_DMAReceiveCplt)
    i.UART_DMARxHalfCplt                     0x08002950   Section        0  stm32f4xx_hal_uart.o(i.UART_DMARxHalfCplt)
    UART_DMARxHalfCplt                       0x08002951   Thumb Code    26  stm32f4xx_hal_uart.o(i.UART_DMARxHalfCplt)
    i.UART_EndRxTransfer                     0x0800296a   Section        0  stm32f4xx_hal_uart.o(i.UART_EndRxTransfer)
    UART_EndRxTransfer                       0x0800296b   Thumb Code    78  stm32f4xx_hal_uart.o(i.UART_EndRxTransfer)
    i.UART_EndTxTransfer                     0x080029b8   Section        0  stm32f4xx_hal_uart.o(i.UART_EndTxTransfer)
    UART_EndTxTransfer                       0x080029b9   Thumb Code    28  stm32f4xx_hal_uart.o(i.UART_EndTxTransfer)
    i.UART_Receive_IT                        0x080029d4   Section        0  stm32f4xx_hal_uart.o(i.UART_Receive_IT)
    UART_Receive_IT                          0x080029d5   Thumb Code   192  stm32f4xx_hal_uart.o(i.UART_Receive_IT)
    i.UART_SetConfig                         0x08002a94   Section        0  stm32f4xx_hal_uart.o(i.UART_SetConfig)
    UART_SetConfig                           0x08002a95   Thumb Code   258  stm32f4xx_hal_uart.o(i.UART_SetConfig)
    i.UART_Start_Receive_DMA                 0x08002ba0   Section        0  stm32f4xx_hal_uart.o(i.UART_Start_Receive_DMA)
    i.USART6_IRQHandler                      0x08002c34   Section        0  stm32f4xx_it.o(i.USART6_IRQHandler)
    i.UsageFault_Handler                     0x08002c40   Section        0  stm32f4xx_it.o(i.UsageFault_Handler)
    i.__NVIC_SetPriority                     0x08002c42   Section        0  stm32f4xx_hal_cortex.o(i.__NVIC_SetPriority)
    __NVIC_SetPriority                       0x08002c43   Thumb Code    32  stm32f4xx_hal_cortex.o(i.__NVIC_SetPriority)
    i.arm_task                               0x08002c62   Section        0  arm_task.o(i.arm_task)
    i.can_filter_init                        0x08002c6c   Section        0  can_user.o(i.can_filter_init)
    i.data_receive_IT                        0x08002cc4   Section        0  uart_user.o(i.data_receive_IT)
    i.kinemat_task                           0x08002cf8   Section        0  kinemat_task.o(i.kinemat_task)
    i.main                                   0x08002d28   Section        0  main.o(i.main)
    i.makeFreeRtosPriority                   0x08002d5a   Section        0  cmsis_os.o(i.makeFreeRtosPriority)
    makeFreeRtosPriority                     0x08002d5b   Thumb Code    12  cmsis_os.o(i.makeFreeRtosPriority)
    i.one_path_cala                          0x08002d68   Section        0  path_planning.o(i.one_path_cala)
    i.osDelay                                0x08002f7c   Section        0  cmsis_os.o(i.osDelay)
    i.osKernelStart                          0x08002f8a   Section        0  cmsis_os.o(i.osKernelStart)
    i.osThreadCreate                         0x08002f94   Section        0  cmsis_os.o(i.osThreadCreate)
    i.path_init                              0x08002fe8   Section        0  kinemat_task.o(i.path_init)
    i.path_planning                          0x0800300c   Section        0  path_planning.o(i.path_planning)
    i.points_init                            0x0800307c   Section        0  kinemat_task.o(i.points_init)
    i.power                                  0x080030c0   Section        0  path_planning.o(i.power)
    i.prvAddCurrentTaskToDelayedList         0x080030dc   Section        0  tasks.o(i.prvAddCurrentTaskToDelayedList)
    prvAddCurrentTaskToDelayedList           0x080030dd   Thumb Code   102  tasks.o(i.prvAddCurrentTaskToDelayedList)
    i.prvAddNewTaskToReadyList               0x0800314c   Section        0  tasks.o(i.prvAddNewTaskToReadyList)
    prvAddNewTaskToReadyList                 0x0800314d   Thumb Code   194  tasks.o(i.prvAddNewTaskToReadyList)
    i.prvDeleteTCB                           0x0800321c   Section        0  tasks.o(i.prvDeleteTCB)
    prvDeleteTCB                             0x0800321d   Thumb Code    52  tasks.o(i.prvDeleteTCB)
    i.prvHeapInit                            0x08003250   Section        0  heap_4.o(i.prvHeapInit)
    prvHeapInit                              0x08003251   Thumb Code    66  heap_4.o(i.prvHeapInit)
    i.prvIdleTask                            0x0800329c   Section        0  tasks.o(i.prvIdleTask)
    prvIdleTask                              0x0800329d   Thumb Code    82  tasks.o(i.prvIdleTask)
    i.prvInitialiseNewTask                   0x080032fc   Section        0  tasks.o(i.prvInitialiseNewTask)
    prvInitialiseNewTask                     0x080032fd   Thumb Code   152  tasks.o(i.prvInitialiseNewTask)
    i.prvInsertBlockIntoFreeList             0x08003394   Section        0  heap_4.o(i.prvInsertBlockIntoFreeList)
    prvInsertBlockIntoFreeList               0x08003395   Thumb Code    72  heap_4.o(i.prvInsertBlockIntoFreeList)
    i.prvResetNextTaskUnblockTime            0x080033e0   Section        0  tasks.o(i.prvResetNextTaskUnblockTime)
    prvResetNextTaskUnblockTime              0x080033e1   Thumb Code    26  tasks.o(i.prvResetNextTaskUnblockTime)
    i.prvTaskExitError                       0x08003400   Section        0  port.o(i.prvTaskExitError)
    prvTaskExitError                         0x08003401   Thumb Code    36  port.o(i.prvTaskExitError)
    i.pvPortMalloc                           0x08003428   Section        0  heap_4.o(i.pvPortMalloc)
    i.pxPortInitialiseStack                  0x08003504   Section        0  port.o(i.pxPortInitialiseStack)
    i.uint_to_float                          0x08003530   Section        0  bsp_can.o(i.uint_to_float)
    i.uxListRemove                           0x08003558   Section        0  list.o(i.uxListRemove)
    i.vApplicationGetIdleTaskMemory          0x08003580   Section        0  freertos.o(i.vApplicationGetIdleTaskMemory)
    i.vListInitialise                        0x08003594   Section        0  list.o(i.vListInitialise)
    i.vListInitialiseItem                    0x080035aa   Section        0  list.o(i.vListInitialiseItem)
    i.vListInsert                            0x080035b0   Section        0  list.o(i.vListInsert)
    i.vListInsertEnd                         0x080035e0   Section        0  list.o(i.vListInsertEnd)
    i.vPortEnterCritical                     0x080035f8   Section        0  port.o(i.vPortEnterCritical)
    i.vPortExitCritical                      0x08003638   Section        0  port.o(i.vPortExitCritical)
    i.vPortFree                              0x08003660   Section        0  heap_4.o(i.vPortFree)
    i.vPortSetupTimerInterrupt               0x080036c4   Section        0  port.o(i.vPortSetupTimerInterrupt)
    i.vTaskDelay                             0x080036e8   Section        0  tasks.o(i.vTaskDelay)
    i.vTaskStartScheduler                    0x08003734   Section        0  tasks.o(i.vTaskStartScheduler)
    i.vTaskSuspendAll                        0x080037a0   Section        0  tasks.o(i.vTaskSuspendAll)
    i.vTaskSwitchContext                     0x080037b0   Section        0  tasks.o(i.vTaskSwitchContext)
    i.xPortStartScheduler                    0x0800380c   Section        0  port.o(i.xPortStartScheduler)
    i.xPortSysTickHandler                    0x08003900   Section        0  port.o(i.xPortSysTickHandler)
    i.xTaskCreate                            0x0800392c   Section        0  tasks.o(i.xTaskCreate)
    i.xTaskCreateStatic                      0x08003986   Section        0  tasks.o(i.xTaskCreateStatic)
    i.xTaskGetSchedulerState                 0x080039dc   Section        0  tasks.o(i.xTaskGetSchedulerState)
    i.xTaskIncrementTick                     0x080039f8   Section        0  tasks.o(i.xTaskIncrementTick)
    i.xTaskResumeAll                         0x08003ac4   Section        0  tasks.o(i.xTaskResumeAll)
    x$fpl$fpinit                             0x08003b88   Section       10  fpinit.o(x$fpl$fpinit)
    $v0                                      0x08003b88   Number         0  fpinit.o(x$fpl$fpinit)
    .constdata                               0x08003b94   Section       84  freertos.o(.constdata)
    .constdata                               0x08003be8   Section        8  stm32f4xx_hal_dma.o(.constdata)
    flagBitshiftOffset                       0x08003be8   Data           8  stm32f4xx_hal_dma.o(.constdata)
    .constdata                               0x08003bf0   Section       16  system_stm32f4xx.o(.constdata)
    .constdata                               0x08003c00   Section        8  system_stm32f4xx.o(.constdata)
    .conststring                             0x08003c08   Section       32  freertos.o(.conststring)
    .data                                    0x20000000   Section       12  freertos.o(.data)
    .data                                    0x2000000c   Section        4  can.o(.data)
    HAL_RCC_CAN1_CLK_ENABLED                 0x2000000c   Data           4  can.o(.data)
    .data                                    0x20000010   Section       12  stm32f4xx_hal.o(.data)
    .data                                    0x2000001c   Section        4  system_stm32f4xx.o(.data)
    .data                                    0x20000020   Section       60  tasks.o(.data)
    uxDeletedTasksWaitingCleanUp             0x20000024   Data           4  tasks.o(.data)
    uxCurrentNumberOfTasks                   0x20000028   Data           4  tasks.o(.data)
    xTickCount                               0x2000002c   Data           4  tasks.o(.data)
    uxTopReadyPriority                       0x20000030   Data           4  tasks.o(.data)
    xSchedulerRunning                        0x20000034   Data           4  tasks.o(.data)
    xPendedTicks                             0x20000038   Data           4  tasks.o(.data)
    xYieldPending                            0x2000003c   Data           4  tasks.o(.data)
    xNumOfOverflows                          0x20000040   Data           4  tasks.o(.data)
    uxTaskNumber                             0x20000044   Data           4  tasks.o(.data)
    xNextTaskUnblockTime                     0x20000048   Data           4  tasks.o(.data)
    xIdleTaskHandle                          0x2000004c   Data           4  tasks.o(.data)
    uxSchedulerSuspended                     0x20000050   Data           4  tasks.o(.data)
    pxDelayedTaskList                        0x20000054   Data           4  tasks.o(.data)
    pxOverflowDelayedTaskList                0x20000058   Data           4  tasks.o(.data)
    .data                                    0x2000005c   Section       32  heap_4.o(.data)
    pxEnd                                    0x2000005c   Data           4  heap_4.o(.data)
    xFreeBytesRemaining                      0x20000060   Data           4  heap_4.o(.data)
    xMinimumEverFreeBytesRemaining           0x20000064   Data           4  heap_4.o(.data)
    xNumberOfSuccessfulAllocations           0x20000068   Data           4  heap_4.o(.data)
    xNumberOfSuccessfulFrees                 0x2000006c   Data           4  heap_4.o(.data)
    xBlockAllocatedBit                       0x20000070   Data           4  heap_4.o(.data)
    xStart                                   0x20000074   Data           8  heap_4.o(.data)
    .data                                    0x2000007c   Section       12  port.o(.data)
    ucMaxSysCallPriority                     0x2000007c   Data           1  port.o(.data)
    uxCriticalNesting                        0x20000080   Data           4  port.o(.data)
    ulMaxPRIGROUPValue                       0x20000084   Data           4  port.o(.data)
    .data                                    0x20000088   Section        2  uart_user.o(.data)
    RxState                                  0x20000089   Data           1  uart_user.o(.data)
    .data                                    0x2000008a   Section        2  bsp_can.o(.data)
    .bss                                     0x2000008c   Section      596  freertos.o(.bss)
    xIdleTaskTCBBuffer                       0x2000008c   Data          84  freertos.o(.bss)
    xIdleStack                               0x200000e0   Data         512  freertos.o(.bss)
    .bss                                     0x200002e0   Section       80  can.o(.bss)
    .bss                                     0x20000330   Section       72  tim.o(.bss)
    .bss                                     0x20000378   Section      164  usart.o(.bss)
    .bss                                     0x2000041c   Section      240  tasks.o(.bss)
    pxReadyTasksLists                        0x2000041c   Data         140  tasks.o(.bss)
    xDelayedTaskList1                        0x200004a8   Data          20  tasks.o(.bss)
    xDelayedTaskList2                        0x200004bc   Data          20  tasks.o(.bss)
    xPendingReadyList                        0x200004d0   Data          20  tasks.o(.bss)
    xTasksWaitingTermination                 0x200004e4   Data          20  tasks.o(.bss)
    xSuspendedTaskList                       0x200004f8   Data          20  tasks.o(.bss)
    .bss                                     0x2000050c   Section    15360  heap_4.o(.bss)
    ucHeap                                   0x2000050c   Data       15360  heap_4.o(.bss)
    .bss                                     0x2000410c   Section      320  can_user.o(.bss)
    .bss                                     0x2000424c   Section       59  uart_user.o(.bss)
    .bss                                     0x20004288   Section      352  bsp_can.o(.bss)
    Tx_Header                                0x20004288   Data          24  bsp_can.o(.bss)
    Tx_Header                                0x200042a0   Data          24  bsp_can.o(.bss)
    Tx_Header                                0x200042b8   Data          24  bsp_can.o(.bss)
    .bss                                     0x200043e8   Section    12196  kinemat_task.o(.bss)
    .bss                                     0x2000738c   Section       96  libspace.o(.bss)
    HEAP                                     0x200073f0   Section      512  startup_stm32f446xx.o(HEAP)
    Heap_Mem                                 0x200073f0   Data         512  startup_stm32f446xx.o(HEAP)
    STACK                                    0x200075f0   Section     1024  startup_stm32f446xx.o(STACK)
    Stack_Mem                                0x200075f0   Data        1024  startup_stm32f446xx.o(STACK)
    __initial_sp                             0x200079f0   Data           0  startup_stm32f446xx.o(STACK)

    Global Symbols

    Symbol Name                              Value     Ov Type        Size  Object(Section)

    BuildAttributes$$THM_ISAv4$E$P$D$K$B$S$7EM$VFPi3$EXTD16$VFPS$VFMA$PE$A:L22UL41UL21$X:L11$S22US41US21$IEEE1$IW$USESV6$~STKCKD$USESV7$~SHL$OTIME$ROPI$IEEEX$EBA8$UX$STANDARDLIB$REQ8$PRES8$EABIv2 0x00000000   Number         0  anon$$obj.o ABSOLUTE
    __ARM_use_no_argv                        0x00000000   Number         0  main.o ABSOLUTE
    __ARM_exceptions_init                     - Undefined Weak Reference
    __alloca_initialize                       - Undefined Weak Reference
    __arm_preinit_                            - Undefined Weak Reference
    __cpp_initialize__aeabi_                  - Undefined Weak Reference
    __cxa_finalize                            - Undefined Weak Reference
    __rt_locale                               - Undefined Weak Reference
    __sigvec_lookup                           - Undefined Weak Reference
    _atexit_init                              - Undefined Weak Reference
    _call_atexit_fns                          - Undefined Weak Reference
    _clock_init                               - Undefined Weak Reference
    _fp_trap_init                             - Undefined Weak Reference
    _fp_trap_shutdown                         - Undefined Weak Reference
    _get_lc_collate                           - Undefined Weak Reference
    _get_lc_ctype                             - Undefined Weak Reference
    _get_lc_monetary                          - Undefined Weak Reference
    _get_lc_numeric                           - Undefined Weak Reference
    _get_lc_time                              - Undefined Weak Reference
    _getenv_init                              - Undefined Weak Reference
    _handle_redirection                       - Undefined Weak Reference
    _init_alloc                               - Undefined Weak Reference
    _init_user_alloc                          - Undefined Weak Reference
    _initio                                   - Undefined Weak Reference
    _rand_init                                - Undefined Weak Reference
    _signal_finish                            - Undefined Weak Reference
    _signal_init                              - Undefined Weak Reference
    _terminate_alloc                          - Undefined Weak Reference
    _terminate_user_alloc                     - Undefined Weak Reference
    _terminateio                              - Undefined Weak Reference
    __Vectors_Size                           0x000001c4   Number         0  startup_stm32f446xx.o ABSOLUTE
    __Vectors                                0x08000000   Data           4  startup_stm32f446xx.o(RESET)
    __Vectors_End                            0x080001c4   Data           0  startup_stm32f446xx.o(RESET)
    __main                                   0x080001c5   Thumb Code     8  __main.o(!!!main)
    __scatterload                            0x080001cd   Thumb Code     0  __scatter.o(!!!scatter)
    __scatterload_rt2                        0x080001cd   Thumb Code    44  __scatter.o(!!!scatter)
    __scatterload_rt2_thumb_only             0x080001cd   Thumb Code     0  __scatter.o(!!!scatter)
    __scatterload_null                       0x080001db   Thumb Code     0  __scatter.o(!!!scatter)
    __scatterload_copy                       0x08000201   Thumb Code    26  __scatter_copy.o(!!handler_copy)
    __scatterload_zeroinit                   0x0800021d   Thumb Code    28  __scatter_zi.o(!!handler_zi)
    __rt_lib_init                            0x08000239   Thumb Code     0  libinit.o(.ARM.Collect$$libinit$$00000000)
    __rt_lib_init_fp_1                       0x0800023b   Thumb Code     0  libinit2.o(.ARM.Collect$$libinit$$00000001)
    __rt_lib_init_alloca_1                   0x0800023f   Thumb Code     0  libinit2.o(.ARM.Collect$$libinit$$0000002E)
    __rt_lib_init_argv_1                     0x0800023f   Thumb Code     0  libinit2.o(.ARM.Collect$$libinit$$0000002C)
    __rt_lib_init_atexit_1                   0x0800023f   Thumb Code     0  libinit2.o(.ARM.Collect$$libinit$$0000001B)
    __rt_lib_init_clock_1                    0x0800023f   Thumb Code     0  libinit2.o(.ARM.Collect$$libinit$$00000021)
    __rt_lib_init_cpp_1                      0x0800023f   Thumb Code     0  libinit2.o(.ARM.Collect$$libinit$$00000032)
    __rt_lib_init_exceptions_1               0x0800023f   Thumb Code     0  libinit2.o(.ARM.Collect$$libinit$$00000030)
    __rt_lib_init_fp_trap_1                  0x0800023f   Thumb Code     0  libinit2.o(.ARM.Collect$$libinit$$0000001F)
    __rt_lib_init_getenv_1                   0x0800023f   Thumb Code     0  libinit2.o(.ARM.Collect$$libinit$$00000023)
    __rt_lib_init_heap_1                     0x0800023f   Thumb Code     0  libinit2.o(.ARM.Collect$$libinit$$0000000A)
    __rt_lib_init_lc_collate_1               0x0800023f   Thumb Code     0  libinit2.o(.ARM.Collect$$libinit$$00000011)
    __rt_lib_init_lc_ctype_1                 0x0800023f   Thumb Code     0  libinit2.o(.ARM.Collect$$libinit$$00000013)
    __rt_lib_init_lc_monetary_1              0x0800023f   Thumb Code     0  libinit2.o(.ARM.Collect$$libinit$$00000015)
    __rt_lib_init_lc_numeric_1               0x0800023f   Thumb Code     0  libinit2.o(.ARM.Collect$$libinit$$00000017)
    __rt_lib_init_lc_time_1                  0x0800023f   Thumb Code     0  libinit2.o(.ARM.Collect$$libinit$$00000019)
    __rt_lib_init_preinit_1                  0x0800023f   Thumb Code     0  libinit2.o(.ARM.Collect$$libinit$$00000004)
    __rt_lib_init_rand_1                     0x0800023f   Thumb Code     0  libinit2.o(.ARM.Collect$$libinit$$0000000E)
    __rt_lib_init_return                     0x0800023f   Thumb Code     0  libinit2.o(.ARM.Collect$$libinit$$00000033)
    __rt_lib_init_signal_1                   0x0800023f   Thumb Code     0  libinit2.o(.ARM.Collect$$libinit$$0000001D)
    __rt_lib_init_stdio_1                    0x0800023f   Thumb Code     0  libinit2.o(.ARM.Collect$$libinit$$00000025)
    __rt_lib_init_user_alloc_1               0x0800023f   Thumb Code     0  libinit2.o(.ARM.Collect$$libinit$$0000000C)
    __rt_lib_shutdown                        0x08000241   Thumb Code     0  libshutdown.o(.ARM.Collect$$libshutdown$$00000000)
    __rt_lib_shutdown_cpp_1                  0x08000243   Thumb Code     0  libshutdown2.o(.ARM.Collect$$libshutdown$$00000002)
    __rt_lib_shutdown_fp_trap_1              0x08000243   Thumb Code     0  libshutdown2.o(.ARM.Collect$$libshutdown$$00000007)
    __rt_lib_shutdown_heap_1                 0x08000243   Thumb Code     0  libshutdown2.o(.ARM.Collect$$libshutdown$$0000000F)
    __rt_lib_shutdown_return                 0x08000243   Thumb Code     0  libshutdown2.o(.ARM.Collect$$libshutdown$$00000010)
    __rt_lib_shutdown_signal_1               0x08000243   Thumb Code     0  libshutdown2.o(.ARM.Collect$$libshutdown$$0000000A)
    __rt_lib_shutdown_stdio_1                0x08000243   Thumb Code     0  libshutdown2.o(.ARM.Collect$$libshutdown$$00000004)
    __rt_lib_shutdown_user_alloc_1           0x08000243   Thumb Code     0  libshutdown2.o(.ARM.Collect$$libshutdown$$0000000C)
    __rt_entry                               0x08000245   Thumb Code     0  __rtentry.o(.ARM.Collect$$rtentry$$00000000)
    __rt_entry_presh_1                       0x08000245   Thumb Code     0  __rtentry2.o(.ARM.Collect$$rtentry$$00000002)
    __rt_entry_sh                            0x08000245   Thumb Code     0  __rtentry4.o(.ARM.Collect$$rtentry$$00000004)
    __rt_entry_li                            0x0800024b   Thumb Code     0  __rtentry2.o(.ARM.Collect$$rtentry$$0000000A)
    __rt_entry_postsh_1                      0x0800024b   Thumb Code     0  __rtentry2.o(.ARM.Collect$$rtentry$$00000009)
    __rt_entry_main                          0x0800024f   Thumb Code     0  __rtentry2.o(.ARM.Collect$$rtentry$$0000000D)
    __rt_entry_postli_1                      0x0800024f   Thumb Code     0  __rtentry2.o(.ARM.Collect$$rtentry$$0000000C)
    __rt_exit                                0x08000257   Thumb Code     0  rtexit.o(.ARM.Collect$$rtexit$$00000000)
    __rt_exit_ls                             0x08000259   Thumb Code     0  rtexit2.o(.ARM.Collect$$rtexit$$00000003)
    __rt_exit_prels_1                        0x08000259   Thumb Code     0  rtexit2.o(.ARM.Collect$$rtexit$$00000002)
    __rt_exit_exit                           0x0800025d   Thumb Code     0  rtexit2.o(.ARM.Collect$$rtexit$$00000004)
    SVC_Handler                              0x08000265   Thumb Code    28  port.o(.emb_text)
    __asm___6_port_c_39a90d8d__prvStartFirstTask 0x08000285   Thumb Code    36  port.o(.emb_text)
    __asm___6_port_c_39a90d8d__prvEnableVFP  0x080002ad   Thumb Code    16  port.o(.emb_text)
    PendSV_Handler                           0x080002c1   Thumb Code    88  port.o(.emb_text)
    vPortGetIPSR                             0x0800031d   Thumb Code     6  port.o(.emb_text)
    Reset_Handler                            0x08000325   Thumb Code     8  startup_stm32f446xx.o(.text)
    ADC_IRQHandler                           0x0800033f   Thumb Code     0  startup_stm32f446xx.o(.text)
    CAN1_RX1_IRQHandler                      0x0800033f   Thumb Code     0  startup_stm32f446xx.o(.text)
    CAN1_SCE_IRQHandler                      0x0800033f   Thumb Code     0  startup_stm32f446xx.o(.text)
    CAN2_RX1_IRQHandler                      0x0800033f   Thumb Code     0  startup_stm32f446xx.o(.text)
    CAN2_SCE_IRQHandler                      0x0800033f   Thumb Code     0  startup_stm32f446xx.o(.text)
    CEC_IRQHandler                           0x0800033f   Thumb Code     0  startup_stm32f446xx.o(.text)
    DCMI_IRQHandler                          0x0800033f   Thumb Code     0  startup_stm32f446xx.o(.text)
    DMA1_Stream0_IRQHandler                  0x0800033f   Thumb Code     0  startup_stm32f446xx.o(.text)
    DMA1_Stream1_IRQHandler                  0x0800033f   Thumb Code     0  startup_stm32f446xx.o(.text)
    DMA1_Stream2_IRQHandler                  0x0800033f   Thumb Code     0  startup_stm32f446xx.o(.text)
    DMA1_Stream3_IRQHandler                  0x0800033f   Thumb Code     0  startup_stm32f446xx.o(.text)
    DMA1_Stream4_IRQHandler                  0x0800033f   Thumb Code     0  startup_stm32f446xx.o(.text)
    DMA1_Stream5_IRQHandler                  0x0800033f   Thumb Code     0  startup_stm32f446xx.o(.text)
    DMA1_Stream6_IRQHandler                  0x0800033f   Thumb Code     0  startup_stm32f446xx.o(.text)
    DMA1_Stream7_IRQHandler                  0x0800033f   Thumb Code     0  startup_stm32f446xx.o(.text)
    DMA2_Stream0_IRQHandler                  0x0800033f   Thumb Code     0  startup_stm32f446xx.o(.text)
    DMA2_Stream2_IRQHandler                  0x0800033f   Thumb Code     0  startup_stm32f446xx.o(.text)
    DMA2_Stream3_IRQHandler                  0x0800033f   Thumb Code     0  startup_stm32f446xx.o(.text)
    DMA2_Stream4_IRQHandler                  0x0800033f   Thumb Code     0  startup_stm32f446xx.o(.text)
    DMA2_Stream5_IRQHandler                  0x0800033f   Thumb Code     0  startup_stm32f446xx.o(.text)
    DMA2_Stream6_IRQHandler                  0x0800033f   Thumb Code     0  startup_stm32f446xx.o(.text)
    DMA2_Stream7_IRQHandler                  0x0800033f   Thumb Code     0  startup_stm32f446xx.o(.text)
    EXTI0_IRQHandler                         0x0800033f   Thumb Code     0  startup_stm32f446xx.o(.text)
    EXTI15_10_IRQHandler                     0x0800033f   Thumb Code     0  startup_stm32f446xx.o(.text)
    EXTI1_IRQHandler                         0x0800033f   Thumb Code     0  startup_stm32f446xx.o(.text)
    EXTI2_IRQHandler                         0x0800033f   Thumb Code     0  startup_stm32f446xx.o(.text)
    EXTI3_IRQHandler                         0x0800033f   Thumb Code     0  startup_stm32f446xx.o(.text)
    EXTI4_IRQHandler                         0x0800033f   Thumb Code     0  startup_stm32f446xx.o(.text)
    EXTI9_5_IRQHandler                       0x0800033f   Thumb Code     0  startup_stm32f446xx.o(.text)
    FLASH_IRQHandler                         0x0800033f   Thumb Code     0  startup_stm32f446xx.o(.text)
    FMC_IRQHandler                           0x0800033f   Thumb Code     0  startup_stm32f446xx.o(.text)
    FMPI2C1_ER_IRQHandler                    0x0800033f   Thumb Code     0  startup_stm32f446xx.o(.text)
    FMPI2C1_EV_IRQHandler                    0x0800033f   Thumb Code     0  startup_stm32f446xx.o(.text)
    FPU_IRQHandler                           0x0800033f   Thumb Code     0  startup_stm32f446xx.o(.text)
    I2C1_ER_IRQHandler                       0x0800033f   Thumb Code     0  startup_stm32f446xx.o(.text)
    I2C1_EV_IRQHandler                       0x0800033f   Thumb Code     0  startup_stm32f446xx.o(.text)
    I2C2_ER_IRQHandler                       0x0800033f   Thumb Code     0  startup_stm32f446xx.o(.text)
    I2C2_EV_IRQHandler                       0x0800033f   Thumb Code     0  startup_stm32f446xx.o(.text)
    I2C3_ER_IRQHandler                       0x0800033f   Thumb Code     0  startup_stm32f446xx.o(.text)
    I2C3_EV_IRQHandler                       0x0800033f   Thumb Code     0  startup_stm32f446xx.o(.text)
    OTG_FS_IRQHandler                        0x0800033f   Thumb Code     0  startup_stm32f446xx.o(.text)
    OTG_FS_WKUP_IRQHandler                   0x0800033f   Thumb Code     0  startup_stm32f446xx.o(.text)
    OTG_HS_EP1_IN_IRQHandler                 0x0800033f   Thumb Code     0  startup_stm32f446xx.o(.text)
    OTG_HS_EP1_OUT_IRQHandler                0x0800033f   Thumb Code     0  startup_stm32f446xx.o(.text)
    OTG_HS_IRQHandler                        0x0800033f   Thumb Code     0  startup_stm32f446xx.o(.text)
    OTG_HS_WKUP_IRQHandler                   0x0800033f   Thumb Code     0  startup_stm32f446xx.o(.text)
    PVD_IRQHandler                           0x0800033f   Thumb Code     0  startup_stm32f446xx.o(.text)
    QUADSPI_IRQHandler                       0x0800033f   Thumb Code     0  startup_stm32f446xx.o(.text)
    RCC_IRQHandler                           0x0800033f   Thumb Code     0  startup_stm32f446xx.o(.text)
    RTC_Alarm_IRQHandler                     0x0800033f   Thumb Code     0  startup_stm32f446xx.o(.text)
    RTC_WKUP_IRQHandler                      0x0800033f   Thumb Code     0  startup_stm32f446xx.o(.text)
    SAI1_IRQHandler                          0x0800033f   Thumb Code     0  startup_stm32f446xx.o(.text)
    SAI2_IRQHandler                          0x0800033f   Thumb Code     0  startup_stm32f446xx.o(.text)
    SDIO_IRQHandler                          0x0800033f   Thumb Code     0  startup_stm32f446xx.o(.text)
    SPDIF_RX_IRQHandler                      0x0800033f   Thumb Code     0  startup_stm32f446xx.o(.text)
    SPI1_IRQHandler                          0x0800033f   Thumb Code     0  startup_stm32f446xx.o(.text)
    SPI2_IRQHandler                          0x0800033f   Thumb Code     0  startup_stm32f446xx.o(.text)
    SPI3_IRQHandler                          0x0800033f   Thumb Code     0  startup_stm32f446xx.o(.text)
    SPI4_IRQHandler                          0x0800033f   Thumb Code     0  startup_stm32f446xx.o(.text)
    TAMP_STAMP_IRQHandler                    0x0800033f   Thumb Code     0  startup_stm32f446xx.o(.text)
    TIM1_BRK_TIM9_IRQHandler                 0x0800033f   Thumb Code     0  startup_stm32f446xx.o(.text)
    TIM1_CC_IRQHandler                       0x0800033f   Thumb Code     0  startup_stm32f446xx.o(.text)
    TIM1_TRG_COM_TIM11_IRQHandler            0x0800033f   Thumb Code     0  startup_stm32f446xx.o(.text)
    TIM1_UP_TIM10_IRQHandler                 0x0800033f   Thumb Code     0  startup_stm32f446xx.o(.text)
    TIM2_IRQHandler                          0x0800033f   Thumb Code     0  startup_stm32f446xx.o(.text)
    TIM3_IRQHandler                          0x0800033f   Thumb Code     0  startup_stm32f446xx.o(.text)
    TIM4_IRQHandler                          0x0800033f   Thumb Code     0  startup_stm32f446xx.o(.text)
    TIM5_IRQHandler                          0x0800033f   Thumb Code     0  startup_stm32f446xx.o(.text)
    TIM6_DAC_IRQHandler                      0x0800033f   Thumb Code     0  startup_stm32f446xx.o(.text)
    TIM7_IRQHandler                          0x0800033f   Thumb Code     0  startup_stm32f446xx.o(.text)
    TIM8_BRK_TIM12_IRQHandler                0x0800033f   Thumb Code     0  startup_stm32f446xx.o(.text)
    TIM8_CC_IRQHandler                       0x0800033f   Thumb Code     0  startup_stm32f446xx.o(.text)
    TIM8_TRG_COM_TIM14_IRQHandler            0x0800033f   Thumb Code     0  startup_stm32f446xx.o(.text)
    TIM8_UP_TIM13_IRQHandler                 0x0800033f   Thumb Code     0  startup_stm32f446xx.o(.text)
    UART4_IRQHandler                         0x0800033f   Thumb Code     0  startup_stm32f446xx.o(.text)
    UART5_IRQHandler                         0x0800033f   Thumb Code     0  startup_stm32f446xx.o(.text)
    USART1_IRQHandler                        0x0800033f   Thumb Code     0  startup_stm32f446xx.o(.text)
    USART2_IRQHandler                        0x0800033f   Thumb Code     0  startup_stm32f446xx.o(.text)
    USART3_IRQHandler                        0x0800033f   Thumb Code     0  startup_stm32f446xx.o(.text)
    WWDG_IRQHandler                          0x0800033f   Thumb Code     0  startup_stm32f446xx.o(.text)
    __user_initial_stackheap                 0x08000341   Thumb Code     0  startup_stm32f446xx.o(.text)
    __aeabi_uldivmod                         0x08000365   Thumb Code     0  lludivv7m.o(.text)
    _ll_udiv                                 0x08000365   Thumb Code   238  lludivv7m.o(.text)
    __aeabi_memcpy4                          0x08000453   Thumb Code     0  rt_memcpy_w.o(.text)
    __aeabi_memcpy8                          0x08000453   Thumb Code     0  rt_memcpy_w.o(.text)
    __rt_memcpy_w                            0x08000453   Thumb Code   100  rt_memcpy_w.o(.text)
    _memcpy_lastbytes_aligned                0x0800049b   Thumb Code     0  rt_memcpy_w.o(.text)
    __aeabi_memclr4                          0x080004b7   Thumb Code     0  rt_memclr_w.o(.text)
    __aeabi_memclr8                          0x080004b7   Thumb Code     0  rt_memclr_w.o(.text)
    __rt_memclr_w                            0x080004b7   Thumb Code    78  rt_memclr_w.o(.text)
    _memset_w                                0x080004bb   Thumb Code     0  rt_memclr_w.o(.text)
    __use_two_region_memory                  0x08000505   Thumb Code     2  heapauxi.o(.text)
    __rt_heap_escrow$2region                 0x08000507   Thumb Code     2  heapauxi.o(.text)
    __rt_heap_expand$2region                 0x08000509   Thumb Code     2  heapauxi.o(.text)
    __user_libspace                          0x0800050d   Thumb Code     8  libspace.o(.text)
    __user_perproc_libspace                  0x0800050d   Thumb Code     0  libspace.o(.text)
    __user_perthread_libspace                0x0800050d   Thumb Code     0  libspace.o(.text)
    __user_setup_stackheap                   0x08000515   Thumb Code    74  sys_stackheap_outer.o(.text)
    exit                                     0x0800055f   Thumb Code    18  exit.o(.text)
    _sys_exit                                0x08000571   Thumb Code     8  sys_exit.o(.text)
    __I$use$semihosting                      0x0800057d   Thumb Code     0  use_no_semi.o(.text)
    __use_no_semihosting_swi                 0x0800057d   Thumb Code     2  use_no_semi.o(.text)
    BusFault_Handler                         0x0800057f   Thumb Code     2  stm32f4xx_it.o(i.BusFault_Handler)
    __semihosting_library_function           0x0800057f   Thumb Code     0  indicate_semi.o(.text)
    CAN1_RX0_IRQHandler                      0x08000581   Thumb Code     6  stm32f4xx_it.o(i.CAN1_RX0_IRQHandler)
    CAN1_TX_IRQHandler                       0x0800058d   Thumb Code     6  stm32f4xx_it.o(i.CAN1_TX_IRQHandler)
    CAN2_RX0_IRQHandler                      0x08000599   Thumb Code     6  stm32f4xx_it.o(i.CAN2_RX0_IRQHandler)
    CAN2_TX_IRQHandler                       0x080005a5   Thumb Code     6  stm32f4xx_it.o(i.CAN2_TX_IRQHandler)
    DMA2_Stream1_IRQHandler                  0x080005b1   Thumb Code     6  stm32f4xx_it.o(i.DMA2_Stream1_IRQHandler)
    DebugMon_Handler                         0x08000661   Thumb Code     2  stm32f4xx_it.o(i.DebugMon_Handler)
    Error_Handler                            0x08000663   Thumb Code     4  main.o(i.Error_Handler)
    HAL_CAN_ActivateNotification             0x08000667   Thumb Code    36  stm32f4xx_hal_can.o(i.HAL_CAN_ActivateNotification)
    HAL_CAN_ConfigFilter                     0x0800068d   Thumb Code   262  stm32f4xx_hal_can.o(i.HAL_CAN_ConfigFilter)
    HAL_CAN_ErrorCallback                    0x08000799   Thumb Code     2  stm32f4xx_hal_can.o(i.HAL_CAN_ErrorCallback)
    HAL_CAN_GetRxMessage                     0x0800079b   Thumb Code   232  stm32f4xx_hal_can.o(i.HAL_CAN_GetRxMessage)
    HAL_CAN_IRQHandler                       0x08000883   Thumb Code   508  stm32f4xx_hal_can.o(i.HAL_CAN_IRQHandler)
    HAL_CAN_Init                             0x08000a7f   Thumb Code   282  stm32f4xx_hal_can.o(i.HAL_CAN_Init)
    HAL_CAN_MspInit                          0x08000b99   Thumb Code   272  can.o(i.HAL_CAN_MspInit)
    HAL_CAN_RxFifo0FullCallback              0x08000cbd   Thumb Code     2  stm32f4xx_hal_can.o(i.HAL_CAN_RxFifo0FullCallback)
    HAL_CAN_RxFifo0MsgPendingCallback        0x08000cc1   Thumb Code   652  bsp_can.o(i.HAL_CAN_RxFifo0MsgPendingCallback)
    HAL_CAN_RxFifo1FullCallback              0x08000f69   Thumb Code     2  stm32f4xx_hal_can.o(i.HAL_CAN_RxFifo1FullCallback)
    HAL_CAN_RxFifo1MsgPendingCallback        0x08000f6b   Thumb Code     2  stm32f4xx_hal_can.o(i.HAL_CAN_RxFifo1MsgPendingCallback)
    HAL_CAN_SleepCallback                    0x08000f6d   Thumb Code     2  stm32f4xx_hal_can.o(i.HAL_CAN_SleepCallback)
    HAL_CAN_Start                            0x08000f71   Thumb Code    88  stm32f4xx_hal_can.o(i.HAL_CAN_Start)
    HAL_CAN_TxMailbox0AbortCallback          0x08000fc9   Thumb Code     2  stm32f4xx_hal_can.o(i.HAL_CAN_TxMailbox0AbortCallback)
    HAL_CAN_TxMailbox0CompleteCallback       0x08000fcb   Thumb Code     2  stm32f4xx_hal_can.o(i.HAL_CAN_TxMailbox0CompleteCallback)
    HAL_CAN_TxMailbox1AbortCallback          0x08000fcd   Thumb Code     2  stm32f4xx_hal_can.o(i.HAL_CAN_TxMailbox1AbortCallback)
    HAL_CAN_TxMailbox1CompleteCallback       0x08000fcf   Thumb Code     2  stm32f4xx_hal_can.o(i.HAL_CAN_TxMailbox1CompleteCallback)
    HAL_CAN_TxMailbox2AbortCallback          0x08000fd1   Thumb Code     2  stm32f4xx_hal_can.o(i.HAL_CAN_TxMailbox2AbortCallback)
    HAL_CAN_TxMailbox2CompleteCallback       0x08000fd3   Thumb Code     2  stm32f4xx_hal_can.o(i.HAL_CAN_TxMailbox2CompleteCallback)
    HAL_CAN_WakeUpFromRxMsgCallback          0x08000fd5   Thumb Code     2  stm32f4xx_hal_can.o(i.HAL_CAN_WakeUpFromRxMsgCallback)
    HAL_DMA_Abort                            0x08000fd7   Thumb Code   146  stm32f4xx_hal_dma.o(i.HAL_DMA_Abort)
    HAL_DMA_Abort_IT                         0x08001069   Thumb Code    36  stm32f4xx_hal_dma.o(i.HAL_DMA_Abort_IT)
    HAL_DMA_IRQHandler                       0x0800108d   Thumb Code   412  stm32f4xx_hal_dma.o(i.HAL_DMA_IRQHandler)
    HAL_DMA_Init                             0x0800122d   Thumb Code   206  stm32f4xx_hal_dma.o(i.HAL_DMA_Init)
    HAL_DMA_Start_IT                         0x08001301   Thumb Code   110  stm32f4xx_hal_dma.o(i.HAL_DMA_Start_IT)
    HAL_Delay                                0x08001371   Thumb Code    32  stm32f4xx_hal.o(i.HAL_Delay)
    HAL_GPIO_Init                            0x08001395   Thumb Code   436  stm32f4xx_hal_gpio.o(i.HAL_GPIO_Init)
    HAL_GPIO_WritePin                        0x08001571   Thumb Code    10  stm32f4xx_hal_gpio.o(i.HAL_GPIO_WritePin)
    HAL_GetTick                              0x0800157d   Thumb Code     6  stm32f4xx_hal.o(i.HAL_GetTick)
    HAL_IncTick                              0x08001589   Thumb Code    12  stm32f4xx_hal.o(i.HAL_IncTick)
    HAL_Init                                 0x08001599   Thumb Code    48  stm32f4xx_hal.o(i.HAL_Init)
    HAL_InitTick                             0x080015cd   Thumb Code    54  stm32f4xx_hal.o(i.HAL_InitTick)
    HAL_MspInit                              0x0800160d   Thumb Code    52  stm32f4xx_hal_msp.o(i.HAL_MspInit)
    HAL_NVIC_EnableIRQ                       0x08001645   Thumb Code    26  stm32f4xx_hal_cortex.o(i.HAL_NVIC_EnableIRQ)
    HAL_NVIC_SetPriority                     0x08001661   Thumb Code    60  stm32f4xx_hal_cortex.o(i.HAL_NVIC_SetPriority)
    HAL_NVIC_SetPriorityGrouping             0x080016a1   Thumb Code    26  stm32f4xx_hal_cortex.o(i.HAL_NVIC_SetPriorityGrouping)
    HAL_RCC_ClockConfig                      0x080016c5   Thumb Code   288  stm32f4xx_hal_rcc.o(i.HAL_RCC_ClockConfig)
    HAL_RCC_GetPCLK1Freq                     0x080017f9   Thumb Code    20  stm32f4xx_hal_rcc.o(i.HAL_RCC_GetPCLK1Freq)
    HAL_RCC_GetPCLK2Freq                     0x08001819   Thumb Code    20  stm32f4xx_hal_rcc.o(i.HAL_RCC_GetPCLK2Freq)
    HAL_RCC_GetSysClockFreq                  0x08001839   Thumb Code   140  stm32f4xx_hal_rcc_ex.o(i.HAL_RCC_GetSysClockFreq)
    HAL_RCC_OscConfig                        0x080018d1   Thumb Code   900  stm32f4xx_hal_rcc_ex.o(i.HAL_RCC_OscConfig)
    HAL_SYSTICK_Config                       0x08001c69   Thumb Code    40  stm32f4xx_hal_cortex.o(i.HAL_SYSTICK_Config)
    HAL_TIMEx_MasterConfigSynchronization    0x08001c91   Thumb Code   116  stm32f4xx_hal_tim_ex.o(i.HAL_TIMEx_MasterConfigSynchronization)
    HAL_TIM_MspPostInit                      0x08001d21   Thumb Code    70  tim.o(i.HAL_TIM_MspPostInit)
    HAL_TIM_PWM_ConfigChannel                0x08001d75   Thumb Code   204  stm32f4xx_hal_tim.o(i.HAL_TIM_PWM_ConfigChannel)
    HAL_TIM_PWM_Init                         0x08001e41   Thumb Code    90  stm32f4xx_hal_tim.o(i.HAL_TIM_PWM_Init)
    HAL_TIM_PWM_MspInit                      0x08001e9d   Thumb Code    30  tim.o(i.HAL_TIM_PWM_MspInit)
    HAL_UARTEx_RxEventCallback               0x08001ec5   Thumb Code     2  stm32f4xx_hal_uart.o(i.HAL_UARTEx_RxEventCallback)
    HAL_UART_ErrorCallback                   0x08001ec7   Thumb Code     2  stm32f4xx_hal_uart.o(i.HAL_UART_ErrorCallback)
    HAL_UART_IRQHandler                      0x08001ec9   Thumb Code   610  stm32f4xx_hal_uart.o(i.HAL_UART_IRQHandler)
    HAL_UART_Init                            0x08002131   Thumb Code    98  stm32f4xx_hal_uart.o(i.HAL_UART_Init)
    HAL_UART_MspInit                         0x08002195   Thumb Code   154  usart.o(i.HAL_UART_MspInit)
    HAL_UART_Receive_DMA                     0x08002245   Thumb Code    42  stm32f4xx_hal_uart.o(i.HAL_UART_Receive_DMA)
    HAL_UART_RxCpltCallback                  0x08002271   Thumb Code   138  uart_user.o(i.HAL_UART_RxCpltCallback)
    HAL_UART_RxHalfCpltCallback              0x0800230d   Thumb Code     2  stm32f4xx_hal_uart.o(i.HAL_UART_RxHalfCpltCallback)
    HAL_UART_TxCpltCallback                  0x0800230f   Thumb Code     2  stm32f4xx_hal_uart.o(i.HAL_UART_TxCpltCallback)
    HardFault_Handler                        0x08002311   Thumb Code     2  stm32f4xx_it.o(i.HardFault_Handler)
    MX_CAN1_Init                             0x08002315   Thumb Code    60  can.o(i.MX_CAN1_Init)
    MX_CAN2_Init                             0x08002359   Thumb Code    60  can.o(i.MX_CAN2_Init)
    MX_DMA_Init                              0x0800239d   Thumb Code    40  dma.o(i.MX_DMA_Init)
    MX_FREERTOS_Init                         0x080023c9   Thumb Code    74  freertos.o(i.MX_FREERTOS_Init)
    MX_GPIO_Init                             0x0800241d   Thumb Code   132  gpio.o(i.MX_GPIO_Init)
    MX_TIM3_Init                             0x080024a9   Thumb Code   120  tim.o(i.MX_TIM3_Init)
    MX_USART6_UART_Init                      0x08002529   Thumb Code    48  usart.o(i.MX_USART6_UART_Init)
    MemManage_Handler                        0x08002561   Thumb Code     2  stm32f4xx_it.o(i.MemManage_Handler)
    NMI_Handler                              0x08002563   Thumb Code     2  stm32f4xx_it.o(i.NMI_Handler)
    StartDefaultTask                         0x08002565   Thumb Code     8  freertos.o(i.StartDefaultTask)
    SysTick_Handler                          0x0800256d   Thumb Code    24  stm32f4xx_it.o(i.SysTick_Handler)
    SystemClock_Config                       0x08002585   Thumb Code   140  main.o(i.SystemClock_Config)
    SystemInit                               0x08002619   Thumb Code    12  system_stm32f4xx.o(i.SystemInit)
    TIM_Base_SetConfig                       0x08002629   Thumb Code   156  stm32f4xx_hal_tim.o(i.TIM_Base_SetConfig)
    TIM_OC2_SetConfig                        0x08002751   Thumb Code    98  stm32f4xx_hal_tim.o(i.TIM_OC2_SetConfig)
    UART_Start_Receive_DMA                   0x08002ba1   Thumb Code   134  stm32f4xx_hal_uart.o(i.UART_Start_Receive_DMA)
    USART6_IRQHandler                        0x08002c35   Thumb Code     6  stm32f4xx_it.o(i.USART6_IRQHandler)
    UsageFault_Handler                       0x08002c41   Thumb Code     2  stm32f4xx_it.o(i.UsageFault_Handler)
    arm_task                                 0x08002c63   Thumb Code     8  arm_task.o(i.arm_task)
    can_filter_init                          0x08002c6d   Thumb Code    80  can_user.o(i.can_filter_init)
    data_receive_IT                          0x08002cc5   Thumb Code    38  uart_user.o(i.data_receive_IT)
    kinemat_task                             0x08002cf9   Thumb Code    38  kinemat_task.o(i.kinemat_task)
    main                                     0x08002d29   Thumb Code    50  main.o(i.main)
    one_path_cala                            0x08002d69   Thumb Code   526  path_planning.o(i.one_path_cala)
    osDelay                                  0x08002f7d   Thumb Code    14  cmsis_os.o(i.osDelay)
    osKernelStart                            0x08002f8b   Thumb Code    10  cmsis_os.o(i.osKernelStart)
    osThreadCreate                           0x08002f95   Thumb Code    84  cmsis_os.o(i.osThreadCreate)
    path_init                                0x08002fe9   Thumb Code    20  kinemat_task.o(i.path_init)
    path_planning                            0x0800300d   Thumb Code   108  path_planning.o(i.path_planning)
    points_init                              0x0800307d   Thumb Code    40  kinemat_task.o(i.points_init)
    power                                    0x080030c1   Thumb Code    26  path_planning.o(i.power)
    pvPortMalloc                             0x08003429   Thumb Code   216  heap_4.o(i.pvPortMalloc)
    pxPortInitialiseStack                    0x08003505   Thumb Code    40  port.o(i.pxPortInitialiseStack)
    uint_to_float                            0x08003531   Thumb Code    40  bsp_can.o(i.uint_to_float)
    uxListRemove                             0x08003559   Thumb Code    38  list.o(i.uxListRemove)
    vApplicationGetIdleTaskMemory            0x08003581   Thumb Code    16  freertos.o(i.vApplicationGetIdleTaskMemory)
    vListInitialise                          0x08003595   Thumb Code    22  list.o(i.vListInitialise)
    vListInitialiseItem                      0x080035ab   Thumb Code     6  list.o(i.vListInitialiseItem)
    vListInsert                              0x080035b1   Thumb Code    48  list.o(i.vListInsert)
    vListInsertEnd                           0x080035e1   Thumb Code    24  list.o(i.vListInsertEnd)
    vPortEnterCritical                       0x080035f9   Thumb Code    54  port.o(i.vPortEnterCritical)
    vPortExitCritical                        0x08003639   Thumb Code    34  port.o(i.vPortExitCritical)
    vPortFree                                0x08003661   Thumb Code    94  heap_4.o(i.vPortFree)
    vPortSetupTimerInterrupt                 0x080036c5   Thumb Code    32  port.o(i.vPortSetupTimerInterrupt)
    vTaskDelay                               0x080036e9   Thumb Code    66  tasks.o(i.vTaskDelay)
    vTaskStartScheduler                      0x08003735   Thumb Code    90  tasks.o(i.vTaskStartScheduler)
    vTaskSuspendAll                          0x080037a1   Thumb Code    10  tasks.o(i.vTaskSuspendAll)
    vTaskSwitchContext                       0x080037b1   Thumb Code    82  tasks.o(i.vTaskSwitchContext)
    xPortStartScheduler                      0x0800380d   Thumb Code   222  port.o(i.xPortStartScheduler)
    xPortSysTickHandler                      0x08003901   Thumb Code    38  port.o(i.xPortSysTickHandler)
    xTaskCreate                              0x0800392d   Thumb Code    90  tasks.o(i.xTaskCreate)
    xTaskCreateStatic                        0x08003987   Thumb Code    86  tasks.o(i.xTaskCreateStatic)
    xTaskGetSchedulerState                   0x080039dd   Thumb Code    22  tasks.o(i.xTaskGetSchedulerState)
    xTaskIncrementTick                       0x080039f9   Thumb Code   194  tasks.o(i.xTaskIncrementTick)
    xTaskResumeAll                           0x08003ac5   Thumb Code   182  tasks.o(i.xTaskResumeAll)
    _fp_init                                 0x08003b89   Thumb Code    10  fpinit.o(x$fpl$fpinit)
    __fplib_config_fpu_vfp                   0x08003b91   Thumb Code     0  fpinit.o(x$fpl$fpinit)
    __fplib_config_pureend_doubles           0x08003b91   Thumb Code     0  fpinit.o(x$fpl$fpinit)
    AHBPrescTable                            0x08003bf0   Data          16  system_stm32f4xx.o(.constdata)
    APBPrescTable                            0x08003c00   Data           8  system_stm32f4xx.o(.constdata)
    Region$$Table$$Base                      0x08003c28   Number         0  anon$$obj.o(Region$$Table)
    Region$$Table$$Limit                     0x08003c48   Number         0  anon$$obj.o(Region$$Table)
    defaultTaskHandle                        0x20000000   Data           4  freertos.o(.data)
    ArmTaskHandle                            0x20000004   Data           4  freertos.o(.data)
    KinematTaskHandle                        0x20000008   Data           4  freertos.o(.data)
    uwTickFreq                               0x20000010   Data           1  stm32f4xx_hal.o(.data)
    uwTickPrio                               0x20000014   Data           4  stm32f4xx_hal.o(.data)
    uwTick                                   0x20000018   Data           4  stm32f4xx_hal.o(.data)
    SystemCoreClock                          0x2000001c   Data           4  system_stm32f4xx.o(.data)
    pxCurrentTCB                             0x20000020   Data           4  tasks.o(.data)
    data_length                              0x20000088   Data           1  uart_user.o(.data)
    Selection                                0x2000008a   Data           1  bsp_can.o(.data)
    test                                     0x2000008b   Data           1  bsp_can.o(.data)
    hcan1                                    0x200002e0   Data          40  can.o(.bss)
    hcan2                                    0x20000308   Data          40  can.o(.bss)
    htim3                                    0x20000330   Data          72  tim.o(.bss)
    huart6                                   0x20000378   Data          68  usart.o(.bss)
    hdma_usart6_rx                           0x200003bc   Data          96  usart.o(.bss)
    motor_info                               0x2000410c   Data         320  can_user.o(.bss)
    rx_buffer_ch05                           0x2000424c   Data          25  uart_user.o(.bss)
    data                                     0x20004265   Data          34  uart_user.o(.bss)
    CAN_1                                    0x200042d0   Data         140  bsp_can.o(.bss)
    CAN_2                                    0x2000435c   Data         140  bsp_can.o(.bss)
    reset_point                              0x200043e8   Data          60  kinemat_task.o(.bss)
    disable_point                            0x20004424   Data          60  kinemat_task.o(.bss)
    via_point                                0x20004460   Data          60  kinemat_task.o(.bss)
    first_path                               0x2000449c   Data        6008  kinemat_task.o(.bss)
    last_path                                0x20005c14   Data        6008  kinemat_task.o(.bss)
    __libspace_start                         0x2000738c   Data          96  libspace.o(.bss)
    __temporary_stack_top$libspace           0x200073ec   Data           0  libspace.o(.bss)



==============================================================================

Memory Map of the image

  Image Entry point : 0x080001c5

  Load Region LR_IROM1 (Base: 0x08000000, Size: 0x00003cd4, Max: 0x00040000, ABSOLUTE)

    Execution Region ER_IROM1 (Exec base: 0x08000000, Load base: 0x08000000, Size: 0x00003c48, Max: 0x00040000, ABSOLUTE)

    Exec Addr    Load Addr    Size         Type   Attr      Idx    E Section Name        Object

    0x08000000   0x08000000   0x000001c4   Data   RO            3    RESET               startup_stm32f446xx.o
    0x080001c4   0x080001c4   0x00000008   Code   RO         5133  * !!!main             c_w.l(__main.o)
    0x080001cc   0x080001cc   0x00000034   Code   RO         5453    !!!scatter          c_w.l(__scatter.o)
    0x08000200   0x08000200   0x0000001a   Code   RO         5455    !!handler_copy      c_w.l(__scatter_copy.o)
    0x0800021a   0x0800021a   0x00000002   PAD
    0x0800021c   0x0800021c   0x0000001c   Code   RO         5457    !!handler_zi        c_w.l(__scatter_zi.o)
    0x08000238   0x08000238   0x00000002   Code   RO         5326    .ARM.Collect$$libinit$$00000000  c_w.l(libinit.o)
    0x0800023a   0x0800023a   0x00000004   Code   RO         5335    .ARM.Collect$$libinit$$00000001  c_w.l(libinit2.o)
    0x0800023e   0x0800023e   0x00000000   Code   RO         5338    .ARM.Collect$$libinit$$00000004  c_w.l(libinit2.o)
    0x0800023e   0x0800023e   0x00000000   Code   RO         5341    .ARM.Collect$$libinit$$0000000A  c_w.l(libinit2.o)
    0x0800023e   0x0800023e   0x00000000   Code   RO         5343    .ARM.Collect$$libinit$$0000000C  c_w.l(libinit2.o)
    0x0800023e   0x0800023e   0x00000000   Code   RO         5345    .ARM.Collect$$libinit$$0000000E  c_w.l(libinit2.o)
    0x0800023e   0x0800023e   0x00000000   Code   RO         5348    .ARM.Collect$$libinit$$00000011  c_w.l(libinit2.o)
    0x0800023e   0x0800023e   0x00000000   Code   RO         5350    .ARM.Collect$$libinit$$00000013  c_w.l(libinit2.o)
    0x0800023e   0x0800023e   0x00000000   Code   RO         5352    .ARM.Collect$$libinit$$00000015  c_w.l(libinit2.o)
    0x0800023e   0x0800023e   0x00000000   Code   RO         5354    .ARM.Collect$$libinit$$00000017  c_w.l(libinit2.o)
    0x0800023e   0x0800023e   0x00000000   Code   RO         5356    .ARM.Collect$$libinit$$00000019  c_w.l(libinit2.o)
    0x0800023e   0x0800023e   0x00000000   Code   RO         5358    .ARM.Collect$$libinit$$0000001B  c_w.l(libinit2.o)
    0x0800023e   0x0800023e   0x00000000   Code   RO         5360    .ARM.Collect$$libinit$$0000001D  c_w.l(libinit2.o)
    0x0800023e   0x0800023e   0x00000000   Code   RO         5362    .ARM.Collect$$libinit$$0000001F  c_w.l(libinit2.o)
    0x0800023e   0x0800023e   0x00000000   Code   RO         5364    .ARM.Collect$$libinit$$00000021  c_w.l(libinit2.o)
    0x0800023e   0x0800023e   0x00000000   Code   RO         5366    .ARM.Collect$$libinit$$00000023  c_w.l(libinit2.o)
    0x0800023e   0x0800023e   0x00000000   Code   RO         5368    .ARM.Collect$$libinit$$00000025  c_w.l(libinit2.o)
    0x0800023e   0x0800023e   0x00000000   Code   RO         5372    .ARM.Collect$$libinit$$0000002C  c_w.l(libinit2.o)
    0x0800023e   0x0800023e   0x00000000   Code   RO         5374    .ARM.Collect$$libinit$$0000002E  c_w.l(libinit2.o)
    0x0800023e   0x0800023e   0x00000000   Code   RO         5376    .ARM.Collect$$libinit$$00000030  c_w.l(libinit2.o)
    0x0800023e   0x0800023e   0x00000000   Code   RO         5378    .ARM.Collect$$libinit$$00000032  c_w.l(libinit2.o)
    0x0800023e   0x0800023e   0x00000002   Code   RO         5379    .ARM.Collect$$libinit$$00000033  c_w.l(libinit2.o)
    0x08000240   0x08000240   0x00000002   Code   RO         5410    .ARM.Collect$$libshutdown$$00000000  c_w.l(libshutdown.o)
    0x08000242   0x08000242   0x00000000   Code   RO         5436    .ARM.Collect$$libshutdown$$00000002  c_w.l(libshutdown2.o)
    0x08000242   0x08000242   0x00000000   Code   RO         5438    .ARM.Collect$$libshutdown$$00000004  c_w.l(libshutdown2.o)
    0x08000242   0x08000242   0x00000000   Code   RO         5441    .ARM.Collect$$libshutdown$$00000007  c_w.l(libshutdown2.o)
    0x08000242   0x08000242   0x00000000   Code   RO         5444    .ARM.Collect$$libshutdown$$0000000A  c_w.l(libshutdown2.o)
    0x08000242   0x08000242   0x00000000   Code   RO         5446    .ARM.Collect$$libshutdown$$0000000C  c_w.l(libshutdown2.o)
    0x08000242   0x08000242   0x00000000   Code   RO         5449    .ARM.Collect$$libshutdown$$0000000F  c_w.l(libshutdown2.o)
    0x08000242   0x08000242   0x00000002   Code   RO         5450    .ARM.Collect$$libshutdown$$00000010  c_w.l(libshutdown2.o)
    0x08000244   0x08000244   0x00000000   Code   RO         5193    .ARM.Collect$$rtentry$$00000000  c_w.l(__rtentry.o)
    0x08000244   0x08000244   0x00000000   Code   RO         5271    .ARM.Collect$$rtentry$$00000002  c_w.l(__rtentry2.o)
    0x08000244   0x08000244   0x00000006   Code   RO         5283    .ARM.Collect$$rtentry$$00000004  c_w.l(__rtentry4.o)
    0x0800024a   0x0800024a   0x00000000   Code   RO         5273    .ARM.Collect$$rtentry$$00000009  c_w.l(__rtentry2.o)
    0x0800024a   0x0800024a   0x00000004   Code   RO         5274    .ARM.Collect$$rtentry$$0000000A  c_w.l(__rtentry2.o)
    0x0800024e   0x0800024e   0x00000000   Code   RO         5276    .ARM.Collect$$rtentry$$0000000C  c_w.l(__rtentry2.o)
    0x0800024e   0x0800024e   0x00000008   Code   RO         5277    .ARM.Collect$$rtentry$$0000000D  c_w.l(__rtentry2.o)
    0x08000256   0x08000256   0x00000002   Code   RO         5327    .ARM.Collect$$rtexit$$00000000  c_w.l(rtexit.o)
    0x08000258   0x08000258   0x00000000   Code   RO         5383    .ARM.Collect$$rtexit$$00000002  c_w.l(rtexit2.o)
    0x08000258   0x08000258   0x00000004   Code   RO         5384    .ARM.Collect$$rtexit$$00000003  c_w.l(rtexit2.o)
    0x0800025c   0x0800025c   0x00000006   Code   RO         5385    .ARM.Collect$$rtexit$$00000004  c_w.l(rtexit2.o)
    0x08000262   0x08000262   0x00000002   PAD
    0x08000264   0x08000264   0x000000be   Code   RO         4646    .emb_text           port.o
    0x08000322   0x08000322   0x00000002   PAD
    0x08000324   0x08000324   0x00000040   Code   RO            4    .text               startup_stm32f446xx.o
    0x08000364   0x08000364   0x000000ee   Code   RO         5121    .text               c_w.l(lludivv7m.o)
    0x08000452   0x08000452   0x00000064   Code   RO         5125    .text               c_w.l(rt_memcpy_w.o)
    0x080004b6   0x080004b6   0x0000004e   Code   RO         5129    .text               c_w.l(rt_memclr_w.o)
    0x08000504   0x08000504   0x00000006   Code   RO         5131    .text               c_w.l(heapauxi.o)
    0x0800050a   0x0800050a   0x00000002   PAD
    0x0800050c   0x0800050c   0x00000008   Code   RO         5310    .text               c_w.l(libspace.o)
    0x08000514   0x08000514   0x0000004a   Code   RO         5313    .text               c_w.l(sys_stackheap_outer.o)
    0x0800055e   0x0800055e   0x00000012   Code   RO         5315    .text               c_w.l(exit.o)
    0x08000570   0x08000570   0x0000000c   Code   RO         5380    .text               c_w.l(sys_exit.o)
    0x0800057c   0x0800057c   0x00000002   Code   RO         5399    .text               c_w.l(use_no_semi.o)
    0x0800057e   0x0800057e   0x00000000   Code   RO         5401    .text               c_w.l(indicate_semi.o)
    0x0800057e   0x0800057e   0x00000002   Code   RO          469    i.BusFault_Handler  stm32f4xx_it.o
    0x08000580   0x08000580   0x0000000c   Code   RO          470    i.CAN1_RX0_IRQHandler  stm32f4xx_it.o
    0x0800058c   0x0800058c   0x0000000c   Code   RO          471    i.CAN1_TX_IRQHandler  stm32f4xx_it.o
    0x08000598   0x08000598   0x0000000c   Code   RO          472    i.CAN2_RX0_IRQHandler  stm32f4xx_it.o
    0x080005a4   0x080005a4   0x0000000c   Code   RO          473    i.CAN2_TX_IRQHandler  stm32f4xx_it.o
    0x080005b0   0x080005b0   0x0000000c   Code   RO          474    i.DMA2_Stream1_IRQHandler  stm32f4xx_it.o
    0x080005bc   0x080005bc   0x00000028   Code   RO         1370    i.DMA_CalcBaseAndBitshift  stm32f4xx_hal_dma.o
    0x080005e4   0x080005e4   0x00000054   Code   RO         1371    i.DMA_CheckFifoParam  stm32f4xx_hal_dma.o
    0x08000638   0x08000638   0x00000028   Code   RO         1372    i.DMA_SetConfig     stm32f4xx_hal_dma.o
    0x08000660   0x08000660   0x00000002   Code   RO          475    i.DebugMon_Handler  stm32f4xx_it.o
    0x08000662   0x08000662   0x00000004   Code   RO           13    i.Error_Handler     main.o
    0x08000666   0x08000666   0x00000024   Code   RO          594    i.HAL_CAN_ActivateNotification  stm32f4xx_hal_can.o
    0x0800068a   0x0800068a   0x00000002   PAD
    0x0800068c   0x0800068c   0x0000010c   Code   RO          596    i.HAL_CAN_ConfigFilter  stm32f4xx_hal_can.o
    0x08000798   0x08000798   0x00000002   Code   RO          599    i.HAL_CAN_ErrorCallback  stm32f4xx_hal_can.o
    0x0800079a   0x0800079a   0x000000e8   Code   RO          602    i.HAL_CAN_GetRxMessage  stm32f4xx_hal_can.o
    0x08000882   0x08000882   0x000001fc   Code   RO          606    i.HAL_CAN_IRQHandler  stm32f4xx_hal_can.o
    0x08000a7e   0x08000a7e   0x0000011a   Code   RO          607    i.HAL_CAN_Init      stm32f4xx_hal_can.o
    0x08000b98   0x08000b98   0x00000124   Code   RO          307    i.HAL_CAN_MspInit   can.o
    0x08000cbc   0x08000cbc   0x00000002   Code   RO          614    i.HAL_CAN_RxFifo0FullCallback  stm32f4xx_hal_can.o
    0x08000cbe   0x08000cbe   0x00000002   PAD
    0x08000cc0   0x08000cc0   0x000002a8   Code   RO         4820    i.HAL_CAN_RxFifo0MsgPendingCallback  bsp_can.o
    0x08000f68   0x08000f68   0x00000002   Code   RO          616    i.HAL_CAN_RxFifo1FullCallback  stm32f4xx_hal_can.o
    0x08000f6a   0x08000f6a   0x00000002   Code   RO          617    i.HAL_CAN_RxFifo1MsgPendingCallback  stm32f4xx_hal_can.o
    0x08000f6c   0x08000f6c   0x00000002   Code   RO          618    i.HAL_CAN_SleepCallback  stm32f4xx_hal_can.o
    0x08000f6e   0x08000f6e   0x00000002   PAD
    0x08000f70   0x08000f70   0x00000058   Code   RO          619    i.HAL_CAN_Start     stm32f4xx_hal_can.o
    0x08000fc8   0x08000fc8   0x00000002   Code   RO          621    i.HAL_CAN_TxMailbox0AbortCallback  stm32f4xx_hal_can.o
    0x08000fca   0x08000fca   0x00000002   Code   RO          622    i.HAL_CAN_TxMailbox0CompleteCallback  stm32f4xx_hal_can.o
    0x08000fcc   0x08000fcc   0x00000002   Code   RO          623    i.HAL_CAN_TxMailbox1AbortCallback  stm32f4xx_hal_can.o
    0x08000fce   0x08000fce   0x00000002   Code   RO          624    i.HAL_CAN_TxMailbox1CompleteCallback  stm32f4xx_hal_can.o
    0x08000fd0   0x08000fd0   0x00000002   Code   RO          625    i.HAL_CAN_TxMailbox2AbortCallback  stm32f4xx_hal_can.o
    0x08000fd2   0x08000fd2   0x00000002   Code   RO          626    i.HAL_CAN_TxMailbox2CompleteCallback  stm32f4xx_hal_can.o
    0x08000fd4   0x08000fd4   0x00000002   Code   RO          628    i.HAL_CAN_WakeUpFromRxMsgCallback  stm32f4xx_hal_can.o
    0x08000fd6   0x08000fd6   0x00000092   Code   RO         1373    i.HAL_DMA_Abort     stm32f4xx_hal_dma.o
    0x08001068   0x08001068   0x00000024   Code   RO         1374    i.HAL_DMA_Abort_IT  stm32f4xx_hal_dma.o
    0x0800108c   0x0800108c   0x000001a0   Code   RO         1378    i.HAL_DMA_IRQHandler  stm32f4xx_hal_dma.o
    0x0800122c   0x0800122c   0x000000d4   Code   RO         1379    i.HAL_DMA_Init      stm32f4xx_hal_dma.o
    0x08001300   0x08001300   0x0000006e   Code   RO         1383    i.HAL_DMA_Start_IT  stm32f4xx_hal_dma.o
    0x0800136e   0x0800136e   0x00000002   PAD
    0x08001370   0x08001370   0x00000024   Code   RO         1810    i.HAL_Delay         stm32f4xx_hal.o
    0x08001394   0x08001394   0x000001dc   Code   RO         1266    i.HAL_GPIO_Init     stm32f4xx_hal_gpio.o
    0x08001570   0x08001570   0x0000000a   Code   RO         1270    i.HAL_GPIO_WritePin  stm32f4xx_hal_gpio.o
    0x0800157a   0x0800157a   0x00000002   PAD
    0x0800157c   0x0800157c   0x0000000c   Code   RO         1816    i.HAL_GetTick       stm32f4xx_hal.o
    0x08001588   0x08001588   0x00000010   Code   RO         1822    i.HAL_IncTick       stm32f4xx_hal.o
    0x08001598   0x08001598   0x00000034   Code   RO         1823    i.HAL_Init          stm32f4xx_hal.o
    0x080015cc   0x080015cc   0x00000040   Code   RO         1824    i.HAL_InitTick      stm32f4xx_hal.o
    0x0800160c   0x0800160c   0x00000038   Code   RO          569    i.HAL_MspInit       stm32f4xx_hal_msp.o
    0x08001644   0x08001644   0x0000001a   Code   RO         1673    i.HAL_NVIC_EnableIRQ  stm32f4xx_hal_cortex.o
    0x0800165e   0x0800165e   0x00000002   PAD
    0x08001660   0x08001660   0x00000040   Code   RO         1679    i.HAL_NVIC_SetPriority  stm32f4xx_hal_cortex.o
    0x080016a0   0x080016a0   0x00000024   Code   RO         1680    i.HAL_NVIC_SetPriorityGrouping  stm32f4xx_hal_cortex.o
    0x080016c4   0x080016c4   0x00000134   Code   RO          828    i.HAL_RCC_ClockConfig  stm32f4xx_hal_rcc.o
    0x080017f8   0x080017f8   0x00000020   Code   RO          835    i.HAL_RCC_GetPCLK1Freq  stm32f4xx_hal_rcc.o
    0x08001818   0x08001818   0x00000020   Code   RO          836    i.HAL_RCC_GetPCLK2Freq  stm32f4xx_hal_rcc.o
    0x08001838   0x08001838   0x00000098   Code   RO          939    i.HAL_RCC_GetSysClockFreq  stm32f4xx_hal_rcc_ex.o
    0x080018d0   0x080018d0   0x00000398   Code   RO          940    i.HAL_RCC_OscConfig  stm32f4xx_hal_rcc_ex.o
    0x08001c68   0x08001c68   0x00000028   Code   RO         1684    i.HAL_SYSTICK_Config  stm32f4xx_hal_cortex.o
    0x08001c90   0x08001c90   0x00000090   Code   RO         2786    i.HAL_TIMEx_MasterConfigSynchronization  stm32f4xx_hal_tim_ex.o
    0x08001d20   0x08001d20   0x00000054   Code   RO          379    i.HAL_TIM_MspPostInit  tim.o
    0x08001d74   0x08001d74   0x000000cc   Code   RO         2135    i.HAL_TIM_PWM_ConfigChannel  stm32f4xx_hal_tim.o
    0x08001e40   0x08001e40   0x0000005a   Code   RO         2138    i.HAL_TIM_PWM_Init  stm32f4xx_hal_tim.o
    0x08001e9a   0x08001e9a   0x00000002   PAD
    0x08001e9c   0x08001e9c   0x00000028   Code   RO          381    i.HAL_TIM_PWM_MspInit  tim.o
    0x08001ec4   0x08001ec4   0x00000002   Code   RO         3045    i.HAL_UARTEx_RxEventCallback  stm32f4xx_hal_uart.o
    0x08001ec6   0x08001ec6   0x00000002   Code   RO         3059    i.HAL_UART_ErrorCallback  stm32f4xx_hal_uart.o
    0x08001ec8   0x08001ec8   0x00000268   Code   RO         3062    i.HAL_UART_IRQHandler  stm32f4xx_hal_uart.o
    0x08002130   0x08002130   0x00000062   Code   RO         3063    i.HAL_UART_Init     stm32f4xx_hal_uart.o
    0x08002192   0x08002192   0x00000002   PAD
    0x08002194   0x08002194   0x000000b0   Code   RO          428    i.HAL_UART_MspInit  usart.o
    0x08002244   0x08002244   0x0000002a   Code   RO         3067    i.HAL_UART_Receive_DMA  stm32f4xx_hal_uart.o
    0x0800226e   0x0800226e   0x00000002   PAD
    0x08002270   0x08002270   0x0000009c   Code   RO         4777    i.HAL_UART_RxCpltCallback  uart_user.o
    0x0800230c   0x0800230c   0x00000002   Code   RO         3070    i.HAL_UART_RxHalfCpltCallback  stm32f4xx_hal_uart.o
    0x0800230e   0x0800230e   0x00000002   Code   RO         3074    i.HAL_UART_TxCpltCallback  stm32f4xx_hal_uart.o
    0x08002310   0x08002310   0x00000002   Code   RO          476    i.HardFault_Handler  stm32f4xx_it.o
    0x08002312   0x08002312   0x00000002   PAD
    0x08002314   0x08002314   0x00000044   Code   RO          308    i.MX_CAN1_Init      can.o
    0x08002358   0x08002358   0x00000044   Code   RO          309    i.MX_CAN2_Init      can.o
    0x0800239c   0x0800239c   0x0000002c   Code   RO          355    i.MX_DMA_Init       dma.o
    0x080023c8   0x080023c8   0x00000054   Code   RO          244    i.MX_FREERTOS_Init  freertos.o
    0x0800241c   0x0800241c   0x0000008c   Code   RO          220    i.MX_GPIO_Init      gpio.o
    0x080024a8   0x080024a8   0x00000080   Code   RO          382    i.MX_TIM3_Init      tim.o
    0x08002528   0x08002528   0x00000038   Code   RO          429    i.MX_USART6_UART_Init  usart.o
    0x08002560   0x08002560   0x00000002   Code   RO          477    i.MemManage_Handler  stm32f4xx_it.o
    0x08002562   0x08002562   0x00000002   Code   RO          478    i.NMI_Handler       stm32f4xx_it.o
    0x08002564   0x08002564   0x00000008   Code   RO          245    i.StartDefaultTask  freertos.o
    0x0800256c   0x0800256c   0x00000018   Code   RO          479    i.SysTick_Handler   stm32f4xx_it.o
    0x08002584   0x08002584   0x00000094   Code   RO           14    i.SystemClock_Config  main.o
    0x08002618   0x08002618   0x00000010   Code   RO         3392    i.SystemInit        system_stm32f4xx.o
    0x08002628   0x08002628   0x000000c8   Code   RO         2156    i.TIM_Base_SetConfig  stm32f4xx_hal_tim.o
    0x080026f0   0x080026f0   0x00000060   Code   RO         2169    i.TIM_OC1_SetConfig  stm32f4xx_hal_tim.o
    0x08002750   0x08002750   0x0000006c   Code   RO         2170    i.TIM_OC2_SetConfig  stm32f4xx_hal_tim.o
    0x080027bc   0x080027bc   0x00000068   Code   RO         2171    i.TIM_OC3_SetConfig  stm32f4xx_hal_tim.o
    0x08002824   0x08002824   0x00000050   Code   RO         2172    i.TIM_OC4_SetConfig  stm32f4xx_hal_tim.o
    0x08002874   0x08002874   0x00000010   Code   RO         3076    i.UART_DMAAbortOnError  stm32f4xx_hal_uart.o
    0x08002884   0x08002884   0x0000004a   Code   RO         3077    i.UART_DMAError     stm32f4xx_hal_uart.o
    0x080028ce   0x080028ce   0x00000082   Code   RO         3078    i.UART_DMAReceiveCplt  stm32f4xx_hal_uart.o
    0x08002950   0x08002950   0x0000001a   Code   RO         3080    i.UART_DMARxHalfCplt  stm32f4xx_hal_uart.o
    0x0800296a   0x0800296a   0x0000004e   Code   RO         3086    i.UART_EndRxTransfer  stm32f4xx_hal_uart.o
    0x080029b8   0x080029b8   0x0000001c   Code   RO         3087    i.UART_EndTxTransfer  stm32f4xx_hal_uart.o
    0x080029d4   0x080029d4   0x000000c0   Code   RO         3088    i.UART_Receive_IT   stm32f4xx_hal_uart.o
    0x08002a94   0x08002a94   0x0000010c   Code   RO         3089    i.UART_SetConfig    stm32f4xx_hal_uart.o
    0x08002ba0   0x08002ba0   0x00000094   Code   RO         3090    i.UART_Start_Receive_DMA  stm32f4xx_hal_uart.o
    0x08002c34   0x08002c34   0x0000000c   Code   RO          480    i.USART6_IRQHandler  stm32f4xx_it.o
    0x08002c40   0x08002c40   0x00000002   Code   RO          481    i.UsageFault_Handler  stm32f4xx_it.o
    0x08002c42   0x08002c42   0x00000020   Code   RO         1686    i.__NVIC_SetPriority  stm32f4xx_hal_cortex.o
    0x08002c62   0x08002c62   0x00000008   Code   RO         4982    i.arm_task          arm_task.o
    0x08002c6a   0x08002c6a   0x00000002   PAD
    0x08002c6c   0x08002c6c   0x00000058   Code   RO         4727    i.can_filter_init   can_user.o
    0x08002cc4   0x08002cc4   0x00000034   Code   RO         4778    i.data_receive_IT   uart_user.o
    0x08002cf8   0x08002cf8   0x00000030   Code   RO         5047    i.kinemat_task      kinemat_task.o
    0x08002d28   0x08002d28   0x00000032   Code   RO           15    i.main              main.o
    0x08002d5a   0x08002d5a   0x0000000c   Code   RO         4212    i.makeFreeRtosPriority  cmsis_os.o
    0x08002d66   0x08002d66   0x00000002   PAD
    0x08002d68   0x08002d68   0x00000214   Code   RO         4912    i.one_path_cala     path_planning.o
    0x08002f7c   0x08002f7c   0x0000000e   Code   RO         4214    i.osDelay           cmsis_os.o
    0x08002f8a   0x08002f8a   0x0000000a   Code   RO         4217    i.osKernelStart     cmsis_os.o
    0x08002f94   0x08002f94   0x00000054   Code   RO         4251    i.osThreadCreate    cmsis_os.o
    0x08002fe8   0x08002fe8   0x00000024   Code   RO         5048    i.path_init         kinemat_task.o
    0x0800300c   0x0800300c   0x00000070   Code   RO         4913    i.path_planning     path_planning.o
    0x0800307c   0x0800307c   0x00000044   Code   RO         5049    i.points_init       kinemat_task.o
    0x080030c0   0x080030c0   0x0000001a   Code   RO         4914    i.power             path_planning.o
    0x080030da   0x080030da   0x00000002   PAD
    0x080030dc   0x080030dc   0x00000070   Code   RO         3894    i.prvAddCurrentTaskToDelayedList  tasks.o
    0x0800314c   0x0800314c   0x000000d0   Code   RO         3895    i.prvAddNewTaskToReadyList  tasks.o
    0x0800321c   0x0800321c   0x00000034   Code   RO         3896    i.prvDeleteTCB      tasks.o
    0x08003250   0x08003250   0x0000004c   Code   RO         4579    i.prvHeapInit       heap_4.o
    0x0800329c   0x0800329c   0x00000060   Code   RO         3897    i.prvIdleTask       tasks.o
    0x080032fc   0x080032fc   0x00000098   Code   RO         3898    i.prvInitialiseNewTask  tasks.o
    0x08003394   0x08003394   0x0000004c   Code   RO         4580    i.prvInsertBlockIntoFreeList  heap_4.o
    0x080033e0   0x080033e0   0x00000020   Code   RO         3899    i.prvResetNextTaskUnblockTime  tasks.o
    0x08003400   0x08003400   0x00000028   Code   RO         4647    i.prvTaskExitError  port.o
    0x08003428   0x08003428   0x000000dc   Code   RO         4581    i.pvPortMalloc      heap_4.o
    0x08003504   0x08003504   0x0000002c   Code   RO         4648    i.pxPortInitialiseStack  port.o
    0x08003530   0x08003530   0x00000028   Code   RO         4826    i.uint_to_float     bsp_can.o
    0x08003558   0x08003558   0x00000026   Code   RO         3530    i.uxListRemove      list.o
    0x0800357e   0x0800357e   0x00000002   PAD
    0x08003580   0x08003580   0x00000014   Code   RO          248    i.vApplicationGetIdleTaskMemory  freertos.o
    0x08003594   0x08003594   0x00000016   Code   RO         3531    i.vListInitialise   list.o
    0x080035aa   0x080035aa   0x00000006   Code   RO         3532    i.vListInitialiseItem  list.o
    0x080035b0   0x080035b0   0x00000030   Code   RO         3533    i.vListInsert       list.o
    0x080035e0   0x080035e0   0x00000018   Code   RO         3534    i.vListInsertEnd    list.o
    0x080035f8   0x080035f8   0x00000040   Code   RO         4650    i.vPortEnterCritical  port.o
    0x08003638   0x08003638   0x00000028   Code   RO         4651    i.vPortExitCritical  port.o
    0x08003660   0x08003660   0x00000064   Code   RO         4582    i.vPortFree         heap_4.o
    0x080036c4   0x080036c4   0x00000024   Code   RO         4652    i.vPortSetupTimerInterrupt  port.o
    0x080036e8   0x080036e8   0x0000004c   Code   RO         3908    i.vTaskDelay        tasks.o
    0x08003734   0x08003734   0x0000006c   Code   RO         3921    i.vTaskStartScheduler  tasks.o
    0x080037a0   0x080037a0   0x00000010   Code   RO         3923    i.vTaskSuspendAll   tasks.o
    0x080037b0   0x080037b0   0x0000005c   Code   RO         3924    i.vTaskSwitchContext  tasks.o
    0x0800380c   0x0800380c   0x000000f4   Code   RO         4654    i.xPortStartScheduler  port.o
    0x08003900   0x08003900   0x0000002c   Code   RO         4655    i.xPortSysTickHandler  port.o
    0x0800392c   0x0800392c   0x0000005a   Code   RO         3927    i.xTaskCreate       tasks.o
    0x08003986   0x08003986   0x00000056   Code   RO         3928    i.xTaskCreateStatic  tasks.o
    0x080039dc   0x080039dc   0x0000001c   Code   RO         3932    i.xTaskGetSchedulerState  tasks.o
    0x080039f8   0x080039f8   0x000000cc   Code   RO         3935    i.xTaskIncrementTick  tasks.o
    0x08003ac4   0x08003ac4   0x000000c4   Code   RO         3941    i.xTaskResumeAll    tasks.o
    0x08003b88   0x08003b88   0x0000000a   Code   RO         5395    x$fpl$fpinit        fz_wm.l(fpinit.o)
    0x08003b92   0x08003b92   0x00000002   PAD
    0x08003b94   0x08003b94   0x00000054   Data   RO          250    .constdata          freertos.o
    0x08003be8   0x08003be8   0x00000008   Data   RO         1385    .constdata          stm32f4xx_hal_dma.o
    0x08003bf0   0x08003bf0   0x00000010   Data   RO         3393    .constdata          system_stm32f4xx.o
    0x08003c00   0x08003c00   0x00000008   Data   RO         3394    .constdata          system_stm32f4xx.o
    0x08003c08   0x08003c08   0x00000020   Data   RO          251    .conststring        freertos.o
    0x08003c28   0x08003c28   0x00000020   Data   RO         5451    Region$$Table       anon$$obj.o


    Execution Region RW_IRAM1 (Exec base: 0x20000000, Load base: 0x08003c48, Size: 0x000079f0, Max: 0x00020000, ABSOLUTE)

    Exec Addr    Load Addr    Size         Type   Attr      Idx    E Section Name        Object

    0x20000000   0x08003c48   0x0000000c   Data   RW          252    .data               freertos.o
    0x2000000c   0x08003c54   0x00000004   Data   RW          311    .data               can.o
    0x20000010   0x08003c58   0x0000000c   Data   RW         1830    .data               stm32f4xx_hal.o
    0x2000001c   0x08003c64   0x00000004   Data   RW         3395    .data               system_stm32f4xx.o
    0x20000020   0x08003c68   0x0000003c   Data   RW         3944    .data               tasks.o
    0x2000005c   0x08003ca4   0x00000020   Data   RW         4588    .data               heap_4.o
    0x2000007c   0x08003cc4   0x0000000c   Data   RW         4656    .data               port.o
    0x20000088   0x08003cd0   0x00000002   Data   RW         4781    .data               uart_user.o
    0x2000008a   0x08003cd2   0x00000002   Data   RW         4828    .data               bsp_can.o
    0x2000008c        -       0x00000254   Zero   RW          249    .bss                freertos.o
    0x200002e0        -       0x00000050   Zero   RW          310    .bss                can.o
    0x20000330        -       0x00000048   Zero   RW          383    .bss                tim.o
    0x20000378        -       0x000000a4   Zero   RW          430    .bss                usart.o
    0x2000041c        -       0x000000f0   Zero   RW         3943    .bss                tasks.o
    0x2000050c        -       0x00003c00   Zero   RW         4587    .bss                heap_4.o
    0x2000410c        -       0x00000140   Zero   RW         4730    .bss                can_user.o
    0x2000424c        -       0x0000003b   Zero   RW         4779    .bss                uart_user.o
    0x20004287   0x08003cd4   0x00000001   PAD
    0x20004288        -       0x00000160   Zero   RW         4827    .bss                bsp_can.o
    0x200043e8        -       0x00002fa4   Zero   RW         5050    .bss                kinemat_task.o
    0x2000738c        -       0x00000060   Zero   RW         5311    .bss                c_w.l(libspace.o)
    0x200073ec   0x08003cd4   0x00000004   PAD
    0x200073f0        -       0x00000200   Zero   RW            2    HEAP                startup_stm32f446xx.o
    0x200075f0        -       0x00000400   Zero   RW            1    STACK               startup_stm32f446xx.o


==============================================================================

Image component sizes


      Code (inc. data)   RO Data    RW Data    ZI Data      Debug   Object Name

         8          0          0          0          0        439   arm_task.o
       720         28          0          2        352       4824   bsp_can.o
       428         36          0          4         80       2354   can.o
        88          8          0          0        320       1812   can_user.o
       120          0          0          0          0      23101   cmsis_os.o
        44          4          0          0          0        710   dma.o
         0          0          0          0          0      16812   event_groups.o
       112         14        116         12        596       2482   freertos.o
       140          8          0          0          0        887   gpio.o
       472         24          0         32      15360       7263   heap_4.o
       152         54          0          0      12196       2288   kinemat_task.o
       138          0          0          0          0       3422   list.o
       202          8          0          0          0     756288   main.o
       670         10          0          0          0       3892   path_planning.o
       702         72          0         12          0      10756   port.o
        64         26        452          0       1536        820   startup_stm32f446xx.o
       180         28          0         12          0       9081   stm32f4xx_hal.o
      1438          6          0          0          0      12712   stm32f4xx_hal_can.o
       198         14          0          0          0      33823   stm32f4xx_hal_cortex.o
      1084         16          8          0          0       7150   stm32f4xx_hal_dma.o
       486         40          0          0          0       2120   stm32f4xx_hal_gpio.o
        56          4          0          0          0        794   stm32f4xx_hal_msp.o
       372         44          0          0          0       2806   stm32f4xx_hal_rcc.o
      1072         32          0          0          0       2738   stm32f4xx_hal_rcc_ex.o
       882         80          0          0          0       6734   stm32f4xx_hal_tim.o
       144         28          0          0          0       1300   stm32f4xx_hal_tim_ex.o
      1724         30          0          0          0      12136   stm32f4xx_hal_uart.o
       108         36          0          0          0       5747   stm32f4xx_it.o
         0          0          0          0          0        404   stream_buffer.o
        16          4         24          4          0       1035   system_stm32f4xx.o
      1548        118          0         60        240      19739   tasks.o
       252         32          0          0         72       2143   tim.o
       208         32          0          2         59       2226   uart_user.o
       232         30          0          0        164       1673   usart.o

    ----------------------------------------------------------------------
     14090        866        632        140      30976     962511   Object Totals
         0          0         32          0          0          0   (incl. Generated)
        30          0          0          0          1          0   (incl. Padding)

    ----------------------------------------------------------------------

      Code (inc. data)   RO Data    RW Data    ZI Data      Debug   Library Member Name

         8          0          0          0          0         68   __main.o
         0          0          0          0          0          0   __rtentry.o
        12          0          0          0          0          0   __rtentry2.o
         6          0          0          0          0          0   __rtentry4.o
        52          8          0          0          0          0   __scatter.o
        26          0          0          0          0          0   __scatter_copy.o
        28          0          0          0          0          0   __scatter_zi.o
        18          0          0          0          0         80   exit.o
         6          0          0          0          0        152   heapauxi.o
         0          0          0          0          0          0   indicate_semi.o
         2          0          0          0          0          0   libinit.o
         6          0          0          0          0          0   libinit2.o
         2          0          0          0          0          0   libshutdown.o
         2          0          0          0          0          0   libshutdown2.o
         8          4          0          0         96         68   libspace.o
       238          0          0          0          0        100   lludivv7m.o
        78          0          0          0          0         80   rt_memclr_w.o
       100          0          0          0          0         80   rt_memcpy_w.o
         2          0          0          0          0          0   rtexit.o
        10          0          0          0          0          0   rtexit2.o
        12          4          0          0          0         68   sys_exit.o
        74          0          0          0          0         80   sys_stackheap_outer.o
         2          0          0          0          0         68   use_no_semi.o
        10          0          0          0          0        116   fpinit.o

    ----------------------------------------------------------------------
       710         16          0          0        100        960   Library Totals
         8          0          0          0          4          0   (incl. Padding)

    ----------------------------------------------------------------------

      Code (inc. data)   RO Data    RW Data    ZI Data      Debug   Library Name

       692         16          0          0         96        844   c_w.l
        10          0          0          0          0        116   fz_wm.l

    ----------------------------------------------------------------------
       710         16          0          0        100        960   Library Totals

    ----------------------------------------------------------------------

==============================================================================


      Code (inc. data)   RO Data    RW Data    ZI Data      Debug   

     14800        882        632        140      31076     949459   Grand Totals
     14800        882        632        140      31076     949459   ELF Image Totals
     14800        882        632        140          0          0   ROM Totals

==============================================================================

    Total RO  Size (Code + RO Data)                15432 (  15.07kB)
    Total RW  Size (RW Data + ZI Data)             31216 (  30.48kB)
    Total ROM Size (Code + RO Data + RW Data)      15572 (  15.21kB)

==============================================================================

