Component: ARM Compiler 5.06 update 5 (build 528) Tool: armlink [4d35e2]

==============================================================================

Section Cross References

    startup_stm32f446xx.o(STACK) refers (Special) to heapauxi.o(.text) for __use_two_region_memory
    startup_stm32f446xx.o(HEAP) refers (Special) to heapauxi.o(.text) for __use_two_region_memory
    startup_stm32f446xx.o(RESET) refers (Special) to heapauxi.o(.text) for __use_two_region_memory
    startup_stm32f446xx.o(RESET) refers to startup_stm32f446xx.o(STACK) for __initial_sp
    startup_stm32f446xx.o(RESET) refers to startup_stm32f446xx.o(.text) for Reset_Handler
    startup_stm32f446xx.o(RESET) refers to stm32f4xx_it.o(i.NMI_Handler) for NMI_Handler
    startup_stm32f446xx.o(RESET) refers to stm32f4xx_it.o(i.HardFault_Handler) for HardFault_Handler
    startup_stm32f446xx.o(RESET) refers to stm32f4xx_it.o(i.MemManage_Handler) for MemManage_Handler
    startup_stm32f446xx.o(RESET) refers to stm32f4xx_it.o(i.BusFault_Handler) for BusFault_Handler
    startup_stm32f446xx.o(RESET) refers to stm32f4xx_it.o(i.UsageFault_Handler) for UsageFault_Handler
    startup_stm32f446xx.o(RESET) refers to port.o(.emb_text) for SVC_Handler
    startup_stm32f446xx.o(RESET) refers to stm32f4xx_it.o(i.DebugMon_Handler) for DebugMon_Handler
    startup_stm32f446xx.o(RESET) refers to stm32f4xx_it.o(i.SysTick_Handler) for SysTick_Handler
    startup_stm32f446xx.o(RESET) refers to stm32f4xx_it.o(i.CAN1_TX_IRQHandler) for CAN1_TX_IRQHandler
    startup_stm32f446xx.o(RESET) refers to stm32f4xx_it.o(i.CAN1_RX0_IRQHandler) for CAN1_RX0_IRQHandler
    startup_stm32f446xx.o(RESET) refers to stm32f4xx_it.o(i.DMA2_Stream1_IRQHandler) for DMA2_Stream1_IRQHandler
    startup_stm32f446xx.o(RESET) refers to stm32f4xx_it.o(i.CAN2_TX_IRQHandler) for CAN2_TX_IRQHandler
    startup_stm32f446xx.o(RESET) refers to stm32f4xx_it.o(i.CAN2_RX0_IRQHandler) for CAN2_RX0_IRQHandler
    startup_stm32f446xx.o(RESET) refers to stm32f4xx_it.o(i.USART6_IRQHandler) for USART6_IRQHandler
    startup_stm32f446xx.o(.text) refers (Special) to heapauxi.o(.text) for __use_two_region_memory
    startup_stm32f446xx.o(.text) refers to system_stm32f4xx.o(i.SystemInit) for SystemInit
    startup_stm32f446xx.o(.text) refers to __main.o(!!!main) for __main
    startup_stm32f446xx.o(.text) refers to startup_stm32f446xx.o(HEAP) for Heap_Mem
    startup_stm32f446xx.o(.text) refers to startup_stm32f446xx.o(STACK) for Stack_Mem
    main.o(i.SystemClock_Config) refers to rt_memclr_w.o(.text) for __aeabi_memclr4
    main.o(i.SystemClock_Config) refers to stm32f4xx_hal_rcc_ex.o(i.HAL_RCC_OscConfig) for HAL_RCC_OscConfig
    main.o(i.SystemClock_Config) refers to stm32f4xx_hal_rcc.o(i.HAL_RCC_ClockConfig) for HAL_RCC_ClockConfig
    main.o(i.main) refers to stm32f4xx_hal.o(i.HAL_Init) for HAL_Init
    main.o(i.main) refers to main.o(i.SystemClock_Config) for SystemClock_Config
    main.o(i.main) refers to gpio.o(i.MX_GPIO_Init) for MX_GPIO_Init
    main.o(i.main) refers to dma.o(i.MX_DMA_Init) for MX_DMA_Init
    main.o(i.main) refers to usart.o(i.MX_USART6_UART_Init) for MX_USART6_UART_Init
    main.o(i.main) refers to can.o(i.MX_CAN1_Init) for MX_CAN1_Init
    main.o(i.main) refers to can.o(i.MX_CAN2_Init) for MX_CAN2_Init
    main.o(i.main) refers to tim.o(i.MX_TIM3_Init) for MX_TIM3_Init
    main.o(i.main) refers to can_user.o(i.can_filter_init) for can_filter_init
    main.o(i.main) refers to uart_user.o(i.data_receive_IT) for data_receive_IT
    main.o(i.main) refers to freertos.o(i.MX_FREERTOS_Init) for MX_FREERTOS_Init
    main.o(i.main) refers to cmsis_os.o(i.osKernelStart) for osKernelStart
    gpio.o(i.MX_GPIO_Init) refers to rt_memclr_w.o(.text) for __aeabi_memclr4
    gpio.o(i.MX_GPIO_Init) refers to stm32f4xx_hal_gpio.o(i.HAL_GPIO_WritePin) for HAL_GPIO_WritePin
    gpio.o(i.MX_GPIO_Init) refers to stm32f4xx_hal_gpio.o(i.HAL_GPIO_Init) for HAL_GPIO_Init
    freertos.o(i.MX_FREERTOS_Init) refers to rt_memcpy_w.o(.text) for __aeabi_memcpy4
    freertos.o(i.MX_FREERTOS_Init) refers to cmsis_os.o(i.osThreadCreate) for osThreadCreate
    freertos.o(i.MX_FREERTOS_Init) refers to freertos.o(.constdata) for .constdata
    freertos.o(i.MX_FREERTOS_Init) refers to freertos.o(.data) for .data
    freertos.o(i.StartDefaultTask) refers to cmsis_os.o(i.osDelay) for osDelay
    freertos.o(i.arm_task) refers to cmsis_os.o(i.osDelay) for osDelay
    freertos.o(i.kinemat_task) refers to cmsis_os.o(i.osDelay) for osDelay
    freertos.o(i.vApplicationGetIdleTaskMemory) refers to freertos.o(.bss) for .bss
    freertos.o(.constdata) refers to freertos.o(.conststring) for .conststring
    freertos.o(.constdata) refers to freertos.o(i.StartDefaultTask) for StartDefaultTask
    freertos.o(.constdata) refers to arm_task.o(i.arm_task) for arm_task
    freertos.o(.constdata) refers to kinemat_task.o(i.kinemat_task) for kinemat_task
[...]
    x$fpl$d2f                                0x08005558   Section       98  d2f.o(x$fpl$d2f)
    $v0                                      0x08005558   Number         0  d2f.o(x$fpl$d2f)
    x$fpl$dadd                               0x080055bc   Section      336  daddsub_clz.o(x$fpl$dadd)
    $v0                                      0x080055bc   Number         0  daddsub_clz.o(x$fpl$dadd)
    _dadd1                                   0x080055cd   Thumb Code     0  daddsub_clz.o(x$fpl$dadd)
    x$fpl$ddiv                               0x0800570c   Section      688  ddiv.o(x$fpl$ddiv)
    $v0                                      0x0800570c   Number         0  ddiv.o(x$fpl$ddiv)
    ddiv_entry                               0x08005713   Thumb Code     0  ddiv.o(x$fpl$ddiv)
    x$fpl$dfix                               0x080059bc   Section       94  dfix.o(x$fpl$dfix)
    $v0                                      0x080059bc   Number         0  dfix.o(x$fpl$dfix)
    x$fpl$dflt                               0x08005a1a   Section       46  dflt_clz.o(x$fpl$dflt)
    $v0                                      0x08005a1a   Number         0  dflt_clz.o(x$fpl$dflt)
    x$fpl$dfltu                              0x08005a48   Section       38  dflt_clz.o(x$fpl$dfltu)
    $v0                                      0x08005a48   Number         0  dflt_clz.o(x$fpl$dfltu)
    x$fpl$dmul                               0x08005a70   Section      340  dmul.o(x$fpl$dmul)
    $v0                                      0x08005a70   Number         0  dmul.o(x$fpl$dmul)
    x$fpl$dnaninf                            0x08005bc4   Section      156  dnaninf.o(x$fpl$dnaninf)
    $v0                                      0x08005bc4   Number         0  dnaninf.o(x$fpl$dnaninf)
    x$fpl$dretinf                            0x08005c60   Section       12  dretinf.o(x$fpl$dretinf)
    $v0                                      0x08005c60   Number         0  dretinf.o(x$fpl$dretinf)
    x$fpl$drsb                               0x08005c6c   Section       22  daddsub_clz.o(x$fpl$drsb)
    $v0                                      0x08005c6c   Number         0  daddsub_clz.o(x$fpl$drsb)
    x$fpl$dsqrt                              0x08005c84   Section      408  dsqrt_umaal.o(x$fpl$dsqrt)
    $v0                                      0x08005c84   Number         0  dsqrt_umaal.o(x$fpl$dsqrt)
    x$fpl$dsub                               0x08005e1c   Section      468  daddsub_clz.o(x$fpl$dsub)
    $v0                                      0x08005e1c   Number         0  daddsub_clz.o(x$fpl$dsub)
    _dsub1                                   0x08005e2d   Thumb Code     0  daddsub_clz.o(x$fpl$dsub)
    x$fpl$f2d                                0x08005ff0   Section       86  f2d.o(x$fpl$f2d)
    $v0                                      0x08005ff0   Number         0  f2d.o(x$fpl$f2d)
    x$fpl$fnaninf                            0x08006046   Section      140  fnaninf.o(x$fpl$fnaninf)
    $v0                                      0x08006046   Number         0  fnaninf.o(x$fpl$fnaninf)
    x$fpl$fpinit                             0x080060d2   Section       10  fpinit.o(x$fpl$fpinit)
    $v0                                      0x080060d2   Number         0  fpinit.o(x$fpl$fpinit)
    x$fpl$fretinf                            0x080060dc   Section       10  fretinf.o(x$fpl$fretinf)
    $v0                                      0x080060dc   Number         0  fretinf.o(x$fpl$fretinf)
    x$fpl$usenofp                            0x080060e6   Section        0  usenofp.o(x$fpl$usenofp)
    .constdata                               0x080060e8   Section       84  freertos.o(.constdata)
    .constdata                               0x0800613c   Section        8  stm32f4xx_hal_dma.o(.constdata)
    flagBitshiftOffset                       0x0800613c   Data           8  stm32f4xx_hal_dma.o(.constdata)
    .constdata                               0x08006144   Section       16  system_stm32f4xx.o(.constdata)
    .constdata                               0x08006154   Section        8  system_stm32f4xx.o(.constdata)
    .constdata                               0x08006160   Section       80  asin.o(.constdata)
    pS                                       0x08006160   Data          48  asin.o(.constdata)
    qS                                       0x08006190   Data          32  asin.o(.constdata)
    .constdata                               0x080061b0   Section       48  cos_i.o(.constdata)
    C                                        0x080061b0   Data          48  cos_i.o(.constdata)
    .constdata                               0x080061e0   Section      200  rred.o(.constdata)
    pio2s                                    0x080061e0   Data          48  rred.o(.constdata)
    twooverpi                                0x08006210   Data         152  rred.o(.constdata)
    .constdata                               0x080062a8   Section       40  sin_i.o(.constdata)
    S                                        0x080062a8   Data          40  sin_i.o(.constdata)
    .conststring                             0x080062d0   Section       32  freertos.o(.conststring)
    .data                                    0x20000000   Section       12  freertos.o(.data)
    .data                                    0x2000000c   Section        4  can.o(.data)
    HAL_RCC_CAN1_CLK_ENABLED                 0x2000000c   Data           4  can.o(.data)
    .data                                    0x20000010   Section       12  stm32f4xx_hal.o(.data)
    .data                                    0x2000001c   Section        4  system_stm32f4xx.o(.data)
    .data                                    0x20000020   Section       60  tasks.o(.data)
    uxDeletedTasksWaitingCleanUp             0x20000024   Data           4  tasks.o(.data)
    uxCurrentNumberOfTasks                   0x20000028   Data           4  tasks.o(.data)
    xTickCount                               0x2000002c   Data           4  tasks.o(.data)
    uxTopReadyPriority                       0x20000030   Data           4  tasks.o(.data)
    xSchedulerRunning                        0x20000034   Data           4  tasks.o(.data)
    xPendedTicks                             0x20000038   Data           4  tasks.o(.data)
    xYieldPending                            0x2000003c   Data           4  tasks.o(.data)
    xNumOfOverflows                          0x20000040   Data           4  tasks.o(.data)
    uxTaskNumber                             0x20000044   Data           4  tasks.o(.data)
    xNextTaskUnblockTime                     0x20000048   Data           4  tasks.o(.data)
    xIdleTaskHandle                          0x2000004c   Data           4  tasks.o(.data)
    uxSchedulerSuspended                     0x20000050   Data           4  tasks.o(.data)
    pxDelayedTaskList                        0x20000054   Data           4  tasks.o(.data)
    pxOverflowDelayedTaskList                0x20000058   Data           4  tasks.o(.data)
    .data                                    0x2000005c   Section       32  heap_4.o(.data)
    pxEnd                                    0x2000005c   Data           4  heap_4.o(.data)
    xFreeBytesRemaining                      0x20000060   Data           4  heap_4.o(.data)
    xMinimumEverFreeBytesRemaining           0x20000064   Data           4  heap_4.o(.data)
    xNumberOfSuccessfulAllocations           0x20000068   Data           4  heap_4.o(.data)
    xNumberOfSuccessfulFrees                 0x2000006c   Data           4  heap_4.o(.data)
    xBlockAllocatedBit                       0x20000070   Data           4  heap_4.o(.data)
    xStart                                   0x20000074   Data           8  heap_4.o(.data)
    .data                                    0x2000007c   Section       12  port.o(.data)
    ucMaxSysCallPriority                     0x2000007c   Data           1  port.o(.data)
    uxCriticalNesting                        0x20000080   Data           4  port.o(.data)
    ulMaxPRIGROUPValue                       0x20000084   Data           4  port.o(.data)
    .data                                    0x20000088   Section        2  uart_user.o(.data)
    RxState                                  0x20000089   Data           1  uart_user.o(.data)
    .data                                    0x2000008a   Section        2  bsp_can.o(.data)
    .data                                    0x2000008c   Section        4  ik.o(.data)
    .bss                                     0x20000090   Section      596  freertos.o(.bss)
    xIdleTaskTCBBuffer                       0x20000090   Data          84  freertos.o(.bss)
    xIdleStack                               0x200000e4   Data         512  freertos.o(.bss)
    .bss                                     0x200002e4   Section       80  can.o(.bss)
    .bss                                     0x20000334   Section       72  tim.o(.bss)
    .bss                                     0x2000037c   Section      164  usart.o(.bss)
    .bss                                     0x20000420   Section      240  tasks.o(.bss)
    pxReadyTasksLists                        0x20000420   Data         140  tasks.o(.bss)
    xDelayedTaskList1                        0x200004ac   Data          20  tasks.o(.bss)
    xDelayedTaskList2                        0x200004c0   Data          20  tasks.o(.bss)
    xPendingReadyList                        0x200004d4   Data          20  tasks.o(.bss)
    xTasksWaitingTermination                 0x200004e8   Data          20  tasks.o(.bss)
    xSuspendedTaskList                       0x200004fc   Data          20  tasks.o(.bss)
    .bss                                     0x20000510   Section    15360  heap_4.o(.bss)
    ucHeap                                   0x20000510   Data       15360  heap_4.o(.bss)
    .bss                                     0x20004110   Section      320  can_user.o(.bss)
    .bss                                     0x20004250   Section       59  uart_user.o(.bss)
    .bss                                     0x2000428c   Section      352  bsp_can.o(.bss)
    Tx_Header                                0x2000428c   Data          24  bsp_can.o(.bss)
    Tx_Header                                0x200042a4   Data          24  bsp_can.o(.bss)
    Tx_Header                                0x200042bc   Data          24  bsp_can.o(.bss)
    .bss                                     0x200043ec   Section      140  ik.o(.bss)
    .bss                                     0x20004478   Section     6212  kinemat_task.o(.bss)
    .bss                                     0x20005cbc   Section       96  libspace.o(.bss)
    HEAP                                     0x20005d20   Section      512  startup_stm32f446xx.o(HEAP)
    Heap_Mem                                 0x20005d20   Data         512  startup_stm32f446xx.o(HEAP)
    STACK                                    0x20005f20   Section     1024  startup_stm32f446xx.o(STACK)
    Stack_Mem                                0x20005f20   Data        1024  startup_stm32f446xx.o(STACK)
    __initial_sp                             0x20006320   Data           0  startup_stm32f446xx.o(STACK)

    Global Symbols

    Symbol Name                              Value     Ov Type        Size  Object(Section)

    BuildAttributes$$THM_ISAv4$E$P$D$K$B$S$7EM$VFPi3$EXTD16$VFPS$VFMA$PE$A:L22UL41UL21$X:L11$S22US41US21$IEEE1$IW$USESV6$~STKCKD$USESV7$~SHL$OTIME$ROPI$IEEEX$EBA8$UX$STANDARDLIB$REQ8$PRES8$EABIv2 0x00000000   Number         0  anon$$obj.o ABSOLUTE
    __ARM_use_no_argv                        0x00000000   Number         0  main.o ABSOLUTE
    __ARM_exceptions_init                     - Undefined Weak Reference
    __alloca_initialize                       - Undefined Weak Reference
    __arm_preinit_                            - Undefined Weak Reference
    __cpp_initialize__aeabi_                  - Undefined Weak Reference
    __cxa_finalize                            - Undefined Weak Reference
    __rt_locale                               - Undefined Weak Reference
    __sigvec_lookup                           - Undefined Weak Reference
    _atexit_init                              - Undefined Weak Reference
    _call_atexit_fns                          - Undefined Weak Reference
    _clock_init                               - Undefined Weak Reference
    _fp_trap_init                             - Undefined Weak Reference
    _fp_trap_shutdown                         - Undefined Weak Reference
    _get_lc_collate                           - Undefined Weak Reference
    _get_lc_ctype                             - Undefined Weak Reference
    _get_lc_monetary                          - Undefined Weak Reference
    _get_lc_numeric                           - Undefined Weak Reference
    _get_lc_time                              - Undefined Weak Reference
    _getenv_init                              - Undefined Weak Reference
    _handle_redirection                       - Undefined Weak Reference
    _init_alloc                               - Undefined Weak Reference
    _init_user_alloc                          - Undefined Weak Reference
    _initio                                   - Undefined Weak Reference
    _rand_init                                - Undefined Weak Reference
    _signal_finish                            - Undefined Weak Reference
    _signal_init                              - Undefined Weak Reference
    _terminate_alloc                          - Undefined Weak Reference
    _terminate_user_alloc                     - Undefined Weak Reference
    _terminateio                              - Undefined Weak Reference
    __Vectors_Size                           0x000001c4   Number         0  startup_stm32f446xx.o ABSOLUTE
    __Vectors                                0x08000000   Data           4  startup_stm32f446xx.o(RESET)
    __Vectors_End                            0x080001c4   Data           0  startup_stm32f446xx.o(RESET)
    __main                                   0x080001c5   Thumb Code     8  __main.o(!!!main)
    __scatterload                            0x080001cd   Thumb Code     0  __scatter.o(!!!scatter)
    __scatterload_rt2                        0x080001cd   Thumb Code    44  __scatter.o(!!!scatter)
    __scatterload_rt2_thumb_only             0x080001cd   Thumb Code     0  __scatter.o(!!!scatter)
    __scatterload_null                       0x080001db   Thumb Code     0  __scatter.o(!!!scatter)
    __scatterload_copy                       0x08000201   Thumb Code    26  __scatter_copy.o(!!handler_copy)
    __scatterload_zeroinit                   0x0800021d   Thumb Code    28  __scatter_zi.o(!!handler_zi)
    __rt_lib_init                            0x08000239   Thumb Code     0  libinit.o(.ARM.Collect$$libinit$$00000000)
    __rt_lib_init_fp_1                       0x0800023b   Thumb Code     0  libinit2.o(.ARM.Collect$$libinit$$00000001)
    __rt_lib_init_alloca_1                   0x0800023f   Thumb Code     0  libinit2.o(.ARM.Collect$$libinit$$0000002E)
    __rt_lib_init_argv_1                     0x0800023f   Thumb Code     0  libinit2.o(.ARM.Collect$$libinit$$0000002C)
    __rt_lib_init_atexit_1                   0x0800023f   Thumb Code     0  libinit2.o(.ARM.Collect$$libinit$$0000001B)
    __rt_lib_init_clock_1                    0x0800023f   Thumb Code     0  libinit2.o(.ARM.Collect$$libinit$$00000021)
    __rt_lib_init_cpp_1                      0x0800023f   Thumb Code     0  libinit2.o(.ARM.Collect$$libinit$$00000032)
    __rt_lib_init_exceptions_1               0x0800023f   Thumb Code     0  libinit2.o(.ARM.Collect$$libinit$$00000030)
    __rt_lib_init_fp_trap_1                  0x0800023f   Thumb Code     0  libinit2.o(.ARM.Collect$$libinit$$0000001F)
    __rt_lib_init_getenv_1                   0x0800023f   Thumb Code     0  libinit2.o(.ARM.Collect$$libinit$$00000023)
    __rt_lib_init_heap_1                     0x0800023f   Thumb Code     0  libinit2.o(.ARM.Collect$$libinit$$0000000A)
    __rt_lib_init_lc_collate_1               0x0800023f   Thumb Code     0  libinit2.o(.ARM.Collect$$libinit$$00000011)
    __rt_lib_init_lc_ctype_1                 0x0800023f   Thumb Code     0  libinit2.o(.ARM.Collect$$libinit$$00000013)
    __rt_lib_init_lc_monetary_1              0x0800023f   Thumb Code     0  libinit2.o(.ARM.Collect$$libinit$$00000015)
    __rt_lib_init_lc_numeric_1               0x0800023f   Thumb Code     0  libinit2.o(.ARM.Collect$$libinit$$00000017)
    __rt_lib_init_lc_time_1                  0x0800023f   Thumb Code     0  libinit2.o(.ARM.Collect$$libinit$$00000019)
    __rt_lib_init_preinit_1                  0x0800023f   Thumb Code     0  libinit2.o(.ARM.Collect$$libinit$$00000004)
    __rt_lib_init_rand_1                     0x0800023f   Thumb Code     0  libinit2.o(.ARM.Collect$$libinit$$0000000E)
    __rt_lib_init_return                     0x0800023f   Thumb Code     0  libinit2.o(.ARM.Collect$$libinit$$00000033)
    __rt_lib_init_signal_1                   0x0800023f   Thumb Code     0  libinit2.o(.ARM.Collect$$libinit$$0000001D)
    __rt_lib_init_stdio_1                    0x0800023f   Thumb Code     0  libinit2.o(.ARM.Collect$$libinit$$00000025)
    __rt_lib_init_user_alloc_1               0x0800023f   Thumb Code     0  libinit2.o(.ARM.Collect$$libinit$$0000000C)
    __rt_lib_shutdown                        0x08000241   Thumb Code     0  libshutdown.o(.ARM.Collect$$libshutdown$$00000000)
    __rt_lib_shutdown_cpp_1                  0x08000243   Thumb Code     0  libshutdown2.o(.ARM.Collect$$libshutdown$$00000002)
    __rt_lib_shutdown_fp_trap_1              0x08000243   Thumb Code     0  libshutdown2.o(.ARM.Collect$$libshutdown$$00000007)
    __rt_lib_shutdown_heap_1                 0x08000243   Thumb Code     0  libshutdown2.o(.ARM.Collect$$libshutdown$$0000000F)
    __rt_lib_shutdown_return                 0x08000243   Thumb Code     0  libshutdown2.o(.ARM.Collect$$libshutdown$$00000010)
    __rt_lib_shutdown_signal_1               0x08000243   Thumb Code     0  libshutdown2.o(.ARM.Collect$$libshutdown$$0000000A)
    __rt_lib_shutdown_stdio_1                0x08000243   Thumb Code     0  libshutdown2.o(.ARM.Collect$$libshutdown$$00000004)
    __rt_lib_shutdown_user_alloc_1           0x08000243   Thumb Code     0  libshutdown2.o(.ARM.Collect$$libshutdown$$0000000C)
    __rt_entry                               0x08000245   Thumb Code     0  __rtentry.o(.ARM.Collect$$rtentry$$00000000)
    __rt_entry_presh_1                       0x08000245   Thumb Code     0  __rtentry2.o(.ARM.Collect$$rtentry$$00000002)
    __rt_entry_sh                            0x08000245   Thumb Code     0  __rtentry4.o(.ARM.Collect$$rtentry$$00000004)
    __rt_entry_li                            0x0800024b   Thumb Code     0  __rtentry2.o(.ARM.Collect$$rtentry$$0000000A)
    __rt_entry_postsh_1                      0x0800024b   Thumb Code     0  __rtentry2.o(.ARM.Collect$$rtentry$$00000009)
    __rt_entry_main                          0x0800024f   Thumb Code     0  __rtentry2.o(.ARM.Collect$$rtentry$$0000000D)
    __rt_entry_postli_1                      0x0800024f   Thumb Code     0  __rtentry2.o(.ARM.Collect$$rtentry$$0000000C)
    __rt_exit                                0x08000257   Thumb Code     0  rtexit.o(.ARM.Collect$$rtexit$$00000000)
    __rt_exit_ls                             0x08000259   Thumb Code     0  rtexit2.o(.ARM.Collect$$rtexit$$00000003)
    __rt_exit_prels_1                        0x08000259   Thumb Code     0  rtexit2.o(.ARM.Collect$$rtexit$$00000002)
    __rt_exit_exit                           0x0800025d   Thumb Code     0  rtexit2.o(.ARM.Collect$$rtexit$$00000004)
    SVC_Handler                              0x08000265   Thumb Code    28  port.o(.emb_text)
    __asm___6_port_c_39a90d8d__prvStartFirstTask 0x08000285   Thumb Code    36  port.o(.emb_text)
    __asm___6_port_c_39a90d8d__prvEnableVFP  0x080002ad   Thumb Code    16  port.o(.emb_text)
    PendSV_Handler                           0x080002c1   Thumb Code    88  port.o(.emb_text)
    vPortGetIPSR                             0x0800031d   Thumb Code     6  port.o(.emb_text)
    Reset_Handler                            0x08000325   Thumb Code     8  startup_stm32f446xx.o(.text)
    ADC_IRQHandler                           0x0800033f   Thumb Code     0  startup_stm32f446xx.o(.text)
    CAN1_RX1_IRQHandler                      0x0800033f   Thumb Code     0  startup_stm32f446xx.o(.text)
    CAN1_SCE_IRQHandler                      0x0800033f   Thumb Code     0  startup_stm32f446xx.o(.text)
    CAN2_RX1_IRQHandler                      0x0800033f   Thumb Code     0  startup_stm32f446xx.o(.text)
    CAN2_SCE_IRQHandler                      0x0800033f   Thumb Code     0  startup_stm32f446xx.o(.text)
    CEC_IRQHandler                           0x0800033f   Thumb Code     0  startup_stm32f446xx.o(.text)
    DCMI_IRQHandler                          0x0800033f   Thumb Code     0  startup_stm32f446xx.o(.text)
    DMA1_Stream0_IRQHandler                  0x0800033f   Thumb Code     0  startup_stm32f446xx.o(.text)
    DMA1_Stream1_IRQHandler                  0x0800033f   Thumb Code     0  startup_stm32f446xx.o(.text)
    DMA1_Stream2_IRQHandler                  0x0800033f   Thumb Code     0  startup_stm32f446xx.o(.text)
    DMA1_Stream3_IRQHandler                  0x0800033f   Thumb Code     0  startup_stm32f446xx.o(.text)
    DMA1_Stream4_IRQHandler                  0x0800033f   Thumb Code     0  startup_stm32f446xx.o(.text)
    DMA1_Stream5_IRQHandler                  0x0800033f   Thumb Code     0  startup_stm32f446xx.o(.text)
    DMA1_Stream6_IRQHandler                  0x0800033f   Thumb Code     0  startup_stm32f446xx.o(.text)
    DMA1_Stream7_IRQHandler                  0x0800033f   Thumb Code     0  startup_stm32f446xx.o(.text)
    DMA2_Stream0_IRQHandler                  0x0800033f   Thumb Code     0  startup_stm32f446xx.o(.text)
    DMA2_Stream2_IRQHandler                  0x0800033f   Thumb Code     0  startup_stm32f446xx.o(.text)
    DMA2_Stream3_IRQHandler                  0x0800033f   Thumb Code     0  startup_stm32f446xx.o(.text)
    DMA2_Stream4_IRQHandler                  0x0800033f   Thumb Code     0  startup_stm32f446xx.o(.text)
    DMA2_Stream5_IRQHandler                  0x0800033f   Thumb Code     0  startup_stm32f446xx.o(.text)
    DMA2_Stream6_IRQHandler                  0x0800033f   Thumb Code     0  startup_stm32f446xx.o(.text)
    DMA2_Stream7_IRQHandler                  0x0800033f   Thumb Code     0  startup_stm32f446xx.o(.text)
    EXTI0_IRQHandler                         0x0800033f   Thumb Code     0  startup_stm32f446xx.o(.text)
    EXTI15_10_IRQHandler                     0x0800033f   Thumb Code     0  startup_stm32f446xx.o(.text)
    EXTI1_IRQHandler                         0x0800033f   Thumb Code     0  startup_stm32f446xx.o(.text)
    EXTI2_IRQHandler                         0x0800033f   Thumb Code     0  startup_stm32f446xx.o(.text)
    EXTI3_IRQHandler                         0x0800033f   Thumb Code     0  startup_stm32f446xx.o(.text)
    EXTI4_IRQHandler                         0x0800033f   Thumb Code     0  startup_stm32f446xx.o(.text)
    EXTI9_5_IRQHandler                       0x0800033f   Thumb Code     0  startup_stm32f446xx.o(.text)
    FLASH_IRQHandler                         0x0800033f   Thumb Code     0  startup_stm32f446xx.o(.text)
    FMC_IRQHandler                           0x0800033f   Thumb Code     0  startup_stm32f446xx.o(.text)
    FMPI2C1_ER_IRQHandler                    0x0800033f   Thumb Code     0  startup_stm32f446xx.o(.text)
    FMPI2C1_EV_IRQHandler                    0x0800033f   Thumb Code     0  startup_stm32f446xx.o(.text)
    FPU_IRQHandler                           0x0800033f   Thumb Code     0  startup_stm32f446xx.o(.text)
    I2C1_ER_IRQHandler                       0x0800033f   Thumb Code     0  startup_stm32f446xx.o(.text)
    I2C1_EV_IRQHandler                       0x0800033f   Thumb Code     0  startup_stm32f446xx.o(.text)
    I2C2_ER_IRQHandler                       0x0800033f   Thumb Code     0  startup_stm32f446xx.o(.text)
    I2C2_EV_IRQHandler                       0x0800033f   Thumb Code     0  startup_stm32f446xx.o(.text)
    I2C3_ER_IRQHandler                       0x0800033f   Thumb Code     0  startup_stm32f446xx.o(.text)
    I2C3_EV_IRQHandler                       0x0800033f   Thumb Code     0  startup_stm32f446xx.o(.text)
    OTG_FS_IRQHandler                        0x0800033f   Thumb Code     0  startup_stm32f446xx.o(.text)
    OTG_FS_WKUP_IRQHandler                   0x0800033f   Thumb Code     0  startup_stm32f446xx.o(.text)
    OTG_HS_EP1_IN_IRQHandler                 0x0800033f   Thumb Code     0  startup_stm32f446xx.o(.text)
    OTG_HS_EP1_OUT_IRQHandler                0x0800033f   Thumb Code     0  startup_stm32f446xx.o(.text)
    OTG_HS_IRQHandler                        0x0800033f   Thumb Code     0  startup_stm32f446xx.o(.text)
    OTG_HS_WKUP_IRQHandler                   0x0800033f   Thumb Code     0  startup_stm32f446xx.o(.text)
    PVD_IRQHandler                           0x0800033f   Thumb Code     0  startup_stm32f446xx.o(.text)
    QUADSPI_IRQHandler                       0x0800033f   Thumb Code     0  startup_stm32f446xx.o(.text)
    RCC_IRQHandler                           0x0800033f   Thumb Code     0  startup_stm32f446xx.o(.text)
    RTC_Alarm_IRQHandler                     0x0800033f   Thumb Code     0  startup_stm32f446xx.o(.text)
    RTC_WKUP_IRQHandler                      0x0800033f   Thumb Code     0  startup_stm32f446xx.o(.text)
    SAI1_IRQHandler                          0x0800033f   Thumb Code     0  startup_stm32f446xx.o(.text)
    SAI2_IRQHandler                          0x0800033f   Thumb Code     0  startup_stm32f446xx.o(.text)
    SDIO_IRQHandler                          0x0800033f   Thumb Code     0  startup_stm32f446xx.o(.text)
    SPDIF_RX_IRQHandler                      0x0800033f   Thumb Code     0  startup_stm32f446xx.o(.text)
    SPI1_IRQHandler                          0x0800033f   Thumb Code     0  startup_stm32f446xx.o(.text)
    SPI2_IRQHandler                          0x0800033f   Thumb Code     0  startup_stm32f446xx.o(.text)
    SPI3_IRQHandler                          0x0800033f   Thumb Code     0  startup_stm32f446xx.o(.text)
    SPI4_IRQHandler                          0x0800033f   Thumb Code     0  startup_stm32f446xx.o(.text)
    TAMP_STAMP_IRQHandler                    0x0800033f   Thumb Code     0  startup_stm32f446xx.o(.text)
    TIM1_BRK_TIM9_IRQHandler                 0x0800033f   Thumb Code     0  startup_stm32f446xx.o(.text)
    TIM1_CC_IRQHandler                       0x0800033f   Thumb Code     0  startup_stm32f446xx.o(.text)
    TIM1_TRG_COM_TIM11_IRQHandler            0x0800033f   Thumb Code     0  startup_stm32f446xx.o(.text)
    TIM1_UP_TIM10_IRQHandler                 0x0800033f   Thumb Code     0  startup_stm32f446xx.o(.text)
    TIM2_IRQHandler                          0x0800033f   Thumb Code     0  startup_stm32f446xx.o(.text)
    TIM3_IRQHandler                          0x0800033f   Thumb Code     0  startup_stm32f446xx.o(.text)
    TIM4_IRQHandler                          0x0800033f   Thumb Code     0  startup_stm32f446xx.o(.text)
    TIM5_IRQHandler                          0x0800033f   Thumb Code     0  startup_stm32f446xx.o(.text)
    TIM6_DAC_IRQHandler                      0x0800033f   Thumb Code     0  startup_stm32f446xx.o(.text)
    TIM7_IRQHandler                          0x0800033f   Thumb Code     0  startup_stm32f446xx.o(.text)
    TIM8_BRK_TIM12_IRQHandler                0x0800033f   Thumb Code     0  startup_stm32f446xx.o(.text)
    TIM8_CC_IRQHandler                       0x0800033f   Thumb Code     0  startup_stm32f446xx.o(.text)
    TIM8_TRG_COM_TIM14_IRQHandler            0x0800033f   Thumb Code     0  startup_stm32f446xx.o(.text)
    TIM8_UP_TIM13_IRQHandler                 0x0800033f   Thumb Code     0  startup_stm32f446xx.o(.text)
    UART4_IRQHandler                         0x0800033f   Thumb Code     0  startup_stm32f446xx.o(.text)
    UART5_IRQHandler                         0x0800033f   Thumb Code     0  startup_stm32f446xx.o(.text)
    USART1_IRQHandler                        0x0800033f   Thumb Code     0  startup_stm32f446xx.o(.text)
    USART2_IRQHandler                        0x0800033f   Thumb Code     0  startup_stm32f446xx.o(.text)
    USART3_IRQHandler                        0x0800033f   Thumb Code     0  startup_stm32f446xx.o(.text)
    WWDG_IRQHandler                          0x0800033f   Thumb Code     0  startup_stm32f446xx.o(.text)
    __user_initial_stackheap                 0x08000341   Thumb Code     0  startup_stm32f446xx.o(.text)
    __aeabi_uldivmod                         0x08000365   Thumb Code     0  lludivv7m.o(.text)
    _ll_udiv                                 0x08000365   Thumb Code   238  lludivv7m.o(.text)
    __aeabi_memcpy4                          0x08000453   Thumb Code     0  rt_memcpy_w.o(.text)
    __aeabi_memcpy8                          0x08000453   Thumb Code     0  rt_memcpy_w.o(.text)
    __rt_memcpy_w                            0x08000453   Thumb Code   100  rt_memcpy_w.o(.text)
    _memcpy_lastbytes_aligned                0x0800049b   Thumb Code     0  rt_memcpy_w.o(.text)
    __aeabi_memclr4                          0x080004b7   Thumb Code     0  rt_memclr_w.o(.text)
    __aeabi_memclr8                          0x080004b7   Thumb Code     0  rt_memclr_w.o(.text)
    __rt_memclr_w                            0x080004b7   Thumb Code    78  rt_memclr_w.o(.text)
    _memset_w                                0x080004bb   Thumb Code     0  rt_memclr_w.o(.text)
    __use_two_region_memory                  0x08000505   Thumb Code     2  heapauxi.o(.text)
    __rt_heap_escrow$2region                 0x08000507   Thumb Code     2  heapauxi.o(.text)
    __rt_heap_expand$2region                 0x08000509   Thumb Code     2  heapauxi.o(.text)
    __read_errno                             0x0800050b   Thumb Code    10  _rserrno.o(.text)
    __set_errno                              0x08000515   Thumb Code    12  _rserrno.o(.text)
    __aeabi_errno_addr                       0x08000521   Thumb Code     8  rt_errno_addr_intlibspace.o(.text)
    __errno$intlibspace                      0x08000521   Thumb Code     0  rt_errno_addr_intlibspace.o(.text)
    __rt_errno_addr$intlibspace              0x08000521   Thumb Code     0  rt_errno_addr_intlibspace.o(.text)
    __user_libspace                          0x08000529   Thumb Code     8  libspace.o(.text)
    __user_perproc_libspace                  0x08000529   Thumb Code     0  libspace.o(.text)
    __user_perthread_libspace                0x08000529   Thumb Code     0  libspace.o(.text)
    __user_setup_stackheap                   0x08000531   Thumb Code    74  sys_stackheap_outer.o(.text)
    exit                                     0x0800057b   Thumb Code    18  exit.o(.text)
    _sys_exit                                0x0800058d   Thumb Code     8  sys_exit.o(.text)
    __I$use$semihosting                      0x08000599   Thumb Code     0  use_no_semi.o(.text)
    __use_no_semihosting_swi                 0x08000599   Thumb Code     2  use_no_semi.o(.text)
    BusFault_Handler                         0x0800059b   Thumb Code     2  stm32f4xx_it.o(i.BusFault_Handler)
    __semihosting_library_function           0x0800059b   Thumb Code     0  indicate_semi.o(.text)
    CAN1_RX0_IRQHandler                      0x0800059d   Thumb Code     6  stm32f4xx_it.o(i.CAN1_RX0_IRQHandler)
    CAN1_TX_IRQHandler                       0x080005a9   Thumb Code     6  stm32f4xx_it.o(i.CAN1_TX_IRQHandler)
    CAN2_RX0_IRQHandler                      0x080005b5   Thumb Code     6  stm32f4xx_it.o(i.CAN2_RX0_IRQHandler)
    CAN2_TX_IRQHandler                       0x080005c1   Thumb Code     6  stm32f4xx_it.o(i.CAN2_TX_IRQHandler)
    DMA2_Stream1_IRQHandler                  0x080005cd   Thumb Code     6  stm32f4xx_it.o(i.DMA2_Stream1_IRQHandler)
    DebugMon_Handler                         0x0800067d   Thumb Code     2  stm32f4xx_it.o(i.DebugMon_Handler)
    Error_Handler                            0x0800067f   Thumb Code     4  main.o(i.Error_Handler)
    HAL_CAN_ActivateNotification             0x08000683   Thumb Code    36  stm32f4xx_hal_can.o(i.HAL_CAN_ActivateNotification)
    HAL_CAN_ConfigFilter                     0x080006a9   Thumb Code   262  stm32f4xx_hal_can.o(i.HAL_CAN_ConfigFilter)
    HAL_CAN_ErrorCallback                    0x080007b5   Thumb Code     2  stm32f4xx_hal_can.o(i.HAL_CAN_ErrorCallback)
    HAL_CAN_GetRxMessage                     0x080007b7   Thumb Code   232  stm32f4xx_hal_can.o(i.HAL_CAN_GetRxMessage)
    HAL_CAN_IRQHandler                       0x0800089f   Thumb Code   508  stm32f4xx_hal_can.o(i.HAL_CAN_IRQHandler)
    HAL_CAN_Init                             0x08000a9b   Thumb Code   282  stm32f4xx_hal_can.o(i.HAL_CAN_Init)
    HAL_CAN_MspInit                          0x08000bb5   Thumb Code   272  can.o(i.HAL_CAN_MspInit)
    HAL_CAN_RxFifo0FullCallback              0x08000cd9   Thumb Code     2  stm32f4xx_hal_can.o(i.HAL_CAN_RxFifo0FullCallback)
    HAL_CAN_RxFifo0MsgPendingCallback        0x08000cdd   Thumb Code   652  bsp_can.o(i.HAL_CAN_RxFifo0MsgPendingCallback)
    HAL_CAN_RxFifo1FullCallback              0x08000f85   Thumb Code     2  stm32f4xx_hal_can.o(i.HAL_CAN_RxFifo1FullCallback)
    HAL_CAN_RxFifo1MsgPendingCallback        0x08000f87   Thumb Code     2  stm32f4xx_hal_can.o(i.HAL_CAN_RxFifo1MsgPendingCallback)
    HAL_CAN_SleepCallback                    0x08000f89   Thumb Code     2  stm32f4xx_hal_can.o(i.HAL_CAN_SleepCallback)
    HAL_CAN_Start                            0x08000f8d   Thumb Code    88  stm32f4xx_hal_can.o(i.HAL_CAN_Start)
    HAL_CAN_TxMailbox0AbortCallback          0x08000fe5   Thumb Code     2  stm32f4xx_hal_can.o(i.HAL_CAN_TxMailbox0AbortCallback)
    HAL_CAN_TxMailbox0CompleteCallback       0x08000fe7   Thumb Code     2  stm32f4xx_hal_can.o(i.HAL_CAN_TxMailbox0CompleteCallback)
    HAL_CAN_TxMailbox1AbortCallback          0x08000fe9   Thumb Code     2  stm32f4xx_hal_can.o(i.HAL_CAN_TxMailbox1AbortCallback)
    HAL_CAN_TxMailbox1CompleteCallback       0x08000feb   Thumb Code     2  stm32f4xx_hal_can.o(i.HAL_CAN_TxMailbox1CompleteCallback)
    HAL_CAN_TxMailbox2AbortCallback          0x08000fed   Thumb Code     2  stm32f4xx_hal_can.o(i.HAL_CAN_TxMailbox2AbortCallback)
    HAL_CAN_TxMailbox2CompleteCallback       0x08000fef   Thumb Code     2  stm32f4xx_hal_can.o(i.HAL_CAN_TxMailbox2CompleteCallback)
    HAL_CAN_WakeUpFromRxMsgCallback          0x08000ff1   Thumb Code     2  stm32f4xx_hal_can.o(i.HAL_CAN_WakeUpFromRxMsgCallback)
    HAL_DMA_Abort                            0x08000ff3   Thumb Code   146  stm32f4xx_hal_dma.o(i.HAL_DMA_Abort)
    HAL_DMA_Abort_IT                         0x08001085   Thumb Code    36  stm32f4xx_hal_dma.o(i.HAL_DMA_Abort_IT)
    HAL_DMA_IRQHandler                       0x080010a9   Thumb Code   412  stm32f4xx_hal_dma.o(i.HAL_DMA_IRQHandler)
    HAL_DMA_Init                             0x08001249   Thumb Code   206  stm32f4xx_hal_dma.o(i.HAL_DMA_Init)
    HAL_DMA_Start_IT                         0x0800131d   Thumb Code   110  stm32f4xx_hal_dma.o(i.HAL_DMA_Start_IT)
    HAL_Delay                                0x0800138d   Thumb Code    32  stm32f4xx_hal.o(i.HAL_Delay)
    HAL_GPIO_Init                            0x080013b1   Thumb Code   436  stm32f4xx_hal_gpio.o(i.HAL_GPIO_Init)
    HAL_GPIO_WritePin                        0x0800158d   Thumb Code    10  stm32f4xx_hal_gpio.o(i.HAL_GPIO_WritePin)
    HAL_GetTick                              0x08001599   Thumb Code     6  stm32f4xx_hal.o(i.HAL_GetTick)
    HAL_IncTick                              0x080015a5   Thumb Code    12  stm32f4xx_hal.o(i.HAL_IncTick)
    HAL_Init                                 0x080015b5   Thumb Code    48  stm32f4xx_hal.o(i.HAL_Init)
    HAL_InitTick                             0x080015e9   Thumb Code    54  stm32f4xx_hal.o(i.HAL_InitTick)
    HAL_MspInit                              0x08001629   Thumb Code    52  stm32f4xx_hal_msp.o(i.HAL_MspInit)
    HAL_NVIC_EnableIRQ                       0x08001661   Thumb Code    26  stm32f4xx_hal_cortex.o(i.HAL_NVIC_EnableIRQ)
    HAL_NVIC_SetPriority                     0x0800167d   Thumb Code    60  stm32f4xx_hal_cortex.o(i.HAL_NVIC_SetPriority)
    HAL_NVIC_SetPriorityGrouping             0x080016bd   Thumb Code    26  stm32f4xx_hal_cortex.o(i.HAL_NVIC_SetPriorityGrouping)
    HAL_RCC_ClockConfig                      0x080016e1   Thumb Code   288  stm32f4xx_hal_rcc.o(i.HAL_RCC_ClockConfig)
    HAL_RCC_GetPCLK1Freq                     0x08001815   Thumb Code    20  stm32f4xx_hal_rcc.o(i.HAL_RCC_GetPCLK1Freq)
    HAL_RCC_GetPCLK2Freq                     0x08001835   Thumb Code    20  stm32f4xx_hal_rcc.o(i.HAL_RCC_GetPCLK2Freq)
    HAL_RCC_GetSysClockFreq                  0x08001855   Thumb Code   140  stm32f4xx_hal_rcc_ex.o(i.HAL_RCC_GetSysClockFreq)
    HAL_RCC_OscConfig                        0x080018ed   Thumb Code   900  stm32f4xx_hal_rcc_ex.o(i.HAL_RCC_OscConfig)
    HAL_SYSTICK_Config                       0x08001c85   Thumb Code    40  stm32f4xx_hal_cortex.o(i.HAL_SYSTICK_Config)
    HAL_TIMEx_MasterConfigSynchronization    0x08001cad   Thumb Code   116  stm32f4xx_hal_tim_ex.o(i.HAL_TIMEx_MasterConfigSynchronization)
    HAL_TIM_MspPostInit                      0x08001d3d   Thumb Code    70  tim.o(i.HAL_TIM_MspPostInit)
    HAL_TIM_PWM_ConfigChannel                0x08001d91   Thumb Code   204  stm32f4xx_hal_tim.o(i.HAL_TIM_PWM_ConfigChannel)
    HAL_TIM_PWM_Init                         0x08001e5d   Thumb Code    90  stm32f4xx_hal_tim.o(i.HAL_TIM_PWM_Init)
    HAL_TIM_PWM_MspInit                      0x08001eb9   Thumb Code    30  tim.o(i.HAL_TIM_PWM_MspInit)
    HAL_UARTEx_RxEventCallback               0x08001ee1   Thumb Code     2  stm32f4xx_hal_uart.o(i.HAL_UARTEx_RxEventCallback)
    HAL_UART_ErrorCallback                   0x08001ee3   Thumb Code     2  stm32f4xx_hal_uart.o(i.HAL_UART_ErrorCallback)
    HAL_UART_IRQHandler                      0x08001ee5   Thumb Code   610  stm32f4xx_hal_uart.o(i.HAL_UART_IRQHandler)
    HAL_UART_Init                            0x0800214d   Thumb Code    98  stm32f4xx_hal_uart.o(i.HAL_UART_Init)
    HAL_UART_MspInit                         0x080021b1   Thumb Code   154  usart.o(i.HAL_UART_MspInit)
    HAL_UART_Receive_DMA                     0x08002261   Thumb Code    42  stm32f4xx_hal_uart.o(i.HAL_UART_Receive_DMA)
    HAL_UART_RxCpltCallback                  0x0800228d   Thumb Code   138  uart_user.o(i.HAL_UART_RxCpltCallback)
    HAL_UART_RxHalfCpltCallback              0x08002329   Thumb Code     2  stm32f4xx_hal_uart.o(i.HAL_UART_RxHalfCpltCallback)
    HAL_UART_TxCpltCallback                  0x0800232b   Thumb Code     2  stm32f4xx_hal_uart.o(i.HAL_UART_TxCpltCallback)
    HardFault_Handler                        0x0800232d   Thumb Code     2  stm32f4xx_it.o(i.HardFault_Handler)
    IK_calc                                  0x08002331   Thumb Code  2088  ik.o(i.IK_calc)
    MX_CAN1_Init                             0x08002b75   Thumb Code    60  can.o(i.MX_CAN1_Init)
    MX_CAN2_Init                             0x08002bb9   Thumb Code    60  can.o(i.MX_CAN2_Init)
    MX_DMA_Init                              0x08002bfd   Thumb Code    40  dma.o(i.MX_DMA_Init)
    MX_FREERTOS_Init                         0x08002c29   Thumb Code    74  freertos.o(i.MX_FREERTOS_Init)
    MX_GPIO_Init                             0x08002c7d   Thumb Code   132  gpio.o(i.MX_GPIO_Init)
    MX_TIM3_Init                             0x08002d09   Thumb Code   120  tim.o(i.MX_TIM3_Init)
    MX_USART6_UART_Init                      0x08002d89   Thumb Code    48  usart.o(i.MX_USART6_UART_Init)
    MemManage_Handler                        0x08002dc1   Thumb Code     2  stm32f4xx_it.o(i.MemManage_Handler)
    NMI_Handler                              0x08002dc3   Thumb Code     2  stm32f4xx_it.o(i.NMI_Handler)
    StartDefaultTask                         0x08002dc5   Thumb Code     8  freertos.o(i.StartDefaultTask)
    SysTick_Handler                          0x08002dcd   Thumb Code    24  stm32f4xx_it.o(i.SysTick_Handler)
    SystemClock_Config                       0x08002de5   Thumb Code   140  main.o(i.SystemClock_Config)
    SystemInit                               0x08002e79   Thumb Code    12  system_stm32f4xx.o(i.SystemInit)
    TIM_Base_SetConfig                       0x08002e89   Thumb Code   156  stm32f4xx_hal_tim.o(i.TIM_Base_SetConfig)
    TIM_OC2_SetConfig                        0x08002fb1   Thumb Code    98  stm32f4xx_hal_tim.o(i.TIM_OC2_SetConfig)
    UART_Start_Receive_DMA                   0x08003401   Thumb Code   134  stm32f4xx_hal_uart.o(i.UART_Start_Receive_DMA)
    USART6_IRQHandler                        0x08003495   Thumb Code     6  stm32f4xx_it.o(i.USART6_IRQHandler)
    UsageFault_Handler                       0x080034a1   Thumb Code     2  stm32f4xx_it.o(i.UsageFault_Handler)
    __ARM_fpclassify                         0x080034a3   Thumb Code    48  fpclassify.o(i.__ARM_fpclassify)
    __ARM_fpclassifyf                        0x080034d3   Thumb Code    38  fpclassifyf.o(i.__ARM_fpclassifyf)
    __hardfp_asin                            0x08003519   Thumb Code   770  asin.o(i.__hardfp_asin)
    __hardfp_atan2f                          0x08003879   Thumb Code   502  atan2f.o(i.__hardfp_atan2f)
    __hardfp_cos                             0x08003ac9   Thumb Code   180  cos.o(i.__hardfp_cos)
    __hardfp_sin                             0x08003b91   Thumb Code   180  sin.o(i.__hardfp_sin)
    __ieee754_rem_pio2                       0x08003c59   Thumb Code   938  rred.o(i.__ieee754_rem_pio2)
    __kernel_cos                             0x08004091   Thumb Code   322  cos_i.o(i.__kernel_cos)
    __kernel_poly                            0x08004201   Thumb Code   248  poly.o(i.__kernel_poly)
    __kernel_sin                             0x080042f9   Thumb Code   280  sin_i.o(i.__kernel_sin)
    __mathlib_dbl_infnan                     0x08004429   Thumb Code    20  dunder.o(i.__mathlib_dbl_infnan)
    __mathlib_dbl_invalid                    0x08004441   Thumb Code    24  dunder.o(i.__mathlib_dbl_invalid)
    __mathlib_dbl_underflow                  0x08004461   Thumb Code    24  dunder.o(i.__mathlib_dbl_underflow)
    __mathlib_flt_infnan2                    0x08004481   Thumb Code     6  funder.o(i.__mathlib_flt_infnan2)
    __mathlib_flt_underflow                  0x08004489   Thumb Code    10  funder.o(i.__mathlib_flt_underflow)
    arctan                                   0x08004499   Thumb Code   112  ik.o(i.arctan)
    arm_init                                 0x08004515   Thumb Code    32  kinemat_task.o(i.arm_init)
    arm_task                                 0x08004539   Thumb Code     8  arm_task.o(i.arm_task)
    can_filter_init                          0x08004541   Thumb Code    80  can_user.o(i.can_filter_init)
    data_receive_IT                          0x08004599   Thumb Code    38  uart_user.o(i.data_receive_IT)
    fabs                                     0x080045cd   Thumb Code    24  fabs.o(i.fabs)
    kinemat_task                             0x080045e5   Thumb Code    16  kinemat_task.o(i.kinemat_task)
    main                                     0x080045f5   Thumb Code    50  main.o(i.main)
    one_path_cala                            0x08004635   Thumb Code   530  path_planning.o(i.one_path_cala)
    osDelay                                  0x0800484d   Thumb Code    14  cmsis_os.o(i.osDelay)
    osKernelStart                            0x0800485b   Thumb Code    10  cmsis_os.o(i.osKernelStart)
    osThreadCreate                           0x08004865   Thumb Code    84  cmsis_os.o(i.osThreadCreate)
    path_planning                            0x080048b9   Thumb Code   108  path_planning.o(i.path_planning)
    planning_regular                         0x08004929   Thumb Code   114  kinemat_task.o(i.planning_regular)
    power                                    0x080049ad   Thumb Code    26  path_planning.o(i.power)
    pvPortMalloc                             0x08004d15   Thumb Code   216  heap_4.o(i.pvPortMalloc)
    pxPortInitialiseStack                    0x08004df1   Thumb Code    40  port.o(i.pxPortInitialiseStack)
    sqrt                                     0x08004e1d   Thumb Code   110  sqrt.o(i.sqrt)
    target_T_get                             0x08004e8d   Thumb Code    82  ik.o(i.target_T_get)
    uint_to_float                            0x08004ee9   Thumb Code    40  bsp_can.o(i.uint_to_float)
    uxListRemove                             0x08004f11   Thumb Code    38  list.o(i.uxListRemove)
    vApplicationGetIdleTaskMemory            0x08004f39   Thumb Code    16  freertos.o(i.vApplicationGetIdleTaskMemory)
    vListInitialise                          0x08004f4d   Thumb Code    22  list.o(i.vListInitialise)
    vListInitialiseItem                      0x08004f63   Thumb Code     6  list.o(i.vListInitialiseItem)
    vListInsert                              0x08004f69   Thumb Code    48  list.o(i.vListInsert)
    vListInsertEnd                           0x08004f99   Thumb Code    24  list.o(i.vListInsertEnd)
    vPortEnterCritical                       0x08004fb1   Thumb Code    54  port.o(i.vPortEnterCritical)
    vPortExitCritical                        0x08004ff1   Thumb Code    34  port.o(i.vPortExitCritical)
    vPortFree                                0x08005019   Thumb Code    94  heap_4.o(i.vPortFree)
    vPortSetupTimerInterrupt                 0x0800507d   Thumb Code    32  port.o(i.vPortSetupTimerInterrupt)
    vTaskDelay                               0x080050a1   Thumb Code    66  tasks.o(i.vTaskDelay)
    vTaskStartScheduler                      0x080050ed   Thumb Code    90  tasks.o(i.vTaskStartScheduler)
    vTaskSuspendAll                          0x08005159   Thumb Code    10  tasks.o(i.vTaskSuspendAll)
    vTaskSwitchContext                       0x08005169   Thumb Code    82  tasks.o(i.vTaskSwitchContext)
    xPortStartScheduler                      0x080051c5   Thumb Code   222  port.o(i.xPortStartScheduler)
    xPortSysTickHandler                      0x080052b9   Thumb Code    38  port.o(i.xPortSysTickHandler)
    xTaskCreate                              0x080052e5   Thumb Code    90  tasks.o(i.xTaskCreate)
    xTaskCreateStatic                        0x0800533f   Thumb Code    86  tasks.o(i.xTaskCreateStatic)
    xTaskGetSchedulerState                   0x08005395   Thumb Code    22  tasks.o(i.xTaskGetSchedulerState)
    xTaskIncrementTick                       0x080053b1   Thumb Code   194  tasks.o(i.xTaskIncrementTick)
    xTaskResumeAll                           0x0800547d   Thumb Code   182  tasks.o(i.xTaskResumeAll)
    __aeabi_dneg                             0x08005541   Thumb Code     0  basic.o(x$fpl$basic)
    _dneg                                    0x08005541   Thumb Code     6  basic.o(x$fpl$basic)
    __aeabi_fneg                             0x08005547   Thumb Code     0  basic.o(x$fpl$basic)
    _fneg                                    0x08005547   Thumb Code     6  basic.o(x$fpl$basic)
    _dabs                                    0x0800554d   Thumb Code     6  basic.o(x$fpl$basic)
    _fabs                                    0x08005553   Thumb Code     6  basic.o(x$fpl$basic)
    __aeabi_d2f                              0x08005559   Thumb Code     0  d2f.o(x$fpl$d2f)
    _d2f                                     0x08005559   Thumb Code    98  d2f.o(x$fpl$d2f)
    __aeabi_dadd                             0x080055bd   Thumb Code     0  daddsub_clz.o(x$fpl$dadd)
    _dadd                                    0x080055bd   Thumb Code   332  daddsub_clz.o(x$fpl$dadd)
    __aeabi_ddiv                             0x0800570d   Thumb Code     0  ddiv.o(x$fpl$ddiv)
    _ddiv                                    0x0800570d   Thumb Code   552  ddiv.o(x$fpl$ddiv)
    __aeabi_d2iz                             0x080059bd   Thumb Code     0  dfix.o(x$fpl$dfix)
    _dfix                                    0x080059bd   Thumb Code    94  dfix.o(x$fpl$dfix)
    __aeabi_i2d                              0x08005a1b   Thumb Code     0  dflt_clz.o(x$fpl$dflt)
    _dflt                                    0x08005a1b   Thumb Code    46  dflt_clz.o(x$fpl$dflt)
    __aeabi_ui2d                             0x08005a49   Thumb Code     0  dflt_clz.o(x$fpl$dfltu)
    _dfltu                                   0x08005a49   Thumb Code    38  dflt_clz.o(x$fpl$dfltu)
    __aeabi_dmul                             0x08005a71   Thumb Code     0  dmul.o(x$fpl$dmul)
    _dmul                                    0x08005a71   Thumb Code   332  dmul.o(x$fpl$dmul)
    __fpl_dnaninf                            0x08005bc5   Thumb Code   156  dnaninf.o(x$fpl$dnaninf)
    __fpl_dretinf                            0x08005c61   Thumb Code    12  dretinf.o(x$fpl$dretinf)
    __aeabi_drsub                            0x08005c6d   Thumb Code     0  daddsub_clz.o(x$fpl$drsb)
    _drsb                                    0x08005c6d   Thumb Code    22  daddsub_clz.o(x$fpl$drsb)
    _dsqrt                                   0x08005c85   Thumb Code   404  dsqrt_umaal.o(x$fpl$dsqrt)
    __aeabi_dsub                             0x08005e1d   Thumb Code     0  daddsub_clz.o(x$fpl$dsub)
    _dsub                                    0x08005e1d   Thumb Code   464  daddsub_clz.o(x$fpl$dsub)
    __aeabi_f2d                              0x08005ff1   Thumb Code     0  f2d.o(x$fpl$f2d)
    _f2d                                     0x08005ff1   Thumb Code    86  f2d.o(x$fpl$f2d)
    __fpl_fnaninf                            0x08006047   Thumb Code   140  fnaninf.o(x$fpl$fnaninf)
    _fp_init                                 0x080060d3   Thumb Code    10  fpinit.o(x$fpl$fpinit)
    __fplib_config_fpu_vfp                   0x080060db   Thumb Code     0  fpinit.o(x$fpl$fpinit)
    __fplib_config_pureend_doubles           0x080060db   Thumb Code     0  fpinit.o(x$fpl$fpinit)
    __fpl_fretinf                            0x080060dd   Thumb Code    10  fretinf.o(x$fpl$fretinf)
    __I$use$fp                               0x080060e6   Number         0  usenofp.o(x$fpl$usenofp)
    AHBPrescTable                            0x08006144   Data          16  system_stm32f4xx.o(.constdata)
    APBPrescTable                            0x08006154   Data           8  system_stm32f4xx.o(.constdata)
    Region$$Table$$Base                      0x080062f0   Number         0  anon$$obj.o(Region$$Table)
    Region$$Table$$Limit                     0x08006310   Number         0  anon$$obj.o(Region$$Table)
    defaultTaskHandle                        0x20000000   Data           4  freertos.o(.data)
    ArmTaskHandle                            0x20000004   Data           4  freertos.o(.data)
    KinematTaskHandle                        0x20000008   Data           4  freertos.o(.data)
    uwTickFreq                               0x20000010   Data           1  stm32f4xx_hal.o(.data)
    uwTickPrio                               0x20000014   Data           4  stm32f4xx_hal.o(.data)
    uwTick                                   0x20000018   Data           4  stm32f4xx_hal.o(.data)
    SystemCoreClock                          0x2000001c   Data           4  system_stm32f4xx.o(.data)
    pxCurrentTCB                             0x20000020   Data           4  tasks.o(.data)
    data_length                              0x20000088   Data           1  uart_user.o(.data)
    Selection                                0x2000008a   Data           1  bsp_can.o(.data)
    test                                     0x2000008b   Data           1  bsp_can.o(.data)
    pi                                       0x2000008c   Data           4  ik.o(.data)
    hcan1                                    0x200002e4   Data          40  can.o(.bss)
    hcan2                                    0x2000030c   Data          40  can.o(.bss)
    htim3                                    0x20000334   Data          72  tim.o(.bss)
    huart6                                   0x2000037c   Data          68  usart.o(.bss)
    hdma_usart6_rx                           0x200003c0   Data          96  usart.o(.bss)
    motor_info                               0x20004110   Data         320  can_user.o(.bss)
    rx_buffer_ch05                           0x20004250   Data          25  uart_user.o(.bss)
    data                                     0x20004269   Data          34  uart_user.o(.bss)
    CAN_1                                    0x200042d4   Data         140  bsp_can.o(.bss)
    CAN_2                                    0x20004360   Data         140  bsp_can.o(.bss)
    arm                                      0x200043ec   Data          60  ik.o(.bss)
    Tans                                     0x20004428   Data          80  ik.o(.bss)
    T_target                                 0x20004478   Data          64  kinemat_task.o(.bss)
    T_res                                    0x200044b8   Data          20  kinemat_task.o(.bss)
    first_path                               0x200044cc   Data        6128  kinemat_task.o(.bss)
    __libspace_start                         0x20005cbc   Data          96  libspace.o(.bss)
    __temporary_stack_top$libspace           0x20005d1c   Data           0  libspace.o(.bss)



==============================================================================

Memory Map of the image

  Image Entry point : 0x080001c5

  Load Region LR_IROM1 (Base: 0x08000000, Size: 0x000063a0, Max: 0x00040000, ABSOLUTE)

    Execution Region ER_IROM1 (Exec base: 0x08000000, Load base: 0x08000000, Size: 0x00006310, Max: 0x00040000, ABSOLUTE)

    Exec Addr    Load Addr    Size         Type   Attr      Idx    E Section Name        Object

    0x08000000   0x08000000   0x000001c4   Data   RO            3    RESET               startup_stm32f446xx.o
    0x080001c4   0x080001c4   0x00000008   Code   RO         5161  * !!!main             c_w.l(__main.o)
    0x080001cc   0x080001cc   0x00000034   Code   RO         5496    !!!scatter          c_w.l(__scatter.o)
    0x08000200   0x08000200   0x0000001a   Code   RO         5498    !!handler_copy      c_w.l(__scatter_copy.o)
    0x0800021a   0x0800021a   0x00000002   PAD
    0x0800021c   0x0800021c   0x0000001c   Code   RO         5500    !!handler_zi        c_w.l(__scatter_zi.o)
    0x08000238   0x08000238   0x00000002   Code   RO         5367    .ARM.Collect$$libinit$$00000000  c_w.l(libinit.o)
    0x0800023a   0x0800023a   0x00000004   Code   RO         5378    .ARM.Collect$$libinit$$00000001  c_w.l(libinit2.o)
    0x0800023e   0x0800023e   0x00000000   Code   RO         5381    .ARM.Collect$$libinit$$00000004  c_w.l(libinit2.o)
    0x0800023e   0x0800023e   0x00000000   Code   RO         5384    .ARM.Collect$$libinit$$0000000A  c_w.l(libinit2.o)
    0x0800023e   0x0800023e   0x00000000   Code   RO         5386    .ARM.Collect$$libinit$$0000000C  c_w.l(libinit2.o)
    0x0800023e   0x0800023e   0x00000000   Code   RO         5388    .ARM.Collect$$libinit$$0000000E  c_w.l(libinit2.o)
    0x0800023e   0x0800023e   0x00000000   Code   RO         5391    .ARM.Collect$$libinit$$00000011  c_w.l(libinit2.o)
    0x0800023e   0x0800023e   0x00000000   Code   RO         5393    .ARM.Collect$$libinit$$00000013  c_w.l(libinit2.o)
    0x0800023e   0x0800023e   0x00000000   Code   RO         5395    .ARM.Collect$$libinit$$00000015  c_w.l(libinit2.o)
    0x0800023e   0x0800023e   0x00000000   Code   RO         5397    .ARM.Collect$$libinit$$00000017  c_w.l(libinit2.o)
    0x0800023e   0x0800023e   0x00000000   Code   RO         5399    .ARM.Collect$$libinit$$00000019  c_w.l(libinit2.o)
    0x0800023e   0x0800023e   0x00000000   Code   RO         5401    .ARM.Collect$$libinit$$0000001B  c_w.l(libinit2.o)
    0x0800023e   0x0800023e   0x00000000   Code   RO         5403    .ARM.Collect$$libinit$$0000001D  c_w.l(libinit2.o)
    0x0800023e   0x0800023e   0x00000000   Code   RO         5405    .ARM.Collect$$libinit$$0000001F  c_w.l(libinit2.o)
    0x0800023e   0x0800023e   0x00000000   Code   RO         5407    .ARM.Collect$$libinit$$00000021  c_w.l(libinit2.o)
    0x0800023e   0x0800023e   0x00000000   Code   RO         5409    .ARM.Collect$$libinit$$00000023  c_w.l(libinit2.o)
    0x0800023e   0x0800023e   0x00000000   Code   RO         5411    .ARM.Collect$$libinit$$00000025  c_w.l(libinit2.o)
    0x0800023e   0x0800023e   0x00000000   Code   RO         5415    .ARM.Collect$$libinit$$0000002C  c_w.l(libinit2.o)
    0x0800023e   0x0800023e   0x00000000   Code   RO         5417    .ARM.Collect$$libinit$$0000002E  c_w.l(libinit2.o)
    0x0800023e   0x0800023e   0x00000000   Code   RO         5419    .ARM.Collect$$libinit$$00000030  c_w.l(libinit2.o)
    0x0800023e   0x0800023e   0x00000000   Code   RO         5421    .ARM.Collect$$libinit$$00000032  c_w.l(libinit2.o)
    0x0800023e   0x0800023e   0x00000002   Code   RO         5422    .ARM.Collect$$libinit$$00000033  c_w.l(libinit2.o)
    0x08000240   0x08000240   0x00000002   Code   RO         5453    .ARM.Collect$$libshutdown$$00000000  c_w.l(libshutdown.o)
    0x08000242   0x08000242   0x00000000   Code   RO         5479    .ARM.Collect$$libshutdown$$00000002  c_w.l(libshutdown2.o)
    0x08000242   0x08000242   0x00000000   Code   RO         5481    .ARM.Collect$$libshutdown$$00000004  c_w.l(libshutdown2.o)
    0x08000242   0x08000242   0x00000000   Code   RO         5484    .ARM.Collect$$libshutdown$$00000007  c_w.l(libshutdown2.o)
    0x08000242   0x08000242   0x00000000   Code   RO         5487    .ARM.Collect$$libshutdown$$0000000A  c_w.l(libshutdown2.o)
    0x08000242   0x08000242   0x00000000   Code   RO         5489    .ARM.Collect$$libshutdown$$0000000C  c_w.l(libshutdown2.o)
    0x08000242   0x08000242   0x00000000   Code   RO         5492    .ARM.Collect$$libshutdown$$0000000F  c_w.l(libshutdown2.o)
    0x08000242   0x08000242   0x00000002   Code   RO         5493    .ARM.Collect$$libshutdown$$00000010  c_w.l(libshutdown2.o)
    0x08000244   0x08000244   0x00000000   Code   RO         5231    .ARM.Collect$$rtentry$$00000000  c_w.l(__rtentry.o)
    0x08000244   0x08000244   0x00000000   Code   RO         5322    .ARM.Collect$$rtentry$$00000002  c_w.l(__rtentry2.o)
    0x08000244   0x08000244   0x00000006   Code   RO         5334    .ARM.Collect$$rtentry$$00000004  c_w.l(__rtentry4.o)
    0x0800024a   0x0800024a   0x00000000   Code   RO         5324    .ARM.Collect$$rtentry$$00000009  c_w.l(__rtentry2.o)
    0x0800024a   0x0800024a   0x00000004   Code   RO         5325    .ARM.Collect$$rtentry$$0000000A  c_w.l(__rtentry2.o)
    0x0800024e   0x0800024e   0x00000000   Code   RO         5327    .ARM.Collect$$rtentry$$0000000C  c_w.l(__rtentry2.o)
    0x0800024e   0x0800024e   0x00000008   Code   RO         5328    .ARM.Collect$$rtentry$$0000000D  c_w.l(__rtentry2.o)
    0x08000256   0x08000256   0x00000002   Code   RO         5370    .ARM.Collect$$rtexit$$00000000  c_w.l(rtexit.o)
    0x08000258   0x08000258   0x00000000   Code   RO         5426    .ARM.Collect$$rtexit$$00000002  c_w.l(rtexit2.o)
    0x08000258   0x08000258   0x00000004   Code   RO         5427    .ARM.Collect$$rtexit$$00000003  c_w.l(rtexit2.o)
    0x0800025c   0x0800025c   0x00000006   Code   RO         5428    .ARM.Collect$$rtexit$$00000004  c_w.l(rtexit2.o)
    0x08000262   0x08000262   0x00000002   PAD
    0x08000264   0x08000264   0x000000be   Code   RO         4646    .emb_text           port.o
    0x08000322   0x08000322   0x00000002   PAD
    0x08000324   0x08000324   0x00000040   Code   RO            4    .text               startup_stm32f446xx.o
    0x08000364   0x08000364   0x000000ee   Code   RO         5149    .text               c_w.l(lludivv7m.o)
    0x08000452   0x08000452   0x00000064   Code   RO         5153    .text               c_w.l(rt_memcpy_w.o)
    0x080004b6   0x080004b6   0x0000004e   Code   RO         5157    .text               c_w.l(rt_memclr_w.o)
    0x08000504   0x08000504   0x00000006   Code   RO         5159    .text               c_w.l(heapauxi.o)
    0x0800050a   0x0800050a   0x00000016   Code   RO         5236    .text               c_w.l(_rserrno.o)
    0x08000520   0x08000520   0x00000008   Code   RO         5341    .text               c_w.l(rt_errno_addr_intlibspace.o)
    0x08000528   0x08000528   0x00000008   Code   RO         5351    .text               c_w.l(libspace.o)
    0x08000530   0x08000530   0x0000004a   Code   RO         5354    .text               c_w.l(sys_stackheap_outer.o)
    0x0800057a   0x0800057a   0x00000012   Code   RO         5356    .text               c_w.l(exit.o)
    0x0800058c   0x0800058c   0x0000000c   Code   RO         5423    .text               c_w.l(sys_exit.o)
    0x08000598   0x08000598   0x00000002   Code   RO         5442    .text               c_w.l(use_no_semi.o)
    0x0800059a   0x0800059a   0x00000000   Code   RO         5444    .text               c_w.l(indicate_semi.o)
    0x0800059a   0x0800059a   0x00000002   Code   RO          469    i.BusFault_Handler  stm32f4xx_it.o
    0x0800059c   0x0800059c   0x0000000c   Code   RO          470    i.CAN1_RX0_IRQHandler  stm32f4xx_it.o
    0x080005a8   0x080005a8   0x0000000c   Code   RO          471    i.CAN1_TX_IRQHandler  stm32f4xx_it.o
    0x080005b4   0x080005b4   0x0000000c   Code   RO          472    i.CAN2_RX0_IRQHandler  stm32f4xx_it.o
    0x080005c0   0x080005c0   0x0000000c   Code   RO          473    i.CAN2_TX_IRQHandler  stm32f4xx_it.o
    0x080005cc   0x080005cc   0x0000000c   Code   RO          474    i.DMA2_Stream1_IRQHandler  stm32f4xx_it.o
    0x080005d8   0x080005d8   0x00000028   Code   RO         1370    i.DMA_CalcBaseAndBitshift  stm32f4xx_hal_dma.o
    0x08000600   0x08000600   0x00000054   Code   RO         1371    i.DMA_CheckFifoParam  stm32f4xx_hal_dma.o
    0x08000654   0x08000654   0x00000028   Code   RO         1372    i.DMA_SetConfig     stm32f4xx_hal_dma.o
    0x0800067c   0x0800067c   0x00000002   Code   RO          475    i.DebugMon_Handler  stm32f4xx_it.o
    0x0800067e   0x0800067e   0x00000004   Code   RO           13    i.Error_Handler     main.o
    0x08000682   0x08000682   0x00000024   Code   RO          594    i.HAL_CAN_ActivateNotification  stm32f4xx_hal_can.o
    0x080006a6   0x080006a6   0x00000002   PAD
    0x080006a8   0x080006a8   0x0000010c   Code   RO          596    i.HAL_CAN_ConfigFilter  stm32f4xx_hal_can.o
    0x080007b4   0x080007b4   0x00000002   Code   RO          599    i.HAL_CAN_ErrorCallback  stm32f4xx_hal_can.o
    0x080007b6   0x080007b6   0x000000e8   Code   RO          602    i.HAL_CAN_GetRxMessage  stm32f4xx_hal_can.o
    0x0800089e   0x0800089e   0x000001fc   Code   RO          606    i.HAL_CAN_IRQHandler  stm32f4xx_hal_can.o
    0x08000a9a   0x08000a9a   0x0000011a   Code   RO          607    i.HAL_CAN_Init      stm32f4xx_hal_can.o
    0x08000bb4   0x08000bb4   0x00000124   Code   RO          307    i.HAL_CAN_MspInit   can.o
    0x08000cd8   0x08000cd8   0x00000002   Code   RO          614    i.HAL_CAN_RxFifo0FullCallback  stm32f4xx_hal_can.o
    0x08000cda   0x08000cda   0x00000002   PAD
    0x08000cdc   0x08000cdc   0x000002a8   Code   RO         4820    i.HAL_CAN_RxFifo0MsgPendingCallback  bsp_can.o
    0x08000f84   0x08000f84   0x00000002   Code   RO          616    i.HAL_CAN_RxFifo1FullCallback  stm32f4xx_hal_can.o
    0x08000f86   0x08000f86   0x00000002   Code   RO          617    i.HAL_CAN_RxFifo1MsgPendingCallback  stm32f4xx_hal_can.o
    0x08000f88   0x08000f88   0x00000002   Code   RO          618    i.HAL_CAN_SleepCallback  stm32f4xx_hal_can.o
    0x08000f8a   0x08000f8a   0x00000002   PAD
    0x08000f8c   0x08000f8c   0x00000058   Code   RO          619    i.HAL_CAN_Start     stm32f4xx_hal_can.o
    0x08000fe4   0x08000fe4   0x00000002   Code   RO          621    i.HAL_CAN_TxMailbox0AbortCallback  stm32f4xx_hal_can.o
    0x08000fe6   0x08000fe6   0x00000002   Code   RO          622    i.HAL_CAN_TxMailbox0CompleteCallback  stm32f4xx_hal_can.o
    0x08000fe8   0x08000fe8   0x00000002   Code   RO          623    i.HAL_CAN_TxMailbox1AbortCallback  stm32f4xx_hal_can.o
    0x08000fea   0x08000fea   0x00000002   Code   RO          624    i.HAL_CAN_TxMailbox1CompleteCallback  stm32f4xx_hal_can.o
    0x08000fec   0x08000fec   0x00000002   Code   RO          625    i.HAL_CAN_TxMailbox2AbortCallback  stm32f4xx_hal_can.o
    0x08000fee   0x08000fee   0x00000002   Code   RO          626    i.HAL_CAN_TxMailbox2CompleteCallback  stm32f4xx_hal_can.o
    0x08000ff0   0x08000ff0   0x00000002   Code   RO          628    i.HAL_CAN_WakeUpFromRxMsgCallback  stm32f4xx_hal_can.o
    0x08000ff2   0x08000ff2   0x00000092   Code   RO         1373    i.HAL_DMA_Abort     stm32f4xx_hal_dma.o
    0x08001084   0x08001084   0x00000024   Code   RO         1374    i.HAL_DMA_Abort_IT  stm32f4xx_hal_dma.o
    0x080010a8   0x080010a8   0x000001a0   Code   RO         1378    i.HAL_DMA_IRQHandler  stm32f4xx_hal_dma.o
    0x08001248   0x08001248   0x000000d4   Code   RO         1379    i.HAL_DMA_Init      stm32f4xx_hal_dma.o
    0x0800131c   0x0800131c   0x0000006e   Code   RO         1383    i.HAL_DMA_Start_IT  stm32f4xx_hal_dma.o
    0x0800138a   0x0800138a   0x00000002   PAD
    0x0800138c   0x0800138c   0x00000024   Code   RO         1810    i.HAL_Delay         stm32f4xx_hal.o
    0x080013b0   0x080013b0   0x000001dc   Code   RO         1266    i.HAL_GPIO_Init     stm32f4xx_hal_gpio.o
    0x0800158c   0x0800158c   0x0000000a   Code   RO         1270    i.HAL_GPIO_WritePin  stm32f4xx_hal_gpio.o
    0x08001596   0x08001596   0x00000002   PAD
    0x08001598   0x08001598   0x0000000c   Code   RO         1816    i.HAL_GetTick       stm32f4xx_hal.o
    0x080015a4   0x080015a4   0x00000010   Code   RO         1822    i.HAL_IncTick       stm32f4xx_hal.o
    0x080015b4   0x080015b4   0x00000034   Code   RO         1823    i.HAL_Init          stm32f4xx_hal.o
    0x080015e8   0x080015e8   0x00000040   Code   RO         1824    i.HAL_InitTick      stm32f4xx_hal.o
    0x08001628   0x08001628   0x00000038   Code   RO          569    i.HAL_MspInit       stm32f4xx_hal_msp.o
    0x08001660   0x08001660   0x0000001a   Code   RO         1673    i.HAL_NVIC_EnableIRQ  stm32f4xx_hal_cortex.o
    0x0800167a   0x0800167a   0x00000002   PAD
    0x0800167c   0x0800167c   0x00000040   Code   RO         1679    i.HAL_NVIC_SetPriority  stm32f4xx_hal_cortex.o
    0x080016bc   0x080016bc   0x00000024   Code   RO         1680    i.HAL_NVIC_SetPriorityGrouping  stm32f4xx_hal_cortex.o
    0x080016e0   0x080016e0   0x00000134   Code   RO          828    i.HAL_RCC_ClockConfig  stm32f4xx_hal_rcc.o
    0x08001814   0x08001814   0x00000020   Code   RO          835    i.HAL_RCC_GetPCLK1Freq  stm32f4xx_hal_rcc.o
    0x08001834   0x08001834   0x00000020   Code   RO          836    i.HAL_RCC_GetPCLK2Freq  stm32f4xx_hal_rcc.o
    0x08001854   0x08001854   0x00000098   Code   RO          939    i.HAL_RCC_GetSysClockFreq  stm32f4xx_hal_rcc_ex.o
    0x080018ec   0x080018ec   0x00000398   Code   RO          940    i.HAL_RCC_OscConfig  stm32f4xx_hal_rcc_ex.o
    0x08001c84   0x08001c84   0x00000028   Code   RO         1684    i.HAL_SYSTICK_Config  stm32f4xx_hal_cortex.o
    0x08001cac   0x08001cac   0x00000090   Code   RO         2786    i.HAL_TIMEx_MasterConfigSynchronization  stm32f4xx_hal_tim_ex.o
    0x08001d3c   0x08001d3c   0x00000054   Code   RO          379    i.HAL_TIM_MspPostInit  tim.o
    0x08001d90   0x08001d90   0x000000cc   Code   RO         2135    i.HAL_TIM_PWM_ConfigChannel  stm32f4xx_hal_tim.o
    0x08001e5c   0x08001e5c   0x0000005a   Code   RO         2138    i.HAL_TIM_PWM_Init  stm32f4xx_hal_tim.o
    0x08001eb6   0x08001eb6   0x00000002   PAD
    0x08001eb8   0x08001eb8   0x00000028   Code   RO          381    i.HAL_TIM_PWM_MspInit  tim.o
    0x08001ee0   0x08001ee0   0x00000002   Code   RO         3045    i.HAL_UARTEx_RxEventCallback  stm32f4xx_hal_uart.o
    0x08001ee2   0x08001ee2   0x00000002   Code   RO         3059    i.HAL_UART_ErrorCallback  stm32f4xx_hal_uart.o
    0x08001ee4   0x08001ee4   0x00000268   Code   RO         3062    i.HAL_UART_IRQHandler  stm32f4xx_hal_uart.o
    0x0800214c   0x0800214c   0x00000062   Code   RO         3063    i.HAL_UART_Init     stm32f4xx_hal_uart.o
    0x080021ae   0x080021ae   0x00000002   PAD
    0x080021b0   0x080021b0   0x000000b0   Code   RO          428    i.HAL_UART_MspInit  usart.o
    0x08002260   0x08002260   0x0000002a   Code   RO         3067    i.HAL_UART_Receive_DMA  stm32f4xx_hal_uart.o
    0x0800228a   0x0800228a   0x00000002   PAD
    0x0800228c   0x0800228c   0x0000009c   Code   RO         4777    i.HAL_UART_RxCpltCallback  uart_user.o
    0x08002328   0x08002328   0x00000002   Code   RO         3070    i.HAL_UART_RxHalfCpltCallback  stm32f4xx_hal_uart.o
    0x0800232a   0x0800232a   0x00000002   Code   RO         3074    i.HAL_UART_TxCpltCallback  stm32f4xx_hal_uart.o
    0x0800232c   0x0800232c   0x00000002   Code   RO          476    i.HardFault_Handler  stm32f4xx_it.o
    0x0800232e   0x0800232e   0x00000002   PAD
    0x08002330   0x08002330   0x00000844   Code   RO         4951    i.IK_calc           ik.o
    0x08002b74   0x08002b74   0x00000044   Code   RO          308    i.MX_CAN1_Init      can.o
    0x08002bb8   0x08002bb8   0x00000044   Code   RO          309    i.MX_CAN2_Init      can.o
    0x08002bfc   0x08002bfc   0x0000002c   Code   RO          355    i.MX_DMA_Init       dma.o
    0x08002c28   0x08002c28   0x00000054   Code   RO          244    i.MX_FREERTOS_Init  freertos.o
    0x08002c7c   0x08002c7c   0x0000008c   Code   RO          220    i.MX_GPIO_Init      gpio.o
    0x08002d08   0x08002d08   0x00000080   Code   RO          382    i.MX_TIM3_Init      tim.o
    0x08002d88   0x08002d88   0x00000038   Code   RO          429    i.MX_USART6_UART_Init  usart.o
    0x08002dc0   0x08002dc0   0x00000002   Code   RO          477    i.MemManage_Handler  stm32f4xx_it.o
    0x08002dc2   0x08002dc2   0x00000002   Code   RO          478    i.NMI_Handler       stm32f4xx_it.o
    0x08002dc4   0x08002dc4   0x00000008   Code   RO          245    i.StartDefaultTask  freertos.o
    0x08002dcc   0x08002dcc   0x00000018   Code   RO          479    i.SysTick_Handler   stm32f4xx_it.o
    0x08002de4   0x08002de4   0x00000094   Code   RO           14    i.SystemClock_Config  main.o
    0x08002e78   0x08002e78   0x00000010   Code   RO         3392    i.SystemInit        system_stm32f4xx.o
    0x08002e88   0x08002e88   0x000000c8   Code   RO         2156    i.TIM_Base_SetConfig  stm32f4xx_hal_tim.o
    0x08002f50   0x08002f50   0x00000060   Code   RO         2169    i.TIM_OC1_SetConfig  stm32f4xx_hal_tim.o
    0x08002fb0   0x08002fb0   0x0000006c   Code   RO         2170    i.TIM_OC2_SetConfig  stm32f4xx_hal_tim.o
    0x0800301c   0x0800301c   0x00000068   Code   RO         2171    i.TIM_OC3_SetConfig  stm32f4xx_hal_tim.o
    0x08003084   0x08003084   0x00000050   Code   RO         2172    i.TIM_OC4_SetConfig  stm32f4xx_hal_tim.o
    0x080030d4   0x080030d4   0x00000010   Code   RO         3076    i.UART_DMAAbortOnError  stm32f4xx_hal_uart.o
    0x080030e4   0x080030e4   0x0000004a   Code   RO         3077    i.UART_DMAError     stm32f4xx_hal_uart.o
    0x0800312e   0x0800312e   0x00000082   Code   RO         3078    i.UART_DMAReceiveCplt  stm32f4xx_hal_uart.o
    0x080031b0   0x080031b0   0x0000001a   Code   RO         3080    i.UART_DMARxHalfCplt  stm32f4xx_hal_uart.o
    0x080031ca   0x080031ca   0x0000004e   Code   RO         3086    i.UART_EndRxTransfer  stm32f4xx_hal_uart.o
    0x08003218   0x08003218   0x0000001c   Code   RO         3087    i.UART_EndTxTransfer  stm32f4xx_hal_uart.o
    0x08003234   0x08003234   0x000000c0   Code   RO         3088    i.UART_Receive_IT   stm32f4xx_hal_uart.o
    0x080032f4   0x080032f4   0x0000010c   Code   RO         3089    i.UART_SetConfig    stm32f4xx_hal_uart.o
    0x08003400   0x08003400   0x00000094   Code   RO         3090    i.UART_Start_Receive_DMA  stm32f4xx_hal_uart.o
    0x08003494   0x08003494   0x0000000c   Code   RO          480    i.USART6_IRQHandler  stm32f4xx_it.o
    0x080034a0   0x080034a0   0x00000002   Code   RO          481    i.UsageFault_Handler  stm32f4xx_it.o
    0x080034a2   0x080034a2   0x00000030   Code   RO         5278    i.__ARM_fpclassify  m_wm.l(fpclassify.o)
    0x080034d2   0x080034d2   0x00000026   Code   RO         5280    i.__ARM_fpclassifyf  m_wm.l(fpclassifyf.o)
    0x080034f8   0x080034f8   0x00000020   Code   RO         1686    i.__NVIC_SetPriority  stm32f4xx_hal_cortex.o
    0x08003518   0x08003518   0x00000360   Code   RO         5181    i.__hardfp_asin     m_wm.l(asin.o)
    0x08003878   0x08003878   0x00000250   Code   RO         5195    i.__hardfp_atan2f   m_wm.l(atan2f.o)
    0x08003ac8   0x08003ac8   0x000000c8   Code   RO         5207    i.__hardfp_cos      m_wm.l(cos.o)
    0x08003b90   0x08003b90   0x000000c8   Code   RO         5219    i.__hardfp_sin      m_wm.l(sin.o)
    0x08003c58   0x08003c58   0x00000438   Code   RO         5298    i.__ieee754_rem_pio2  m_wm.l(rred.o)
    0x08004090   0x08004090   0x00000170   Code   RO         5255    i.__kernel_cos      m_wm.l(cos_i.o)
    0x08004200   0x08004200   0x000000f8   Code   RO         5296    i.__kernel_poly     m_wm.l(poly.o)
    0x080042f8   0x080042f8   0x00000130   Code   RO         5303    i.__kernel_sin      m_wm.l(sin_i.o)
    0x08004428   0x08004428   0x00000014   Code   RO         5259    i.__mathlib_dbl_infnan  m_wm.l(dunder.o)
    0x0800443c   0x0800443c   0x00000004   PAD
    0x08004440   0x08004440   0x00000020   Code   RO         5261    i.__mathlib_dbl_invalid  m_wm.l(dunder.o)
    0x08004460   0x08004460   0x00000020   Code   RO         5264    i.__mathlib_dbl_underflow  m_wm.l(dunder.o)
    0x08004480   0x08004480   0x00000006   Code   RO         5284    i.__mathlib_flt_infnan2  m_wm.l(funder.o)
    0x08004486   0x08004486   0x00000002   PAD
    0x08004488   0x08004488   0x00000010   Code   RO         5288    i.__mathlib_flt_underflow  m_wm.l(funder.o)
    0x08004498   0x08004498   0x0000007c   Code   RO         4952    i.arctan            ik.o
    0x08004514   0x08004514   0x00000024   Code   RO         5068    i.arm_init          kinemat_task.o
    0x08004538   0x08004538   0x00000008   Code   RO         5002    i.arm_task          arm_task.o
    0x08004540   0x08004540   0x00000058   Code   RO         4727    i.can_filter_init   can_user.o
    0x08004598   0x08004598   0x00000034   Code   RO         4778    i.data_receive_IT   uart_user.o
    0x080045cc   0x080045cc   0x00000018   Code   RO         5274    i.fabs              m_wm.l(fabs.o)
    0x080045e4   0x080045e4   0x00000010   Code   RO         5069    i.kinemat_task      kinemat_task.o
    0x080045f4   0x080045f4   0x00000032   Code   RO           15    i.main              main.o
    0x08004626   0x08004626   0x0000000c   Code   RO         4212    i.makeFreeRtosPriority  cmsis_os.o
    0x08004632   0x08004632   0x00000002   PAD
    0x08004634   0x08004634   0x00000218   Code   RO         4912    i.one_path_cala     path_planning.o
    0x0800484c   0x0800484c   0x0000000e   Code   RO         4214    i.osDelay           cmsis_os.o
    0x0800485a   0x0800485a   0x0000000a   Code   RO         4217    i.osKernelStart     cmsis_os.o
    0x08004864   0x08004864   0x00000054   Code   RO         4251    i.osThreadCreate    cmsis_os.o
    0x080048b8   0x080048b8   0x00000070   Code   RO         4913    i.path_planning     path_planning.o
    0x08004928   0x08004928   0x00000084   Code   RO         5070    i.planning_regular  kinemat_task.o
    0x080049ac   0x080049ac   0x0000001a   Code   RO         4914    i.power             path_planning.o
    0x080049c6   0x080049c6   0x00000002   PAD
    0x080049c8   0x080049c8   0x00000070   Code   RO         3894    i.prvAddCurrentTaskToDelayedList  tasks.o
    0x08004a38   0x08004a38   0x000000d0   Code   RO         3895    i.prvAddNewTaskToReadyList  tasks.o
    0x08004b08   0x08004b08   0x00000034   Code   RO         3896    i.prvDeleteTCB      tasks.o
    0x08004b3c   0x08004b3c   0x0000004c   Code   RO         4579    i.prvHeapInit       heap_4.o
    0x08004b88   0x08004b88   0x00000060   Code   RO         3897    i.prvIdleTask       tasks.o
    0x08004be8   0x08004be8   0x00000098   Code   RO         3898    i.prvInitialiseNewTask  tasks.o
    0x08004c80   0x08004c80   0x0000004c   Code   RO         4580    i.prvInsertBlockIntoFreeList  heap_4.o
    0x08004ccc   0x08004ccc   0x00000020   Code   RO         3899    i.prvResetNextTaskUnblockTime  tasks.o
    0x08004cec   0x08004cec   0x00000028   Code   RO         4647    i.prvTaskExitError  port.o
    0x08004d14   0x08004d14   0x000000dc   Code   RO         4581    i.pvPortMalloc      heap_4.o
    0x08004df0   0x08004df0   0x0000002c   Code   RO         4648    i.pxPortInitialiseStack  port.o
    0x08004e1c   0x08004e1c   0x0000006e   Code   RO         5311    i.sqrt              m_wm.l(sqrt.o)
    0x08004e8a   0x08004e8a   0x00000002   PAD
    0x08004e8c   0x08004e8c   0x0000005c   Code   RO         4953    i.target_T_get      ik.o
    0x08004ee8   0x08004ee8   0x00000028   Code   RO         4826    i.uint_to_float     bsp_can.o
    0x08004f10   0x08004f10   0x00000026   Code   RO         3530    i.uxListRemove      list.o
    0x08004f36   0x08004f36   0x00000002   PAD
    0x08004f38   0x08004f38   0x00000014   Code   RO          248    i.vApplicationGetIdleTaskMemory  freertos.o
    0x08004f4c   0x08004f4c   0x00000016   Code   RO         3531    i.vListInitialise   list.o
    0x08004f62   0x08004f62   0x00000006   Code   RO         3532    i.vListInitialiseItem  list.o
    0x08004f68   0x08004f68   0x00000030   Code   RO         3533    i.vListInsert       list.o
    0x08004f98   0x08004f98   0x00000018   Code   RO         3534    i.vListInsertEnd    list.o
    0x08004fb0   0x08004fb0   0x00000040   Code   RO         4650    i.vPortEnterCritical  port.o
    0x08004ff0   0x08004ff0   0x00000028   Code   RO         4651    i.vPortExitCritical  port.o
    0x08005018   0x08005018   0x00000064   Code   RO         4582    i.vPortFree         heap_4.o
    0x0800507c   0x0800507c   0x00000024   Code   RO         4652    i.vPortSetupTimerInterrupt  port.o
    0x080050a0   0x080050a0   0x0000004c   Code   RO         3908    i.vTaskDelay        tasks.o
    0x080050ec   0x080050ec   0x0000006c   Code   RO         3921    i.vTaskStartScheduler  tasks.o
    0x08005158   0x08005158   0x00000010   Code   RO         3923    i.vTaskSuspendAll   tasks.o
    0x08005168   0x08005168   0x0000005c   Code   RO         3924    i.vTaskSwitchContext  tasks.o
    0x080051c4   0x080051c4   0x000000f4   Code   RO         4654    i.xPortStartScheduler  port.o
    0x080052b8   0x080052b8   0x0000002c   Code   RO         4655    i.xPortSysTickHandler  port.o
    0x080052e4   0x080052e4   0x0000005a   Code   RO         3927    i.xTaskCreate       tasks.o
    0x0800533e   0x0800533e   0x00000056   Code   RO         3928    i.xTaskCreateStatic  tasks.o
    0x08005394   0x08005394   0x0000001c   Code   RO         3932    i.xTaskGetSchedulerState  tasks.o
    0x080053b0   0x080053b0   0x000000cc   Code   RO         3935    i.xTaskIncrementTick  tasks.o
    0x0800547c   0x0800547c   0x000000c4   Code   RO         3941    i.xTaskResumeAll    tasks.o
    0x08005540   0x08005540   0x00000018   Code   RO         5240    x$fpl$basic         fz_wm.l(basic.o)
    0x08005558   0x08005558   0x00000062   Code   RO         5163    x$fpl$d2f           fz_wm.l(d2f.o)
    0x080055ba   0x080055ba   0x00000002   PAD
    0x080055bc   0x080055bc   0x00000150   Code   RO         5165    x$fpl$dadd          fz_wm.l(daddsub_clz.o)
    0x0800570c   0x0800570c   0x000002b0   Code   RO         5243    x$fpl$ddiv          fz_wm.l(ddiv.o)
    0x080059bc   0x080059bc   0x0000005e   Code   RO         5343    x$fpl$dfix          fz_wm.l(dfix.o)
    0x08005a1a   0x08005a1a   0x0000002e   Code   RO         5172    x$fpl$dflt          fz_wm.l(dflt_clz.o)
    0x08005a48   0x08005a48   0x00000026   Code   RO         5171    x$fpl$dfltu         fz_wm.l(dflt_clz.o)
    0x08005a6e   0x08005a6e   0x00000002   PAD
    0x08005a70   0x08005a70   0x00000154   Code   RO         5177    x$fpl$dmul          fz_wm.l(dmul.o)
    0x08005bc4   0x08005bc4   0x0000009c   Code   RO         5246    x$fpl$dnaninf       fz_wm.l(dnaninf.o)
    0x08005c60   0x08005c60   0x0000000c   Code   RO         5248    x$fpl$dretinf       fz_wm.l(dretinf.o)
    0x08005c6c   0x08005c6c   0x00000016   Code   RO         5166    x$fpl$drsb          fz_wm.l(daddsub_clz.o)
    0x08005c82   0x08005c82   0x00000002   PAD
    0x08005c84   0x08005c84   0x00000198   Code   RO         5349    x$fpl$dsqrt         fz_wm.l(dsqrt_umaal.o)
    0x08005e1c   0x08005e1c   0x000001d4   Code   RO         5167    x$fpl$dsub          fz_wm.l(daddsub_clz.o)
    0x08005ff0   0x08005ff0   0x00000056   Code   RO         5179    x$fpl$f2d           fz_wm.l(f2d.o)
    0x08006046   0x08006046   0x0000008c   Code   RO         5250    x$fpl$fnaninf       fz_wm.l(fnaninf.o)
    0x080060d2   0x080060d2   0x0000000a   Code   RO         5438    x$fpl$fpinit        fz_wm.l(fpinit.o)
    0x080060dc   0x080060dc   0x0000000a   Code   RO         5252    x$fpl$fretinf       fz_wm.l(fretinf.o)
    0x080060e6   0x080060e6   0x00000000   Code   RO         5254    x$fpl$usenofp       fz_wm.l(usenofp.o)
    0x080060e6   0x080060e6   0x00000002   PAD
    0x080060e8   0x080060e8   0x00000054   Data   RO          250    .constdata          freertos.o
    0x0800613c   0x0800613c   0x00000008   Data   RO         1385    .constdata          stm32f4xx_hal_dma.o
    0x08006144   0x08006144   0x00000010   Data   RO         3393    .constdata          system_stm32f4xx.o
    0x08006154   0x08006154   0x00000008   Data   RO         3394    .constdata          system_stm32f4xx.o
    0x0800615c   0x0800615c   0x00000004   PAD
    0x08006160   0x08006160   0x00000050   Data   RO         5184    .constdata          m_wm.l(asin.o)
    0x080061b0   0x080061b0   0x00000030   Data   RO         5256    .constdata          m_wm.l(cos_i.o)
    0x080061e0   0x080061e0   0x000000c8   Data   RO         5300    .constdata          m_wm.l(rred.o)
    0x080062a8   0x080062a8   0x00000028   Data   RO         5304    .constdata          m_wm.l(sin_i.o)
    0x080062d0   0x080062d0   0x00000020   Data   RO          251    .conststring        freertos.o
    0x080062f0   0x080062f0   0x00000020   Data   RO         5494    Region$$Table       anon$$obj.o


    Execution Region RW_IRAM1 (Exec base: 0x20000000, Load base: 0x08006310, Size: 0x00006320, Max: 0x00020000, ABSOLUTE)

    Exec Addr    Load Addr    Size         Type   Attr      Idx    E Section Name        Object

    0x20000000   0x08006310   0x0000000c   Data   RW          252    .data               freertos.o
    0x2000000c   0x0800631c   0x00000004   Data   RW          311    .data               can.o
    0x20000010   0x08006320   0x0000000c   Data   RW         1830    .data               stm32f4xx_hal.o
    0x2000001c   0x0800632c   0x00000004   Data   RW         3395    .data               system_stm32f4xx.o
    0x20000020   0x08006330   0x0000003c   Data   RW         3944    .data               tasks.o
    0x2000005c   0x0800636c   0x00000020   Data   RW         4588    .data               heap_4.o
    0x2000007c   0x0800638c   0x0000000c   Data   RW         4656    .data               port.o
    0x20000088   0x08006398   0x00000002   Data   RW         4781    .data               uart_user.o
    0x2000008a   0x0800639a   0x00000002   Data   RW         4828    .data               bsp_can.o
    0x2000008c   0x0800639c   0x00000004   Data   RW         4956    .data               ik.o
    0x20000090        -       0x00000254   Zero   RW          249    .bss                freertos.o
    0x200002e4        -       0x00000050   Zero   RW          310    .bss                can.o
    0x20000334        -       0x00000048   Zero   RW          383    .bss                tim.o
    0x2000037c        -       0x000000a4   Zero   RW          430    .bss                usart.o
    0x20000420        -       0x000000f0   Zero   RW         3943    .bss                tasks.o
    0x20000510        -       0x00003c00   Zero   RW         4587    .bss                heap_4.o
    0x20004110        -       0x00000140   Zero   RW         4730    .bss                can_user.o
    0x20004250        -       0x0000003b   Zero   RW         4779    .bss                uart_user.o
    0x2000428b   0x080063a0   0x00000001   PAD
    0x2000428c        -       0x00000160   Zero   RW         4827    .bss                bsp_can.o
    0x200043ec        -       0x0000008c   Zero   RW         4955    .bss                ik.o
    0x20004478        -       0x00001844   Zero   RW         5072    .bss                kinemat_task.o
    0x20005cbc        -       0x00000060   Zero   RW         5352    .bss                c_w.l(libspace.o)
    0x20005d1c   0x080063a0   0x00000004   PAD
    0x20005d20        -       0x00000200   Zero   RW            2    HEAP                startup_stm32f446xx.o
    0x20005f20        -       0x00000400   Zero   RW            1    STACK               startup_stm32f446xx.o


==============================================================================

Image component sizes


      Code (inc. data)   RO Data    RW Data    ZI Data      Debug   Object Name

         8          0          0          0          0        439   arm_task.o
       720         28          0          2        352       4824   bsp_can.o
       428         36          0          4         80       2354   can.o
        88          8          0          0        320       1812   can_user.o
       120          0          0          0          0      23101   cmsis_os.o
        44          4          0          0          0        710   dma.o
         0          0          0          0          0      16812   event_groups.o
       112         14        116         12        596       2482   freertos.o
       140          8          0          0          0        887   gpio.o
       472         24          0         32      15360       7263   heap_4.o
      2332         74          0          4        140       5902   ik.o
       184         22          0          0       6212       2506   kinemat_task.o
       138          0          0          0          0       3422   list.o
       202          8          0          0          0     756312   main.o
       674         10          0          0          0       3764   path_planning.o
       702         72          0         12          0      10756   port.o
        64         26        452          0       1536        820   startup_stm32f446xx.o
       180         28          0         12          0       9081   stm32f4xx_hal.o
      1438          6          0          0          0      12712   stm32f4xx_hal_can.o
       198         14          0          0          0      33823   stm32f4xx_hal_cortex.o
      1084         16          8          0          0       7150   stm32f4xx_hal_dma.o
       486         40          0          0          0       2120   stm32f4xx_hal_gpio.o
        56          4          0          0          0        794   stm32f4xx_hal_msp.o
       372         44          0          0          0       2806   stm32f4xx_hal_rcc.o
      1072         32          0          0          0       2738   stm32f4xx_hal_rcc_ex.o
       882         80          0          0          0       6734   stm32f4xx_hal_tim.o
       144         28          0          0          0       1300   stm32f4xx_hal_tim_ex.o
      1724         30          0          0          0      12136   stm32f4xx_hal_uart.o
       108         36          0          0          0       5747   stm32f4xx_it.o
         0          0          0          0          0        404   stream_buffer.o
        16          4         24          4          0       1035   system_stm32f4xx.o
      1548        118          0         60        240      19739   tasks.o
       252         32          0          0         72       2143   tim.o
       208         32          0          2         59       2226   uart_user.o
       232         30          0          0        164       1673   usart.o

    ----------------------------------------------------------------------
     16456        908        636        144      25132     968527   Object Totals
         0          0         32          0          0          0   (incl. Generated)
        28          0          4          0          1          0   (incl. Padding)

    ----------------------------------------------------------------------

      Code (inc. data)   RO Data    RW Data    ZI Data      Debug   Library Member Name

         8          0          0          0          0         68   __main.o
         0          0          0          0          0          0   __rtentry.o
        12          0          0          0          0          0   __rtentry2.o
         6          0          0          0          0          0   __rtentry4.o
        52          8          0          0          0          0   __scatter.o
        26          0          0          0          0          0   __scatter_copy.o
        28          0          0          0          0          0   __scatter_zi.o
        22          0          0          0          0        100   _rserrno.o
        18          0          0          0          0         80   exit.o
         6          0          0          0          0        152   heapauxi.o
         0          0          0          0          0          0   indicate_semi.o
         2          0          0          0          0          0   libinit.o
         6          0          0          0          0          0   libinit2.o
         2          0          0          0          0          0   libshutdown.o
         2          0          0          0          0          0   libshutdown2.o
         8          4          0          0         96         68   libspace.o
       238          0          0          0          0        100   lludivv7m.o
         8          4          0          0          0         68   rt_errno_addr_intlibspace.o
        78          0          0          0          0         80   rt_memclr_w.o
       100          0          0          0          0         80   rt_memcpy_w.o
         2          0          0          0          0          0   rtexit.o
        10          0          0          0          0          0   rtexit2.o
        12          4          0          0          0         68   sys_exit.o
        74          0          0          0          0         80   sys_stackheap_outer.o
         2          0          0          0          0         68   use_no_semi.o
        24          0          0          0          0        164   basic.o
        98          4          0          0          0        140   d2f.o
       826         16          0          0          0        492   daddsub_clz.o
       688        140          0          0          0        256   ddiv.o
        94          4          0          0          0        140   dfix.o
        84          0          0          0          0        232   dflt_clz.o
       340         12          0          0          0        152   dmul.o
       156          4          0          0          0        140   dnaninf.o
        12          0          0          0          0        116   dretinf.o
       408         56          0          0          0        168   dsqrt_umaal.o
        86          4          0          0          0        132   f2d.o
       140          4          0          0          0        132   fnaninf.o
        10          0          0          0          0        116   fpinit.o
        10          0          0          0          0        116   fretinf.o
         0          0          0          0          0          0   usenofp.o
       864         94         80          0          0        280   asin.o
       592         90          0          0          0        184   atan2f.o
       200         20          0          0          0        164   cos.o
       368         46         48          0          0        200   cos_i.o
        84         16          0          0          0        372   dunder.o
        24          0          0          0          0        124   fabs.o
        48          0          0          0          0        124   fpclassify.o
        38          0          0          0          0        116   fpclassifyf.o
        22          6          0          0          0        232   funder.o
       248          0          0          0          0        152   poly.o
      1080        142        200          0          0        188   rred.o
       200         20          0          0          0        164   sin.o
       304         24         40          0          0        208   sin_i.o
       110          0          0          0          0        148   sqrt.o

    ----------------------------------------------------------------------
      7900        722        368          0        100       6164   Library Totals
        20          0          0          0          4          0   (incl. Padding)

    ----------------------------------------------------------------------

      Code (inc. data)   RO Data    RW Data    ZI Data      Debug   Library Name

       722         20          0          0         96       1012   c_w.l
      2976        244          0          0          0       2496   fz_wm.l
      4182        458        368          0          0       2656   m_wm.l

    ----------------------------------------------------------------------
      7900        722        368          0        100       6164   Library Totals

    ----------------------------------------------------------------------

==============================================================================


      Code (inc. data)   RO Data    RW Data    ZI Data      Debug   

     24356       1630       1004        144      25232     957075   Grand Totals
     24356       1630       1004        144      25232     957075   ELF Image Totals
     24356       1630       1004        144          0          0   ROM Totals

==============================================================================

    Total RO  Size (Code + RO Data)                25360 (  24.77kB)
    Total RW  Size (RW Data + ZI Data)             25376 (  24.78kB)
    Total ROM Size (Code + RO Data + RW Data)      25504 (  24.91kB)

==============================================================================

